<?xml version="1.0" encoding="UTF-8"?>
<testsuites tests="1041" failures="1" disabled="0" errors="0" time="16937.375" timestamp="2024-11-14T00:10:15.675" name="AllTests">
  <testsuite name="FramerateControllerTest" tests="4" failures="0" disabled="0" skipped="0" errors="0" time="5.946" timestamp="2024-11-14T00:10:15.676">
    <testcase name="FramerateController_OutputFramerateDefault" file="/home/tom/Desktop/tom/auto_tests/merlin_generated_tests.cpp" line="80" status="run" result="completed" time="1.489" timestamp="2024-11-14T00:10:15.676" classname="FramerateControllerTest" />
    <testcase name="Update_FramerateController_OutputFramerateDefault" file="/home/tom/Desktop/tom/auto_tests/merlin_generated_tests.cpp" line="84" status="run" result="completed" time="1.484" timestamp="2024-11-14T00:10:17.165" classname="FramerateControllerTest" />
    <testcase name="FramerateController_OutputFramerateRandom" file="/home/tom/Desktop/tom/auto_tests/merlin_generated_tests.cpp" line="91" status="run" result="completed" time="1.475" timestamp="2024-11-14T00:10:18.649" classname="FramerateControllerTest" />
    <testcase name="Update_FramerateController_OutputFramerateRandom" file="/home/tom/Desktop/tom/auto_tests/merlin_generated_tests.cpp" line="96" status="run" result="completed" time="1.496" timestamp="2024-11-14T00:10:20.125" classname="FramerateControllerTest" />
  </testsuite>
  <testsuite name="PreprocessorTest" tests="16" failures="0" disabled="0" skipped="0" errors="0" time="0.01" timestamp="2024-11-14T00:10:21.622">
    <testcase name="Preprocessor_WidthDefault" file="/home/tom/Desktop/tom/auto_tests/merlin_generated_tests.cpp" line="115" status="run" result="completed" time="0." timestamp="2024-11-14T00:10:21.622" classname="PreprocessorTest" />
    <testcase name="Preprocessor_WidthRandom" file="/home/tom/Desktop/tom/auto_tests/merlin_generated_tests.cpp" line="119" status="run" result="completed" time="0." timestamp="2024-11-14T00:10:21.623" classname="PreprocessorTest" />
    <testcase name="Preprocessor_HeightDefault" file="/home/tom/Desktop/tom/auto_tests/merlin_generated_tests.cpp" line="125" status="run" result="completed" time="0." timestamp="2024-11-14T00:10:21.624" classname="PreprocessorTest" />
    <testcase name="Preprocessor_HeightRandom" file="/home/tom/Desktop/tom/auto_tests/merlin_generated_tests.cpp" line="129" status="run" result="completed" time="0." timestamp="2024-11-14T00:10:21.624" classname="PreprocessorTest" />
    <testcase name="Preprocessor_KeepAspectRatioDefault" file="/home/tom/Desktop/tom/auto_tests/merlin_generated_tests.cpp" line="135" status="run" result="completed" time="0." timestamp="2024-11-14T00:10:21.625" classname="PreprocessorTest" />
    <testcase name="Preprocessor_KeepAspectRatioRandom" file="/home/tom/Desktop/tom/auto_tests/merlin_generated_tests.cpp" line="139" status="run" result="completed" time="0." timestamp="2024-11-14T00:10:21.626" classname="PreprocessorTest" />
    <testcase name="Preprocessor_RotateAngleDefault" file="/home/tom/Desktop/tom/auto_tests/merlin_generated_tests.cpp" line="145" status="run" result="completed" time="0." timestamp="2024-11-14T00:10:21.626" classname="PreprocessorTest" />
    <testcase name="Preprocessor_RotateAngleRandom" file="/home/tom/Desktop/tom/auto_tests/merlin_generated_tests.cpp" line="149" status="run" result="completed" time="0." timestamp="2024-11-14T00:10:21.627" classname="PreprocessorTest" />
    <testcase name="Preprocessor_Roi_XDefault" file="/home/tom/Desktop/tom/auto_tests/merlin_generated_tests.cpp" line="155" status="run" result="completed" time="0." timestamp="2024-11-14T00:10:21.627" classname="PreprocessorTest" />
    <testcase name="Preprocessor_Roi_XRandom" file="/home/tom/Desktop/tom/auto_tests/merlin_generated_tests.cpp" line="159" status="run" result="completed" time="0." timestamp="2024-11-14T00:10:21.628" classname="PreprocessorTest" />
    <testcase name="Preprocessor_Roi_YDefault" file="/home/tom/Desktop/tom/auto_tests/merlin_generated_tests.cpp" line="165" status="run" result="completed" time="0." timestamp="2024-11-14T00:10:21.629" classname="PreprocessorTest" />
    <testcase name="Preprocessor_Roi_YRandom" file="/home/tom/Desktop/tom/auto_tests/merlin_generated_tests.cpp" line="169" status="run" result="completed" time="0." timestamp="2024-11-14T00:10:21.630" classname="PreprocessorTest" />
    <testcase name="Preprocessor_Roi_WidthDefault" file="/home/tom/Desktop/tom/auto_tests/merlin_generated_tests.cpp" line="175" status="run" result="completed" time="0." timestamp="2024-11-14T00:10:21.630" classname="PreprocessorTest" />
    <testcase name="Preprocessor_Roi_WidthRandom" file="/home/tom/Desktop/tom/auto_tests/merlin_generated_tests.cpp" line="179" status="run" result="completed" time="0." timestamp="2024-11-14T00:10:21.631" classname="PreprocessorTest" />
    <testcase name="Preprocessor_Roi_HeightDefault" file="/home/tom/Desktop/tom/auto_tests/merlin_generated_tests.cpp" line="185" status="run" result="completed" time="0." timestamp="2024-11-14T00:10:21.631" classname="PreprocessorTest" />
    <testcase name="Preprocessor_Roi_HeightRandom" file="/home/tom/Desktop/tom/auto_tests/merlin_generated_tests.cpp" line="189" status="run" result="completed" time="0." timestamp="2024-11-14T00:10:21.632" classname="PreprocessorTest" />
  </testsuite>
  <testsuite name="VideoPassthroughTest" tests="4" failures="0" disabled="0" skipped="0" errors="0" time="5.907" timestamp="2024-11-14T00:10:21.632">
    <testcase name="VideoPassthrough_FlowIdDefault" file="/home/tom/Desktop/tom/auto_tests/merlin_generated_tests.cpp" line="220" status="run" result="completed" time="1.486" timestamp="2024-11-14T00:10:21.632" classname="VideoPassthroughTest" />
    <testcase name="Update_VideoPassthrough_FlowIdDefault" file="/home/tom/Desktop/tom/auto_tests/merlin_generated_tests.cpp" line="224" status="run" result="completed" time="1.472" timestamp="2024-11-14T00:10:23.119" classname="VideoPassthroughTest" />
    <testcase name="VideoPassthrough_FlowIdEnum" file="/home/tom/Desktop/tom/auto_tests/merlin_generated_tests.cpp" line="232" status="run" result="completed" time="1.473" timestamp="2024-11-14T00:10:24.591" classname="VideoPassthroughTest" />
    <testcase name="Update_VideoPassthrough_FlowIdEnum" file="/home/tom/Desktop/tom/auto_tests/merlin_generated_tests.cpp" line="239" status="run" result="completed" time="1.475" timestamp="2024-11-14T00:10:26.064" classname="VideoPassthroughTest" />
  </testsuite>
  <testsuite name="FrameRegisterImageTest" tests="4" failures="0" disabled="0" skipped="0" errors="0" time="5.941" timestamp="2024-11-14T00:10:27.539">
    <testcase name="FrameRegisterImage_EnableDefault" file="/home/tom/Desktop/tom/auto_tests/merlin_generated_tests.cpp" line="277" status="run" result="completed" time="1.473" timestamp="2024-11-14T00:10:27.539" classname="FrameRegisterImageTest" />
    <testcase name="Update_FrameRegisterImage_EnableDefault" file="/home/tom/Desktop/tom/auto_tests/merlin_generated_tests.cpp" line="281" status="run" result="completed" time="1.485" timestamp="2024-11-14T00:10:29.013" classname="FrameRegisterImageTest" />
    <testcase name="FrameRegisterImage_EnableRandom" file="/home/tom/Desktop/tom/auto_tests/merlin_generated_tests.cpp" line="288" status="run" result="completed" time="1.507" timestamp="2024-11-14T00:10:30.498" classname="FrameRegisterImageTest" />
    <testcase name="Update_FrameRegisterImage_EnableRandom" file="/home/tom/Desktop/tom/auto_tests/merlin_generated_tests.cpp" line="293" status="run" result="completed" time="1.474" timestamp="2024-11-14T00:10:32.006" classname="FrameRegisterImageTest" />
  </testsuite>
  <testsuite name="FlowSwitcherTest" tests="4" failures="0" disabled="0" skipped="0" errors="0" time="5.886" timestamp="2024-11-14T00:10:33.480">
    <testcase name="FlowSwitcher_FlowIdDefault" file="/home/tom/Desktop/tom/auto_tests/merlin_generated_tests.cpp" line="328" status="run" result="completed" time="1.476" timestamp="2024-11-14T00:10:33.480" classname="FlowSwitcherTest" />
    <testcase name="Update_FlowSwitcher_FlowIdDefault" file="/home/tom/Desktop/tom/auto_tests/merlin_generated_tests.cpp" line="332" status="run" result="completed" time="1.467" timestamp="2024-11-14T00:10:34.957" classname="FlowSwitcherTest" />
    <testcase name="FlowSwitcher_FlowIdEnum" file="/home/tom/Desktop/tom/auto_tests/merlin_generated_tests.cpp" line="340" status="run" result="completed" time="1.468" timestamp="2024-11-14T00:10:36.424" classname="FlowSwitcherTest" />
    <testcase name="Update_FlowSwitcher_FlowIdEnum" file="/home/tom/Desktop/tom/auto_tests/merlin_generated_tests.cpp" line="349" status="run" result="completed" time="1.473" timestamp="2024-11-14T00:10:37.893" classname="FlowSwitcherTest" />
  </testsuite>
  <testsuite name="LockedOnConfigurationTest" tests="4" failures="0" disabled="0" skipped="0" errors="0" time="5.895" timestamp="2024-11-14T00:10:39.367">
    <testcase name="LockedOnConfiguration_LockOnTrackDefault" file="/home/tom/Desktop/tom/auto_tests/merlin_generated_tests.cpp" line="390" status="run" result="completed" time="1.471" timestamp="2024-11-14T00:10:39.367" classname="LockedOnConfigurationTest" />
    <testcase name="Update_LockedOnConfiguration_LockOnTrackDefault" file="/home/tom/Desktop/tom/auto_tests/merlin_generated_tests.cpp" line="394" status="run" result="completed" time="1.474" timestamp="2024-11-14T00:10:40.838" classname="LockedOnConfigurationTest" />
    <testcase name="LockedOnConfiguration_LockOnTrackRandom" file="/home/tom/Desktop/tom/auto_tests/merlin_generated_tests.cpp" line="401" status="run" result="completed" time="1.476" timestamp="2024-11-14T00:10:42.312" classname="LockedOnConfigurationTest" />
    <testcase name="Update_LockedOnConfiguration_LockOnTrackRandom" file="/home/tom/Desktop/tom/auto_tests/merlin_generated_tests.cpp" line="406" status="run" result="completed" time="1.473" timestamp="2024-11-14T00:10:43.789" classname="LockedOnConfigurationTest" />
  </testsuite>
  <testsuite name="GroundRgbDetectorTest" tests="84" failures="0" disabled="0" skipped="0" errors="0" time="125.355" timestamp="2024-11-14T00:10:45.263">
    <testcase name="GroundRgbDetector_Roi_XDefault" file="/home/tom/Desktop/tom/auto_tests/merlin_generated_tests.cpp" line="444" status="run" result="completed" time="1.473" timestamp="2024-11-14T00:10:45.263" classname="GroundRgbDetectorTest" />
    <testcase name="Update_GroundRgbDetector_Roi_XDefault" file="/home/tom/Desktop/tom/auto_tests/merlin_generated_tests.cpp" line="448" status="run" result="completed" time="1.471" timestamp="2024-11-14T00:10:46.736" classname="GroundRgbDetectorTest" />
    <testcase name="GroundRgbDetector_Roi_XRandom" file="/home/tom/Desktop/tom/auto_tests/merlin_generated_tests.cpp" line="455" status="run" result="completed" time="1.487" timestamp="2024-11-14T00:10:48.207" classname="GroundRgbDetectorTest" />
    <testcase name="Update_GroundRgbDetector_Roi_XRandom" file="/home/tom/Desktop/tom/auto_tests/merlin_generated_tests.cpp" line="460" status="run" result="completed" time="1.479" timestamp="2024-11-14T00:10:49.695" classname="GroundRgbDetectorTest" />
    <testcase name="GroundRgbDetector_Roi_YDefault" file="/home/tom/Desktop/tom/auto_tests/merlin_generated_tests.cpp" line="470" status="run" result="completed" time="1.468" timestamp="2024-11-14T00:10:51.174" classname="GroundRgbDetectorTest" />
    <testcase name="Update_GroundRgbDetector_Roi_YDefault" file="/home/tom/Desktop/tom/auto_tests/merlin_generated_tests.cpp" line="474" status="run" result="completed" time="1.472" timestamp="2024-11-14T00:10:52.643" classname="GroundRgbDetectorTest" />
    <testcase name="GroundRgbDetector_Roi_YRandom" file="/home/tom/Desktop/tom/auto_tests/merlin_generated_tests.cpp" line="481" status="run" result="completed" time="1.48" timestamp="2024-11-14T00:10:54.116" classname="GroundRgbDetectorTest" />
    <testcase name="Update_GroundRgbDetector_Roi_YRandom" file="/home/tom/Desktop/tom/auto_tests/merlin_generated_tests.cpp" line="486" status="run" result="completed" time="1.475" timestamp="2024-11-14T00:10:55.597" classname="GroundRgbDetectorTest" />
    <testcase name="GroundRgbDetector_Roi_WidthDefault" file="/home/tom/Desktop/tom/auto_tests/merlin_generated_tests.cpp" line="496" status="run" result="completed" time="1.47" timestamp="2024-11-14T00:10:57.072" classname="GroundRgbDetectorTest" />
    <testcase name="Update_GroundRgbDetector_Roi_WidthDefault" file="/home/tom/Desktop/tom/auto_tests/merlin_generated_tests.cpp" line="500" status="run" result="completed" time="1.464" timestamp="2024-11-14T00:10:58.543" classname="GroundRgbDetectorTest" />
    <testcase name="GroundRgbDetector_Roi_WidthRandom" file="/home/tom/Desktop/tom/auto_tests/merlin_generated_tests.cpp" line="507" status="run" result="completed" time="1.466" timestamp="2024-11-14T00:11:00.007" classname="GroundRgbDetectorTest" />
    <testcase name="Update_GroundRgbDetector_Roi_WidthRandom" file="/home/tom/Desktop/tom/auto_tests/merlin_generated_tests.cpp" line="512" status="run" result="completed" time="1.458" timestamp="2024-11-14T00:11:01.474" classname="GroundRgbDetectorTest" />
    <testcase name="GroundRgbDetector_Roi_HeightDefault" file="/home/tom/Desktop/tom/auto_tests/merlin_generated_tests.cpp" line="522" status="run" result="completed" time="1.463" timestamp="2024-11-14T00:11:02.933" classname="GroundRgbDetectorTest" />
    <testcase name="Update_GroundRgbDetector_Roi_HeightDefault" file="/home/tom/Desktop/tom/auto_tests/merlin_generated_tests.cpp" line="526" status="run" result="completed" time="1.481" timestamp="2024-11-14T00:11:04.396" classname="GroundRgbDetectorTest" />
    <testcase name="GroundRgbDetector_Roi_HeightRandom" file="/home/tom/Desktop/tom/auto_tests/merlin_generated_tests.cpp" line="533" status="run" result="completed" time="1.473" timestamp="2024-11-14T00:11:05.877" classname="GroundRgbDetectorTest" />
    <testcase name="Update_GroundRgbDetector_Roi_HeightRandom" file="/home/tom/Desktop/tom/auto_tests/merlin_generated_tests.cpp" line="538" status="run" result="completed" time="1.454" timestamp="2024-11-14T00:11:07.350" classname="GroundRgbDetectorTest" />
    <testcase name="GroundRgbDetector_Groups__Person___ScoreThreshold_Person_Default" file="/home/tom/Desktop/tom/auto_tests/merlin_generated_tests.cpp" line="548" status="run" result="completed" time="1.456" timestamp="2024-11-14T00:11:08.805" classname="GroundRgbDetectorTest" />
    <testcase name="Update_GroundRgbDetector_Groups__Person___ScoreThreshold_Person_Default" file="/home/tom/Desktop/tom/auto_tests/merlin_generated_tests.cpp" line="552" status="run" result="completed" time="1.465" timestamp="2024-11-14T00:11:10.261" classname="GroundRgbDetectorTest" />
    <testcase name="GroundRgbDetector_Groups__Person___ScoreThreshold_Person_Range" file="/home/tom/Desktop/tom/auto_tests/merlin_generated_tests.cpp" line="559" status="run" result="completed" time="1.474" timestamp="2024-11-14T00:11:11.726" classname="GroundRgbDetectorTest" />
    <testcase name="Update_GroundRgbDetector_Groups__Person___ScoreThreshold_Person_Range" file="/home/tom/Desktop/tom/auto_tests/merlin_generated_tests.cpp" line="568" status="run" result="completed" time="1.972" timestamp="2024-11-14T00:11:13.201" classname="GroundRgbDetectorTest" />
    <testcase name="GroundRgbDetector_Groups__Person___MinWidth_Person_Default" file="/home/tom/Desktop/tom/auto_tests/merlin_generated_tests.cpp" line="581" status="run" result="completed" time="1.471" timestamp="2024-11-14T00:11:15.174" classname="GroundRgbDetectorTest" />
    <testcase name="Update_GroundRgbDetector_Groups__Person___MinWidth_Person_Default" file="/home/tom/Desktop/tom/auto_tests/merlin_generated_tests.cpp" line="585" status="run" result="completed" time="1.472" timestamp="2024-11-14T00:11:16.645" classname="GroundRgbDetectorTest" />
    <testcase name="GroundRgbDetector_Groups__Person___MinWidth_Person_Range" file="/home/tom/Desktop/tom/auto_tests/merlin_generated_tests.cpp" line="592" status="run" result="completed" time="1.469" timestamp="2024-11-14T00:11:18.118" classname="GroundRgbDetectorTest" />
    <testcase name="Update_GroundRgbDetector_Groups__Person___MinWidth_Person_Range" file="/home/tom/Desktop/tom/auto_tests/merlin_generated_tests.cpp" line="601" status="run" result="completed" time="1.46" timestamp="2024-11-14T00:11:19.587" classname="GroundRgbDetectorTest" />
    <testcase name="GroundRgbDetector_Groups__Person___MaxWidth_Person_Default" file="/home/tom/Desktop/tom/auto_tests/merlin_generated_tests.cpp" line="614" status="run" result="completed" time="1.473" timestamp="2024-11-14T00:11:21.047" classname="GroundRgbDetectorTest" />
    <testcase name="Update_GroundRgbDetector_Groups__Person___MaxWidth_Person_Default" file="/home/tom/Desktop/tom/auto_tests/merlin_generated_tests.cpp" line="618" status="run" result="completed" time="1.468" timestamp="2024-11-14T00:11:22.521" classname="GroundRgbDetectorTest" />
    <testcase name="GroundRgbDetector_Groups__Person___MaxWidth_Person_Range" file="/home/tom/Desktop/tom/auto_tests/merlin_generated_tests.cpp" line="625" status="run" result="completed" time="1.47" timestamp="2024-11-14T00:11:23.990" classname="GroundRgbDetectorTest" />
    <testcase name="Update_GroundRgbDetector_Groups__Person___MaxWidth_Person_Range" file="/home/tom/Desktop/tom/auto_tests/merlin_generated_tests.cpp" line="634" status="run" result="completed" time="1.472" timestamp="2024-11-14T00:11:25.460" classname="GroundRgbDetectorTest" />
    <testcase name="GroundRgbDetector_Groups__Person___MinHeight_Person_Default" file="/home/tom/Desktop/tom/auto_tests/merlin_generated_tests.cpp" line="647" status="run" result="completed" time="1.498" timestamp="2024-11-14T00:11:26.933" classname="GroundRgbDetectorTest" />
    <testcase name="Update_GroundRgbDetector_Groups__Person___MinHeight_Person_Default" file="/home/tom/Desktop/tom/auto_tests/merlin_generated_tests.cpp" line="651" status="run" result="completed" time="1.973" timestamp="2024-11-14T00:11:28.432" classname="GroundRgbDetectorTest" />
    <testcase name="GroundRgbDetector_Groups__Person___MinHeight_Person_Range" file="/home/tom/Desktop/tom/auto_tests/merlin_generated_tests.cpp" line="658" status="run" result="completed" time="1.464" timestamp="2024-11-14T00:11:30.405" classname="GroundRgbDetectorTest" />
    <testcase name="Update_GroundRgbDetector_Groups__Person___MinHeight_Person_Range" file="/home/tom/Desktop/tom/auto_tests/merlin_generated_tests.cpp" line="667" status="run" result="completed" time="1.475" timestamp="2024-11-14T00:11:31.869" classname="GroundRgbDetectorTest" />
    <testcase name="GroundRgbDetector_Groups__Person___MaxHeight_Person_Default" file="/home/tom/Desktop/tom/auto_tests/merlin_generated_tests.cpp" line="680" status="run" result="completed" time="1.472" timestamp="2024-11-14T00:11:33.345" classname="GroundRgbDetectorTest" />
    <testcase name="Update_GroundRgbDetector_Groups__Person___MaxHeight_Person_Default" file="/home/tom/Desktop/tom/auto_tests/merlin_generated_tests.cpp" line="684" status="run" result="completed" time="1.462" timestamp="2024-11-14T00:11:34.817" classname="GroundRgbDetectorTest" />
    <testcase name="GroundRgbDetector_Groups__Person___MaxHeight_Person_Range" file="/home/tom/Desktop/tom/auto_tests/merlin_generated_tests.cpp" line="691" status="run" result="completed" time="1.464" timestamp="2024-11-14T00:11:36.280" classname="GroundRgbDetectorTest" />
    <testcase name="Update_GroundRgbDetector_Groups__Person___MaxHeight_Person_Range" file="/home/tom/Desktop/tom/auto_tests/merlin_generated_tests.cpp" line="700" status="run" result="completed" time="1.477" timestamp="2024-11-14T00:11:37.744" classname="GroundRgbDetectorTest" />
    <testcase name="GroundRgbDetector_Groups__Person___MinAspectRatio_Person_Default" file="/home/tom/Desktop/tom/auto_tests/merlin_generated_tests.cpp" line="713" status="run" result="completed" time="1.467" timestamp="2024-11-14T00:11:39.222" classname="GroundRgbDetectorTest" />
    <testcase name="Update_GroundRgbDetector_Groups__Person___MinAspectRatio_Person_Default" file="/home/tom/Desktop/tom/auto_tests/merlin_generated_tests.cpp" line="717" status="run" result="completed" time="1.464" timestamp="2024-11-14T00:11:40.690" classname="GroundRgbDetectorTest" />
    <testcase name="GroundRgbDetector_Groups__Person___MinAspectRatio_Person_Range" file="/home/tom/Desktop/tom/auto_tests/merlin_generated_tests.cpp" line="724" status="run" result="completed" time="1.465" timestamp="2024-11-14T00:11:42.154" classname="GroundRgbDetectorTest" />
    <testcase name="Update_GroundRgbDetector_Groups__Person___MinAspectRatio_Person_Range" file="/home/tom/Desktop/tom/auto_tests/merlin_generated_tests.cpp" line="733" status="run" result="completed" time="1.493" timestamp="2024-11-14T00:11:43.620" classname="GroundRgbDetectorTest" />
    <testcase name="GroundRgbDetector_Groups__Person___MaxAspectRatio_Person_Default" file="/home/tom/Desktop/tom/auto_tests/merlin_generated_tests.cpp" line="746" status="run" result="completed" time="1.465" timestamp="2024-11-14T00:11:45.113" classname="GroundRgbDetectorTest" />
    <testcase name="Update_GroundRgbDetector_Groups__Person___MaxAspectRatio_Person_Default" file="/home/tom/Desktop/tom/auto_tests/merlin_generated_tests.cpp" line="750" status="run" result="completed" time="1.47" timestamp="2024-11-14T00:11:46.579" classname="GroundRgbDetectorTest" />
    <testcase name="GroundRgbDetector_Groups__Person___MaxAspectRatio_Person_Range" file="/home/tom/Desktop/tom/auto_tests/merlin_generated_tests.cpp" line="757" status="run" result="completed" time="1.458" timestamp="2024-11-14T00:11:48.049" classname="GroundRgbDetectorTest" />
    <testcase name="Update_GroundRgbDetector_Groups__Person___MaxAspectRatio_Person_Range" file="/home/tom/Desktop/tom/auto_tests/merlin_generated_tests.cpp" line="766" status="run" result="completed" time="1.457" timestamp="2024-11-14T00:11:49.508" classname="GroundRgbDetectorTest" />
    <testcase name="GroundRgbDetector_Groups__Vehicle___ScoreThreshold_Vehicle_Default" file="/home/tom/Desktop/tom/auto_tests/merlin_generated_tests.cpp" line="779" status="run" result="completed" time="1.46" timestamp="2024-11-14T00:11:50.965" classname="GroundRgbDetectorTest" />
    <testcase name="Update_GroundRgbDetector_Groups__Vehicle___ScoreThreshold_Vehicle_Default" file="/home/tom/Desktop/tom/auto_tests/merlin_generated_tests.cpp" line="783" status="run" result="completed" time="1.467" timestamp="2024-11-14T00:11:52.426" classname="GroundRgbDetectorTest" />
    <testcase name="GroundRgbDetector_Groups__Vehicle___ScoreThreshold_Vehicle_Range" file="/home/tom/Desktop/tom/auto_tests/merlin_generated_tests.cpp" line="790" status="run" result="completed" time="1.487" timestamp="2024-11-14T00:11:53.894" classname="GroundRgbDetectorTest" />
    <testcase name="Update_GroundRgbDetector_Groups__Vehicle___ScoreThreshold_Vehicle_Range" file="/home/tom/Desktop/tom/auto_tests/merlin_generated_tests.cpp" line="799" status="run" result="completed" time="1.458" timestamp="2024-11-14T00:11:55.381" classname="GroundRgbDetectorTest" />
    <testcase name="GroundRgbDetector_Groups__Vehicle___MinWidth_Vehicle_Default" file="/home/tom/Desktop/tom/auto_tests/merlin_generated_tests.cpp" line="812" status="run" result="completed" time="1.452" timestamp="2024-11-14T00:11:56.840" classname="GroundRgbDetectorTest" />
    <testcase name="Update_GroundRgbDetector_Groups__Vehicle___MinWidth_Vehicle_Default" file="/home/tom/Desktop/tom/auto_tests/merlin_generated_tests.cpp" line="816" status="run" result="completed" time="1.483" timestamp="2024-11-14T00:11:58.293" classname="GroundRgbDetectorTest" />
    <testcase name="GroundRgbDetector_Groups__Vehicle___MinWidth_Vehicle_Range" file="/home/tom/Desktop/tom/auto_tests/merlin_generated_tests.cpp" line="823" status="run" result="completed" time="1.479" timestamp="2024-11-14T00:11:59.776" classname="GroundRgbDetectorTest" />
    <testcase name="Update_GroundRgbDetector_Groups__Vehicle___MinWidth_Vehicle_Range" file="/home/tom/Desktop/tom/auto_tests/merlin_generated_tests.cpp" line="832" status="run" result="completed" time="1.455" timestamp="2024-11-14T00:12:01.256" classname="GroundRgbDetectorTest" />
    <testcase name="GroundRgbDetector_Groups__Vehicle___MaxWidth_Vehicle_Default" file="/home/tom/Desktop/tom/auto_tests/merlin_generated_tests.cpp" line="845" status="run" result="completed" time="1.448" timestamp="2024-11-14T00:12:02.712" classname="GroundRgbDetectorTest" />
    <testcase name="Update_GroundRgbDetector_Groups__Vehicle___MaxWidth_Vehicle_Default" file="/home/tom/Desktop/tom/auto_tests/merlin_generated_tests.cpp" line="849" status="run" result="completed" time="1.472" timestamp="2024-11-14T00:12:04.160" classname="GroundRgbDetectorTest" />
    <testcase name="GroundRgbDetector_Groups__Vehicle___MaxWidth_Vehicle_Range" file="/home/tom/Desktop/tom/auto_tests/merlin_generated_tests.cpp" line="856" status="run" result="completed" time="1.475" timestamp="2024-11-14T00:12:05.633" classname="GroundRgbDetectorTest" />
    <testcase name="Update_GroundRgbDetector_Groups__Vehicle___MaxWidth_Vehicle_Range" file="/home/tom/Desktop/tom/auto_tests/merlin_generated_tests.cpp" line="865" status="run" result="completed" time="1.468" timestamp="2024-11-14T00:12:07.109" classname="GroundRgbDetectorTest" />
    <testcase name="GroundRgbDetector_Groups__Vehicle___MinHeight_Vehicle_Default" file="/home/tom/Desktop/tom/auto_tests/merlin_generated_tests.cpp" line="878" status="run" result="completed" time="1.468" timestamp="2024-11-14T00:12:08.578" classname="GroundRgbDetectorTest" />
    <testcase name="Update_GroundRgbDetector_Groups__Vehicle___MinHeight_Vehicle_Default" file="/home/tom/Desktop/tom/auto_tests/merlin_generated_tests.cpp" line="882" status="run" result="completed" time="1.454" timestamp="2024-11-14T00:12:10.046" classname="GroundRgbDetectorTest" />
    <testcase name="GroundRgbDetector_Groups__Vehicle___MinHeight_Vehicle_Range" file="/home/tom/Desktop/tom/auto_tests/merlin_generated_tests.cpp" line="889" status="run" result="completed" time="1.462" timestamp="2024-11-14T00:12:11.501" classname="GroundRgbDetectorTest" />
    <testcase name="Update_GroundRgbDetector_Groups__Vehicle___MinHeight_Vehicle_Range" file="/home/tom/Desktop/tom/auto_tests/merlin_generated_tests.cpp" line="898" status="run" result="completed" time="1.463" timestamp="2024-11-14T00:12:12.963" classname="GroundRgbDetectorTest" />
    <testcase name="GroundRgbDetector_Groups__Vehicle___MaxHeight_Vehicle_Default" file="/home/tom/Desktop/tom/auto_tests/merlin_generated_tests.cpp" line="911" status="run" result="completed" time="1.966" timestamp="2024-11-14T00:12:14.427" classname="GroundRgbDetectorTest" />
    <testcase name="Update_GroundRgbDetector_Groups__Vehicle___MaxHeight_Vehicle_Default" file="/home/tom/Desktop/tom/auto_tests/merlin_generated_tests.cpp" line="915" status="run" result="completed" time="1.459" timestamp="2024-11-14T00:12:16.393" classname="GroundRgbDetectorTest" />
    <testcase name="GroundRgbDetector_Groups__Vehicle___MaxHeight_Vehicle_Range" file="/home/tom/Desktop/tom/auto_tests/merlin_generated_tests.cpp" line="922" status="run" result="completed" time="1.463" timestamp="2024-11-14T00:12:17.853" classname="GroundRgbDetectorTest" />
    <testcase name="Update_GroundRgbDetector_Groups__Vehicle___MaxHeight_Vehicle_Range" file="/home/tom/Desktop/tom/auto_tests/merlin_generated_tests.cpp" line="931" status="run" result="completed" time="1.467" timestamp="2024-11-14T00:12:19.316" classname="GroundRgbDetectorTest" />
    <testcase name="GroundRgbDetector_Groups__Vehicle___MinAspectRatio_Vehicle_Default" file="/home/tom/Desktop/tom/auto_tests/merlin_generated_tests.cpp" line="944" status="run" result="completed" time="1.445" timestamp="2024-11-14T00:12:20.784" classname="GroundRgbDetectorTest" />
    <testcase name="Update_GroundRgbDetector_Groups__Vehicle___MinAspectRatio_Vehicle_Default" file="/home/tom/Desktop/tom/auto_tests/merlin_generated_tests.cpp" line="948" status="run" result="completed" time="1.46" timestamp="2024-11-14T00:12:22.230" classname="GroundRgbDetectorTest" />
    <testcase name="GroundRgbDetector_Groups__Vehicle___MinAspectRatio_Vehicle_Range" file="/home/tom/Desktop/tom/auto_tests/merlin_generated_tests.cpp" line="955" status="run" result="completed" time="1.478" timestamp="2024-11-14T00:12:23.691" classname="GroundRgbDetectorTest" />
    <testcase name="Update_GroundRgbDetector_Groups__Vehicle___MinAspectRatio_Vehicle_Range" file="/home/tom/Desktop/tom/auto_tests/merlin_generated_tests.cpp" line="964" status="run" result="completed" time="1.463" timestamp="2024-11-14T00:12:25.170" classname="GroundRgbDetectorTest" />
    <testcase name="GroundRgbDetector_Groups__Vehicle___MaxAspectRatio_Vehicle_Default" file="/home/tom/Desktop/tom/auto_tests/merlin_generated_tests.cpp" line="977" status="run" result="completed" time="1.971" timestamp="2024-11-14T00:12:26.633" classname="GroundRgbDetectorTest" />
    <testcase name="Update_GroundRgbDetector_Groups__Vehicle___MaxAspectRatio_Vehicle_Default" file="/home/tom/Desktop/tom/auto_tests/merlin_generated_tests.cpp" line="981" status="run" result="completed" time="1.481" timestamp="2024-11-14T00:12:28.604" classname="GroundRgbDetectorTest" />
    <testcase name="GroundRgbDetector_Groups__Vehicle___MaxAspectRatio_Vehicle_Range" file="/home/tom/Desktop/tom/auto_tests/merlin_generated_tests.cpp" line="988" status="run" result="completed" time="1.467" timestamp="2024-11-14T00:12:30.086" classname="GroundRgbDetectorTest" />
    <testcase name="Update_GroundRgbDetector_Groups__Vehicle___MaxAspectRatio_Vehicle_Range" file="/home/tom/Desktop/tom/auto_tests/merlin_generated_tests.cpp" line="997" status="run" result="completed" time="1.453" timestamp="2024-11-14T00:12:31.553" classname="GroundRgbDetectorTest" />
    <testcase name="GroundRgbDetector_AveragePixelValue0Default" file="/home/tom/Desktop/tom/auto_tests/merlin_generated_tests.cpp" line="1010" status="run" result="completed" time="1.459" timestamp="2024-11-14T00:12:33.007" classname="GroundRgbDetectorTest" />
    <testcase name="Update_GroundRgbDetector_AveragePixelValue0Default" file="/home/tom/Desktop/tom/auto_tests/merlin_generated_tests.cpp" line="1014" status="run" result="completed" time="1.471" timestamp="2024-11-14T00:12:34.466" classname="GroundRgbDetectorTest" />
    <testcase name="GroundRgbDetector_AveragePixelValue0Random" file="/home/tom/Desktop/tom/auto_tests/merlin_generated_tests.cpp" line="1021" status="run" result="completed" time="1.494" timestamp="2024-11-14T00:12:35.937" classname="GroundRgbDetectorTest" />
    <testcase name="Update_GroundRgbDetector_AveragePixelValue0Random" file="/home/tom/Desktop/tom/auto_tests/merlin_generated_tests.cpp" line="1026" status="run" result="completed" time="1.461" timestamp="2024-11-14T00:12:37.432" classname="GroundRgbDetectorTest" />
    <testcase name="GroundRgbDetector_PixelValueStandardDeviation0Default" file="/home/tom/Desktop/tom/auto_tests/merlin_generated_tests.cpp" line="1036" status="run" result="completed" time="1.465" timestamp="2024-11-14T00:12:38.893" classname="GroundRgbDetectorTest" />
    <testcase name="Update_GroundRgbDetector_PixelValueStandardDeviation0Default" file="/home/tom/Desktop/tom/auto_tests/merlin_generated_tests.cpp" line="1040" status="run" result="completed" time="1.465" timestamp="2024-11-14T00:12:40.359" classname="GroundRgbDetectorTest" />
    <testcase name="GroundRgbDetector_PixelValueStandardDeviation0Random" file="/home/tom/Desktop/tom/auto_tests/merlin_generated_tests.cpp" line="1047" status="run" result="completed" time="1.468" timestamp="2024-11-14T00:12:41.824" classname="GroundRgbDetectorTest" />
    <testcase name="Update_GroundRgbDetector_PixelValueStandardDeviation0Random" file="/home/tom/Desktop/tom/auto_tests/merlin_generated_tests.cpp" line="1052" status="run" result="completed" time="1.46" timestamp="2024-11-14T00:12:43.292" classname="GroundRgbDetectorTest" />
    <testcase name="GroundRgbDetector_MaxDetectionsDefault" file="/home/tom/Desktop/tom/auto_tests/merlin_generated_tests.cpp" line="1062" status="run" result="completed" time="1.482" timestamp="2024-11-14T00:12:44.753" classname="GroundRgbDetectorTest" />
    <testcase name="Update_GroundRgbDetector_MaxDetectionsDefault" file="/home/tom/Desktop/tom/auto_tests/merlin_generated_tests.cpp" line="1066" status="run" result="completed" time="1.459" timestamp="2024-11-14T00:12:46.236" classname="GroundRgbDetectorTest" />
    <testcase name="GroundRgbDetector_MaxDetectionsRandom" file="/home/tom/Desktop/tom/auto_tests/merlin_generated_tests.cpp" line="1073" status="run" result="completed" time="1.457" timestamp="2024-11-14T00:12:47.696" classname="GroundRgbDetectorTest" />
    <testcase name="Update_GroundRgbDetector_MaxDetectionsRandom" file="/home/tom/Desktop/tom/auto_tests/merlin_generated_tests.cpp" line="1078" status="run" result="completed" time="1.465" timestamp="2024-11-14T00:12:49.153" classname="GroundRgbDetectorTest" />
  </testsuite>
  <testsuite name="GroundMwirDetectorTest" tests="84" failures="0" disabled="0" skipped="0" errors="0" time="123.027" timestamp="2024-11-14T00:12:50.619">
    <testcase name="GroundMwirDetector_Roi_XDefault" file="/home/tom/Desktop/tom/auto_tests/merlin_generated_tests.cpp" line="1116" status="run" result="completed" time="1.463" timestamp="2024-11-14T00:12:50.619" classname="GroundMwirDetectorTest" />
    <testcase name="Update_GroundMwirDetector_Roi_XDefault" file="/home/tom/Desktop/tom/auto_tests/merlin_generated_tests.cpp" line="1120" status="run" result="completed" time="1.458" timestamp="2024-11-14T00:12:52.083" classname="GroundMwirDetectorTest" />
    <testcase name="GroundMwirDetector_Roi_XRandom" file="/home/tom/Desktop/tom/auto_tests/merlin_generated_tests.cpp" line="1127" status="run" result="completed" time="1.461" timestamp="2024-11-14T00:12:53.541" classname="GroundMwirDetectorTest" />
    <testcase name="Update_GroundMwirDetector_Roi_XRandom" file="/home/tom/Desktop/tom/auto_tests/merlin_generated_tests.cpp" line="1132" status="run" result="completed" time="1.486" timestamp="2024-11-14T00:12:55.002" classname="GroundMwirDetectorTest" />
    <testcase name="GroundMwirDetector_Roi_YDefault" file="/home/tom/Desktop/tom/auto_tests/merlin_generated_tests.cpp" line="1142" status="run" result="completed" time="1.461" timestamp="2024-11-14T00:12:56.489" classname="GroundMwirDetectorTest" />
    <testcase name="Update_GroundMwirDetector_Roi_YDefault" file="/home/tom/Desktop/tom/auto_tests/merlin_generated_tests.cpp" line="1146" status="run" result="completed" time="1.475" timestamp="2024-11-14T00:12:57.950" classname="GroundMwirDetectorTest" />
    <testcase name="GroundMwirDetector_Roi_YRandom" file="/home/tom/Desktop/tom/auto_tests/merlin_generated_tests.cpp" line="1153" status="run" result="completed" time="1.464" timestamp="2024-11-14T00:12:59.426" classname="GroundMwirDetectorTest" />
    <testcase name="Update_GroundMwirDetector_Roi_YRandom" file="/home/tom/Desktop/tom/auto_tests/merlin_generated_tests.cpp" line="1158" status="run" result="completed" time="1.468" timestamp="2024-11-14T00:13:00.890" classname="GroundMwirDetectorTest" />
    <testcase name="GroundMwirDetector_Roi_WidthDefault" file="/home/tom/Desktop/tom/auto_tests/merlin_generated_tests.cpp" line="1168" status="run" result="completed" time="1.457" timestamp="2024-11-14T00:13:02.359" classname="GroundMwirDetectorTest" />
    <testcase name="Update_GroundMwirDetector_Roi_WidthDefault" file="/home/tom/Desktop/tom/auto_tests/merlin_generated_tests.cpp" line="1172" status="run" result="completed" time="1.44" timestamp="2024-11-14T00:13:03.816" classname="GroundMwirDetectorTest" />
    <testcase name="GroundMwirDetector_Roi_WidthRandom" file="/home/tom/Desktop/tom/auto_tests/merlin_generated_tests.cpp" line="1179" status="run" result="completed" time="1.478" timestamp="2024-11-14T00:13:05.256" classname="GroundMwirDetectorTest" />
    <testcase name="Update_GroundMwirDetector_Roi_WidthRandom" file="/home/tom/Desktop/tom/auto_tests/merlin_generated_tests.cpp" line="1184" status="run" result="completed" time="1.465" timestamp="2024-11-14T00:13:06.735" classname="GroundMwirDetectorTest" />
    <testcase name="GroundMwirDetector_Roi_HeightDefault" file="/home/tom/Desktop/tom/auto_tests/merlin_generated_tests.cpp" line="1194" status="run" result="completed" time="1.478" timestamp="2024-11-14T00:13:08.201" classname="GroundMwirDetectorTest" />
    <testcase name="Update_GroundMwirDetector_Roi_HeightDefault" file="/home/tom/Desktop/tom/auto_tests/merlin_generated_tests.cpp" line="1198" status="run" result="completed" time="1.458" timestamp="2024-11-14T00:13:09.679" classname="GroundMwirDetectorTest" />
    <testcase name="GroundMwirDetector_Roi_HeightRandom" file="/home/tom/Desktop/tom/auto_tests/merlin_generated_tests.cpp" line="1205" status="run" result="completed" time="1.46" timestamp="2024-11-14T00:13:11.138" classname="GroundMwirDetectorTest" />
    <testcase name="Update_GroundMwirDetector_Roi_HeightRandom" file="/home/tom/Desktop/tom/auto_tests/merlin_generated_tests.cpp" line="1210" status="run" result="completed" time="1.452" timestamp="2024-11-14T00:13:12.599" classname="GroundMwirDetectorTest" />
    <testcase name="GroundMwirDetector_Groups__Person___ScoreThreshold_Person_Default" file="/home/tom/Desktop/tom/auto_tests/merlin_generated_tests.cpp" line="1220" status="run" result="completed" time="1.475" timestamp="2024-11-14T00:13:14.051" classname="GroundMwirDetectorTest" />
    <testcase name="Update_GroundMwirDetector_Groups__Person___ScoreThreshold_Person_Default" file="/home/tom/Desktop/tom/auto_tests/merlin_generated_tests.cpp" line="1224" status="run" result="completed" time="1.468" timestamp="2024-11-14T00:13:15.527" classname="GroundMwirDetectorTest" />
    <testcase name="GroundMwirDetector_Groups__Person___ScoreThreshold_Person_Range" file="/home/tom/Desktop/tom/auto_tests/merlin_generated_tests.cpp" line="1231" status="run" result="completed" time="1.458" timestamp="2024-11-14T00:13:16.995" classname="GroundMwirDetectorTest" />
    <testcase name="Update_GroundMwirDetector_Groups__Person___ScoreThreshold_Person_Range" file="/home/tom/Desktop/tom/auto_tests/merlin_generated_tests.cpp" line="1240" status="run" result="completed" time="1.468" timestamp="2024-11-14T00:13:18.454" classname="GroundMwirDetectorTest" />
    <testcase name="GroundMwirDetector_Groups__Person___MinWidth_Person_Default" file="/home/tom/Desktop/tom/auto_tests/merlin_generated_tests.cpp" line="1253" status="run" result="completed" time="1.485" timestamp="2024-11-14T00:13:19.922" classname="GroundMwirDetectorTest" />
    <testcase name="Update_GroundMwirDetector_Groups__Person___MinWidth_Person_Default" file="/home/tom/Desktop/tom/auto_tests/merlin_generated_tests.cpp" line="1257" status="run" result="completed" time="1.46" timestamp="2024-11-14T00:13:21.408" classname="GroundMwirDetectorTest" />
    <testcase name="GroundMwirDetector_Groups__Person___MinWidth_Person_Range" file="/home/tom/Desktop/tom/auto_tests/merlin_generated_tests.cpp" line="1264" status="run" result="completed" time="1.456" timestamp="2024-11-14T00:13:22.869" classname="GroundMwirDetectorTest" />
    <testcase name="Update_GroundMwirDetector_Groups__Person___MinWidth_Person_Range" file="/home/tom/Desktop/tom/auto_tests/merlin_generated_tests.cpp" line="1273" status="run" result="completed" time="1.464" timestamp="2024-11-14T00:13:24.326" classname="GroundMwirDetectorTest" />
    <testcase name="GroundMwirDetector_Groups__Person___MaxWidth_Person_Default" file="/home/tom/Desktop/tom/auto_tests/merlin_generated_tests.cpp" line="1286" status="run" result="completed" time="1.466" timestamp="2024-11-14T00:13:25.790" classname="GroundMwirDetectorTest" />
    <testcase name="Update_GroundMwirDetector_Groups__Person___MaxWidth_Person_Default" file="/home/tom/Desktop/tom/auto_tests/merlin_generated_tests.cpp" line="1290" status="run" result="completed" time="1.455" timestamp="2024-11-14T00:13:27.257" classname="GroundMwirDetectorTest" />
    <testcase name="GroundMwirDetector_Groups__Person___MaxWidth_Person_Range" file="/home/tom/Desktop/tom/auto_tests/merlin_generated_tests.cpp" line="1297" status="run" result="completed" time="1.453" timestamp="2024-11-14T00:13:28.712" classname="GroundMwirDetectorTest" />
    <testcase name="Update_GroundMwirDetector_Groups__Person___MaxWidth_Person_Range" file="/home/tom/Desktop/tom/auto_tests/merlin_generated_tests.cpp" line="1306" status="run" result="completed" time="1.474" timestamp="2024-11-14T00:13:30.166" classname="GroundMwirDetectorTest" />
    <testcase name="GroundMwirDetector_Groups__Person___MinHeight_Person_Default" file="/home/tom/Desktop/tom/auto_tests/merlin_generated_tests.cpp" line="1319" status="run" result="completed" time="1.459" timestamp="2024-11-14T00:13:31.640" classname="GroundMwirDetectorTest" />
    <testcase name="Update_GroundMwirDetector_Groups__Person___MinHeight_Person_Default" file="/home/tom/Desktop/tom/auto_tests/merlin_generated_tests.cpp" line="1323" status="run" result="completed" time="1.463" timestamp="2024-11-14T00:13:33.099" classname="GroundMwirDetectorTest" />
    <testcase name="GroundMwirDetector_Groups__Person___MinHeight_Person_Range" file="/home/tom/Desktop/tom/auto_tests/merlin_generated_tests.cpp" line="1330" status="run" result="completed" time="1.465" timestamp="2024-11-14T00:13:34.563" classname="GroundMwirDetectorTest" />
    <testcase name="Update_GroundMwirDetector_Groups__Person___MinHeight_Person_Range" file="/home/tom/Desktop/tom/auto_tests/merlin_generated_tests.cpp" line="1339" status="run" result="completed" time="1.461" timestamp="2024-11-14T00:13:36.029" classname="GroundMwirDetectorTest" />
    <testcase name="GroundMwirDetector_Groups__Person___MaxHeight_Person_Default" file="/home/tom/Desktop/tom/auto_tests/merlin_generated_tests.cpp" line="1352" status="run" result="completed" time="1.453" timestamp="2024-11-14T00:13:37.490" classname="GroundMwirDetectorTest" />
    <testcase name="Update_GroundMwirDetector_Groups__Person___MaxHeight_Person_Default" file="/home/tom/Desktop/tom/auto_tests/merlin_generated_tests.cpp" line="1356" status="run" result="completed" time="1.465" timestamp="2024-11-14T00:13:38.944" classname="GroundMwirDetectorTest" />
    <testcase name="GroundMwirDetector_Groups__Person___MaxHeight_Person_Range" file="/home/tom/Desktop/tom/auto_tests/merlin_generated_tests.cpp" line="1363" status="run" result="completed" time="1.487" timestamp="2024-11-14T00:13:40.409" classname="GroundMwirDetectorTest" />
    <testcase name="Update_GroundMwirDetector_Groups__Person___MaxHeight_Person_Range" file="/home/tom/Desktop/tom/auto_tests/merlin_generated_tests.cpp" line="1372" status="run" result="completed" time="1.455" timestamp="2024-11-14T00:13:41.896" classname="GroundMwirDetectorTest" />
    <testcase name="GroundMwirDetector_Groups__Person___MinAspectRatio_Person_Default" file="/home/tom/Desktop/tom/auto_tests/merlin_generated_tests.cpp" line="1385" status="run" result="completed" time="1.46" timestamp="2024-11-14T00:13:43.352" classname="GroundMwirDetectorTest" />
    <testcase name="Update_GroundMwirDetector_Groups__Person___MinAspectRatio_Person_Default" file="/home/tom/Desktop/tom/auto_tests/merlin_generated_tests.cpp" line="1389" status="run" result="completed" time="1.463" timestamp="2024-11-14T00:13:44.813" classname="GroundMwirDetectorTest" />
    <testcase name="GroundMwirDetector_Groups__Person___MinAspectRatio_Person_Range" file="/home/tom/Desktop/tom/auto_tests/merlin_generated_tests.cpp" line="1396" status="run" result="completed" time="1.455" timestamp="2024-11-14T00:13:46.277" classname="GroundMwirDetectorTest" />
    <testcase name="Update_GroundMwirDetector_Groups__Person___MinAspectRatio_Person_Range" file="/home/tom/Desktop/tom/auto_tests/merlin_generated_tests.cpp" line="1405" status="run" result="completed" time="1.468" timestamp="2024-11-14T00:13:47.732" classname="GroundMwirDetectorTest" />
    <testcase name="GroundMwirDetector_Groups__Person___MaxAspectRatio_Person_Default" file="/home/tom/Desktop/tom/auto_tests/merlin_generated_tests.cpp" line="1418" status="run" result="completed" time="1.459" timestamp="2024-11-14T00:13:49.201" classname="GroundMwirDetectorTest" />
    <testcase name="Update_GroundMwirDetector_Groups__Person___MaxAspectRatio_Person_Default" file="/home/tom/Desktop/tom/auto_tests/merlin_generated_tests.cpp" line="1422" status="run" result="completed" time="1.477" timestamp="2024-11-14T00:13:50.661" classname="GroundMwirDetectorTest" />
    <testcase name="GroundMwirDetector_Groups__Person___MaxAspectRatio_Person_Range" file="/home/tom/Desktop/tom/auto_tests/merlin_generated_tests.cpp" line="1429" status="run" result="completed" time="1.45" timestamp="2024-11-14T00:13:52.139" classname="GroundMwirDetectorTest" />
    <testcase name="Update_GroundMwirDetector_Groups__Person___MaxAspectRatio_Person_Range" file="/home/tom/Desktop/tom/auto_tests/merlin_generated_tests.cpp" line="1438" status="run" result="completed" time="1.456" timestamp="2024-11-14T00:13:53.590" classname="GroundMwirDetectorTest" />
    <testcase name="GroundMwirDetector_Groups__Vehicle___ScoreThreshold_Vehicle_Default" file="/home/tom/Desktop/tom/auto_tests/merlin_generated_tests.cpp" line="1451" status="run" result="completed" time="1.464" timestamp="2024-11-14T00:13:55.047" classname="GroundMwirDetectorTest" />
    <testcase name="Update_GroundMwirDetector_Groups__Vehicle___ScoreThreshold_Vehicle_Default" file="/home/tom/Desktop/tom/auto_tests/merlin_generated_tests.cpp" line="1455" status="run" result="completed" time="1.455" timestamp="2024-11-14T00:13:56.511" classname="GroundMwirDetectorTest" />
    <testcase name="GroundMwirDetector_Groups__Vehicle___ScoreThreshold_Vehicle_Range" file="/home/tom/Desktop/tom/auto_tests/merlin_generated_tests.cpp" line="1462" status="run" result="completed" time="1.478" timestamp="2024-11-14T00:13:57.967" classname="GroundMwirDetectorTest" />
    <testcase name="Update_GroundMwirDetector_Groups__Vehicle___ScoreThreshold_Vehicle_Range" file="/home/tom/Desktop/tom/auto_tests/merlin_generated_tests.cpp" line="1471" status="run" result="completed" time="1.464" timestamp="2024-11-14T00:13:59.445" classname="GroundMwirDetectorTest" />
    <testcase name="GroundMwirDetector_Groups__Vehicle___MinWidth_Vehicle_Default" file="/home/tom/Desktop/tom/auto_tests/merlin_generated_tests.cpp" line="1484" status="run" result="completed" time="1.459" timestamp="2024-11-14T00:14:00.910" classname="GroundMwirDetectorTest" />
    <testcase name="Update_GroundMwirDetector_Groups__Vehicle___MinWidth_Vehicle_Default" file="/home/tom/Desktop/tom/auto_tests/merlin_generated_tests.cpp" line="1488" status="run" result="completed" time="1.46" timestamp="2024-11-14T00:14:02.370" classname="GroundMwirDetectorTest" />
    <testcase name="GroundMwirDetector_Groups__Vehicle___MinWidth_Vehicle_Range" file="/home/tom/Desktop/tom/auto_tests/merlin_generated_tests.cpp" line="1495" status="run" result="completed" time="1.458" timestamp="2024-11-14T00:14:03.830" classname="GroundMwirDetectorTest" />
    <testcase name="Update_GroundMwirDetector_Groups__Vehicle___MinWidth_Vehicle_Range" file="/home/tom/Desktop/tom/auto_tests/merlin_generated_tests.cpp" line="1504" status="run" result="completed" time="1.465" timestamp="2024-11-14T00:14:05.289" classname="GroundMwirDetectorTest" />
    <testcase name="GroundMwirDetector_Groups__Vehicle___MaxWidth_Vehicle_Default" file="/home/tom/Desktop/tom/auto_tests/merlin_generated_tests.cpp" line="1517" status="run" result="completed" time="1.463" timestamp="2024-11-14T00:14:06.754" classname="GroundMwirDetectorTest" />
    <testcase name="Update_GroundMwirDetector_Groups__Vehicle___MaxWidth_Vehicle_Default" file="/home/tom/Desktop/tom/auto_tests/merlin_generated_tests.cpp" line="1521" status="run" result="completed" time="1.455" timestamp="2024-11-14T00:14:08.218" classname="GroundMwirDetectorTest" />
    <testcase name="GroundMwirDetector_Groups__Vehicle___MaxWidth_Vehicle_Range" file="/home/tom/Desktop/tom/auto_tests/merlin_generated_tests.cpp" line="1528" status="run" result="completed" time="1.466" timestamp="2024-11-14T00:14:09.673" classname="GroundMwirDetectorTest" />
    <testcase name="Update_GroundMwirDetector_Groups__Vehicle___MaxWidth_Vehicle_Range" file="/home/tom/Desktop/tom/auto_tests/merlin_generated_tests.cpp" line="1537" status="run" result="completed" time="1.468" timestamp="2024-11-14T00:14:11.140" classname="GroundMwirDetectorTest" />
    <testcase name="GroundMwirDetector_Groups__Vehicle___MinHeight_Vehicle_Default" file="/home/tom/Desktop/tom/auto_tests/merlin_generated_tests.cpp" line="1550" status="run" result="completed" time="1.47" timestamp="2024-11-14T00:14:12.609" classname="GroundMwirDetectorTest" />
    <testcase name="Update_GroundMwirDetector_Groups__Vehicle___MinHeight_Vehicle_Default" file="/home/tom/Desktop/tom/auto_tests/merlin_generated_tests.cpp" line="1554" status="run" result="completed" time="1.453" timestamp="2024-11-14T00:14:14.079" classname="GroundMwirDetectorTest" />
    <testcase name="GroundMwirDetector_Groups__Vehicle___MinHeight_Vehicle_Range" file="/home/tom/Desktop/tom/auto_tests/merlin_generated_tests.cpp" line="1561" status="run" result="completed" time="1.466" timestamp="2024-11-14T00:14:15.532" classname="GroundMwirDetectorTest" />
    <testcase name="Update_GroundMwirDetector_Groups__Vehicle___MinHeight_Vehicle_Range" file="/home/tom/Desktop/tom/auto_tests/merlin_generated_tests.cpp" line="1570" status="run" result="completed" time="1.46" timestamp="2024-11-14T00:14:16.999" classname="GroundMwirDetectorTest" />
    <testcase name="GroundMwirDetector_Groups__Vehicle___MaxHeight_Vehicle_Default" file="/home/tom/Desktop/tom/auto_tests/merlin_generated_tests.cpp" line="1583" status="run" result="completed" time="1.465" timestamp="2024-11-14T00:14:18.460" classname="GroundMwirDetectorTest" />
    <testcase name="Update_GroundMwirDetector_Groups__Vehicle___MaxHeight_Vehicle_Default" file="/home/tom/Desktop/tom/auto_tests/merlin_generated_tests.cpp" line="1587" status="run" result="completed" time="1.471" timestamp="2024-11-14T00:14:19.926" classname="GroundMwirDetectorTest" />
    <testcase name="GroundMwirDetector_Groups__Vehicle___MaxHeight_Vehicle_Range" file="/home/tom/Desktop/tom/auto_tests/merlin_generated_tests.cpp" line="1594" status="run" result="completed" time="1.449" timestamp="2024-11-14T00:14:21.398" classname="GroundMwirDetectorTest" />
    <testcase name="Update_GroundMwirDetector_Groups__Vehicle___MaxHeight_Vehicle_Range" file="/home/tom/Desktop/tom/auto_tests/merlin_generated_tests.cpp" line="1603" status="run" result="completed" time="1.457" timestamp="2024-11-14T00:14:22.847" classname="GroundMwirDetectorTest" />
    <testcase name="GroundMwirDetector_Groups__Vehicle___MinAspectRatio_Vehicle_Default" file="/home/tom/Desktop/tom/auto_tests/merlin_generated_tests.cpp" line="1616" status="run" result="completed" time="1.451" timestamp="2024-11-14T00:14:24.305" classname="GroundMwirDetectorTest" />
    <testcase name="Update_GroundMwirDetector_Groups__Vehicle___MinAspectRatio_Vehicle_Default" file="/home/tom/Desktop/tom/auto_tests/merlin_generated_tests.cpp" line="1620" status="run" result="completed" time="1.497" timestamp="2024-11-14T00:14:25.757" classname="GroundMwirDetectorTest" />
    <testcase name="GroundMwirDetector_Groups__Vehicle___MinAspectRatio_Vehicle_Range" file="/home/tom/Desktop/tom/auto_tests/merlin_generated_tests.cpp" line="1627" status="run" result="completed" time="1.465" timestamp="2024-11-14T00:14:27.254" classname="GroundMwirDetectorTest" />
    <testcase name="Update_GroundMwirDetector_Groups__Vehicle___MinAspectRatio_Vehicle_Range" file="/home/tom/Desktop/tom/auto_tests/merlin_generated_tests.cpp" line="1636" status="run" result="completed" time="1.467" timestamp="2024-11-14T00:14:28.720" classname="GroundMwirDetectorTest" />
    <testcase name="GroundMwirDetector_Groups__Vehicle___MaxAspectRatio_Vehicle_Default" file="/home/tom/Desktop/tom/auto_tests/merlin_generated_tests.cpp" line="1649" status="run" result="completed" time="1.465" timestamp="2024-11-14T00:14:30.187" classname="GroundMwirDetectorTest" />
    <testcase name="Update_GroundMwirDetector_Groups__Vehicle___MaxAspectRatio_Vehicle_Default" file="/home/tom/Desktop/tom/auto_tests/merlin_generated_tests.cpp" line="1653" status="run" result="completed" time="1.463" timestamp="2024-11-14T00:14:31.653" classname="GroundMwirDetectorTest" />
    <testcase name="GroundMwirDetector_Groups__Vehicle___MaxAspectRatio_Vehicle_Range" file="/home/tom/Desktop/tom/auto_tests/merlin_generated_tests.cpp" line="1660" status="run" result="completed" time="1.458" timestamp="2024-11-14T00:14:33.116" classname="GroundMwirDetectorTest" />
    <testcase name="Update_GroundMwirDetector_Groups__Vehicle___MaxAspectRatio_Vehicle_Range" file="/home/tom/Desktop/tom/auto_tests/merlin_generated_tests.cpp" line="1669" status="run" result="completed" time="1.466" timestamp="2024-11-14T00:14:34.574" classname="GroundMwirDetectorTest" />
    <testcase name="GroundMwirDetector_AveragePixelValue0Default" file="/home/tom/Desktop/tom/auto_tests/merlin_generated_tests.cpp" line="1682" status="run" result="completed" time="1.461" timestamp="2024-11-14T00:14:36.041" classname="GroundMwirDetectorTest" />
    <testcase name="Update_GroundMwirDetector_AveragePixelValue0Default" file="/home/tom/Desktop/tom/auto_tests/merlin_generated_tests.cpp" line="1686" status="run" result="completed" time="1.49" timestamp="2024-11-14T00:14:37.503" classname="GroundMwirDetectorTest" />
    <testcase name="GroundMwirDetector_AveragePixelValue0Random" file="/home/tom/Desktop/tom/auto_tests/merlin_generated_tests.cpp" line="1693" status="run" result="completed" time="1.465" timestamp="2024-11-14T00:14:38.993" classname="GroundMwirDetectorTest" />
    <testcase name="Update_GroundMwirDetector_AveragePixelValue0Random" file="/home/tom/Desktop/tom/auto_tests/merlin_generated_tests.cpp" line="1698" status="run" result="completed" time="1.467" timestamp="2024-11-14T00:14:40.459" classname="GroundMwirDetectorTest" />
    <testcase name="GroundMwirDetector_PixelValueStandardDeviation0Default" file="/home/tom/Desktop/tom/auto_tests/merlin_generated_tests.cpp" line="1708" status="run" result="completed" time="1.462" timestamp="2024-11-14T00:14:41.927" classname="GroundMwirDetectorTest" />
    <testcase name="Update_GroundMwirDetector_PixelValueStandardDeviation0Default" file="/home/tom/Desktop/tom/auto_tests/merlin_generated_tests.cpp" line="1712" status="run" result="completed" time="1.464" timestamp="2024-11-14T00:14:43.390" classname="GroundMwirDetectorTest" />
    <testcase name="GroundMwirDetector_PixelValueStandardDeviation0Random" file="/home/tom/Desktop/tom/auto_tests/merlin_generated_tests.cpp" line="1719" status="run" result="completed" time="1.461" timestamp="2024-11-14T00:14:44.854" classname="GroundMwirDetectorTest" />
    <testcase name="Update_GroundMwirDetector_PixelValueStandardDeviation0Random" file="/home/tom/Desktop/tom/auto_tests/merlin_generated_tests.cpp" line="1724" status="run" result="completed" time="1.473" timestamp="2024-11-14T00:14:46.315" classname="GroundMwirDetectorTest" />
    <testcase name="GroundMwirDetector_MaxDetectionsDefault" file="/home/tom/Desktop/tom/auto_tests/merlin_generated_tests.cpp" line="1734" status="run" result="completed" time="1.461" timestamp="2024-11-14T00:14:47.789" classname="GroundMwirDetectorTest" />
    <testcase name="Update_GroundMwirDetector_MaxDetectionsDefault" file="/home/tom/Desktop/tom/auto_tests/merlin_generated_tests.cpp" line="1738" status="run" result="completed" time="1.457" timestamp="2024-11-14T00:14:49.251" classname="GroundMwirDetectorTest" />
    <testcase name="GroundMwirDetector_MaxDetectionsRandom" file="/home/tom/Desktop/tom/auto_tests/merlin_generated_tests.cpp" line="1745" status="run" result="completed" time="1.47" timestamp="2024-11-14T00:14:50.708" classname="GroundMwirDetectorTest" />
    <testcase name="Update_GroundMwirDetector_MaxDetectionsRandom" file="/home/tom/Desktop/tom/auto_tests/merlin_generated_tests.cpp" line="1750" status="run" result="completed" time="1.467" timestamp="2024-11-14T00:14:52.179" classname="GroundMwirDetectorTest" />
  </testsuite>
  <testsuite name="VmdTest" tests="24" failures="0" disabled="0" skipped="0" errors="0" time="35.138" timestamp="2024-11-14T00:14:53.646">
    <testcase name="Vmd_EnableDefault" file="/home/tom/Desktop/tom/auto_tests/merlin_generated_tests.cpp" line="1785" status="run" result="completed" time="1.458" timestamp="2024-11-14T00:14:53.646" classname="VmdTest" />
    <testcase name="Update_Vmd_EnableDefault" file="/home/tom/Desktop/tom/auto_tests/merlin_generated_tests.cpp" line="1789" status="run" result="completed" time="1.464" timestamp="2024-11-14T00:14:55.105" classname="VmdTest" />
    <testcase name="Vmd_EnableRandom" file="/home/tom/Desktop/tom/auto_tests/merlin_generated_tests.cpp" line="1796" status="run" result="completed" time="1.484" timestamp="2024-11-14T00:14:56.570" classname="VmdTest" />
    <testcase name="Update_Vmd_EnableRandom" file="/home/tom/Desktop/tom/auto_tests/merlin_generated_tests.cpp" line="1801" status="run" result="completed" time="1.451" timestamp="2024-11-14T00:14:58.054" classname="VmdTest" />
    <testcase name="Vmd_ScoreThresholdDefault" file="/home/tom/Desktop/tom/auto_tests/merlin_generated_tests.cpp" line="1811" status="run" result="completed" time="1.464" timestamp="2024-11-14T00:14:59.506" classname="VmdTest" />
    <testcase name="Update_Vmd_ScoreThresholdDefault" file="/home/tom/Desktop/tom/auto_tests/merlin_generated_tests.cpp" line="1815" status="run" result="completed" time="1.454" timestamp="2024-11-14T00:15:00.971" classname="VmdTest" />
    <testcase name="Vmd_ScoreThresholdRange" file="/home/tom/Desktop/tom/auto_tests/merlin_generated_tests.cpp" line="1822" status="run" result="completed" time="1.458" timestamp="2024-11-14T00:15:02.426" classname="VmdTest" />
    <testcase name="Update_Vmd_ScoreThresholdRange" file="/home/tom/Desktop/tom/auto_tests/merlin_generated_tests.cpp" line="1831" status="run" result="completed" time="1.459" timestamp="2024-11-14T00:15:03.884" classname="VmdTest" />
    <testcase name="Vmd_MinWidthDefault" file="/home/tom/Desktop/tom/auto_tests/merlin_generated_tests.cpp" line="1844" status="run" result="completed" time="1.44" timestamp="2024-11-14T00:15:05.344" classname="VmdTest" />
    <testcase name="Update_Vmd_MinWidthDefault" file="/home/tom/Desktop/tom/auto_tests/merlin_generated_tests.cpp" line="1848" status="run" result="completed" time="1.491" timestamp="2024-11-14T00:15:06.784" classname="VmdTest" />
    <testcase name="Vmd_MinWidthRange" file="/home/tom/Desktop/tom/auto_tests/merlin_generated_tests.cpp" line="1855" status="run" result="completed" time="1.475" timestamp="2024-11-14T00:15:08.275" classname="VmdTest" />
    <testcase name="Update_Vmd_MinWidthRange" file="/home/tom/Desktop/tom/auto_tests/merlin_generated_tests.cpp" line="1864" status="run" result="completed" time="1.461" timestamp="2024-11-14T00:15:09.751" classname="VmdTest" />
    <testcase name="Vmd_MaxWidthDefault" file="/home/tom/Desktop/tom/auto_tests/merlin_generated_tests.cpp" line="1877" status="run" result="completed" time="1.463" timestamp="2024-11-14T00:15:11.213" classname="VmdTest" />
    <testcase name="Update_Vmd_MaxWidthDefault" file="/home/tom/Desktop/tom/auto_tests/merlin_generated_tests.cpp" line="1881" status="run" result="completed" time="1.458" timestamp="2024-11-14T00:15:12.676" classname="VmdTest" />
    <testcase name="Vmd_MaxWidthRange" file="/home/tom/Desktop/tom/auto_tests/merlin_generated_tests.cpp" line="1888" status="run" result="completed" time="1.449" timestamp="2024-11-14T00:15:14.135" classname="VmdTest" />
    <testcase name="Update_Vmd_MaxWidthRange" file="/home/tom/Desktop/tom/auto_tests/merlin_generated_tests.cpp" line="1897" status="run" result="completed" time="1.487" timestamp="2024-11-14T00:15:15.585" classname="VmdTest" />
    <testcase name="Vmd_MinHeightDefault" file="/home/tom/Desktop/tom/auto_tests/merlin_generated_tests.cpp" line="1910" status="run" result="completed" time="1.457" timestamp="2024-11-14T00:15:17.073" classname="VmdTest" />
    <testcase name="Update_Vmd_MinHeightDefault" file="/home/tom/Desktop/tom/auto_tests/merlin_generated_tests.cpp" line="1914" status="run" result="completed" time="1.459" timestamp="2024-11-14T00:15:18.530" classname="VmdTest" />
    <testcase name="Vmd_MinHeightRange" file="/home/tom/Desktop/tom/auto_tests/merlin_generated_tests.cpp" line="1921" status="run" result="completed" time="1.459" timestamp="2024-11-14T00:15:19.989" classname="VmdTest" />
    <testcase name="Update_Vmd_MinHeightRange" file="/home/tom/Desktop/tom/auto_tests/merlin_generated_tests.cpp" line="1930" status="run" result="completed" time="1.487" timestamp="2024-11-14T00:15:21.449" classname="VmdTest" />
    <testcase name="Vmd_MaxHeightDefault" file="/home/tom/Desktop/tom/auto_tests/merlin_generated_tests.cpp" line="1943" status="run" result="completed" time="1.454" timestamp="2024-11-14T00:15:22.937" classname="VmdTest" />
    <testcase name="Update_Vmd_MaxHeightDefault" file="/home/tom/Desktop/tom/auto_tests/merlin_generated_tests.cpp" line="1947" status="run" result="completed" time="1.466" timestamp="2024-11-14T00:15:24.392" classname="VmdTest" />
    <testcase name="Vmd_MaxHeightRange" file="/home/tom/Desktop/tom/auto_tests/merlin_generated_tests.cpp" line="1954" status="run" result="completed" time="1.476" timestamp="2024-11-14T00:15:25.858" classname="VmdTest" />
    <testcase name="Update_Vmd_MaxHeightRange" file="/home/tom/Desktop/tom/auto_tests/merlin_generated_tests.cpp" line="1963" status="run" result="completed" time="1.451" timestamp="2024-11-14T00:15:27.334" classname="VmdTest" />
  </testsuite>
  <testsuite name="GroundRgbPersonClassifierTest" tests="40" failures="0" disabled="0" skipped="0" errors="0" time="58.55" timestamp="2024-11-14T00:15:28.785">
    <testcase name="GroundRgbPersonClassifier_EnableDefault" file="/home/tom/Desktop/tom/auto_tests/merlin_generated_tests.cpp" line="2001" status="run" result="completed" time="1.456" timestamp="2024-11-14T00:15:28.785" classname="GroundRgbPersonClassifierTest" />
    <testcase name="Update_GroundRgbPersonClassifier_EnableDefault" file="/home/tom/Desktop/tom/auto_tests/merlin_generated_tests.cpp" line="2005" status="run" result="completed" time="1.463" timestamp="2024-11-14T00:15:30.242" classname="GroundRgbPersonClassifierTest" />
    <testcase name="GroundRgbPersonClassifier_EnableRandom" file="/home/tom/Desktop/tom/auto_tests/merlin_generated_tests.cpp" line="2012" status="run" result="completed" time="1.461" timestamp="2024-11-14T00:15:31.705" classname="GroundRgbPersonClassifierTest" />
    <testcase name="Update_GroundRgbPersonClassifier_EnableRandom" file="/home/tom/Desktop/tom/auto_tests/merlin_generated_tests.cpp" line="2017" status="run" result="completed" time="1.464" timestamp="2024-11-14T00:15:33.166" classname="GroundRgbPersonClassifierTest" />
    <testcase name="GroundRgbPersonClassifier_AdjustCropInPercentsOverride_WidthDefault" file="/home/tom/Desktop/tom/auto_tests/merlin_generated_tests.cpp" line="2027" status="run" result="completed" time="1.457" timestamp="2024-11-14T00:15:34.630" classname="GroundRgbPersonClassifierTest" />
    <testcase name="Update_GroundRgbPersonClassifier_AdjustCropInPercentsOverride_WidthDefault" file="/home/tom/Desktop/tom/auto_tests/merlin_generated_tests.cpp" line="2031" status="run" result="completed" time="1.461" timestamp="2024-11-14T00:15:36.088" classname="GroundRgbPersonClassifierTest" />
    <testcase name="GroundRgbPersonClassifier_AdjustCropInPercentsOverride_WidthRange" file="/home/tom/Desktop/tom/auto_tests/merlin_generated_tests.cpp" line="2038" status="run" result="completed" time="1.487" timestamp="2024-11-14T00:15:37.549" classname="GroundRgbPersonClassifierTest" />
    <testcase name="Update_GroundRgbPersonClassifier_AdjustCropInPercentsOverride_WidthRange" file="/home/tom/Desktop/tom/auto_tests/merlin_generated_tests.cpp" line="2047" status="run" result="completed" time="1.477" timestamp="2024-11-14T00:15:39.036" classname="GroundRgbPersonClassifierTest" />
    <testcase name="GroundRgbPersonClassifier_AdjustCropInPercentsOverride_HeightDefault" file="/home/tom/Desktop/tom/auto_tests/merlin_generated_tests.cpp" line="2060" status="run" result="completed" time="1.453" timestamp="2024-11-14T00:15:40.514" classname="GroundRgbPersonClassifierTest" />
    <testcase name="Update_GroundRgbPersonClassifier_AdjustCropInPercentsOverride_HeightDefault" file="/home/tom/Desktop/tom/auto_tests/merlin_generated_tests.cpp" line="2064" status="run" result="completed" time="1.477" timestamp="2024-11-14T00:15:41.967" classname="GroundRgbPersonClassifierTest" />
    <testcase name="GroundRgbPersonClassifier_AdjustCropInPercentsOverride_HeightRange" file="/home/tom/Desktop/tom/auto_tests/merlin_generated_tests.cpp" line="2071" status="run" result="completed" time="1.466" timestamp="2024-11-14T00:15:43.445" classname="GroundRgbPersonClassifierTest" />
    <testcase name="Update_GroundRgbPersonClassifier_AdjustCropInPercentsOverride_HeightRange" file="/home/tom/Desktop/tom/auto_tests/merlin_generated_tests.cpp" line="2080" status="run" result="completed" time="1.451" timestamp="2024-11-14T00:15:44.912" classname="GroundRgbPersonClassifierTest" />
    <testcase name="GroundRgbPersonClassifier_Filter_ScoreThresholdDefault" file="/home/tom/Desktop/tom/auto_tests/merlin_generated_tests.cpp" line="2093" status="run" result="completed" time="1.461" timestamp="2024-11-14T00:15:46.363" classname="GroundRgbPersonClassifierTest" />
    <testcase name="Update_GroundRgbPersonClassifier_Filter_ScoreThresholdDefault" file="/home/tom/Desktop/tom/auto_tests/merlin_generated_tests.cpp" line="2097" status="run" result="completed" time="1.464" timestamp="2024-11-14T00:15:47.825" classname="GroundRgbPersonClassifierTest" />
    <testcase name="GroundRgbPersonClassifier_Filter_ScoreThresholdRange" file="/home/tom/Desktop/tom/auto_tests/merlin_generated_tests.cpp" line="2104" status="run" result="completed" time="1.459" timestamp="2024-11-14T00:15:49.290" classname="GroundRgbPersonClassifierTest" />
    <testcase name="Update_GroundRgbPersonClassifier_Filter_ScoreThresholdRange" file="/home/tom/Desktop/tom/auto_tests/merlin_generated_tests.cpp" line="2113" status="run" result="completed" time="1.461" timestamp="2024-11-14T00:15:50.749" classname="GroundRgbPersonClassifierTest" />
    <testcase name="GroundRgbPersonClassifier_Filter_MinWidthDefault" file="/home/tom/Desktop/tom/auto_tests/merlin_generated_tests.cpp" line="2126" status="run" result="completed" time="1.465" timestamp="2024-11-14T00:15:52.211" classname="GroundRgbPersonClassifierTest" />
    <testcase name="Update_GroundRgbPersonClassifier_Filter_MinWidthDefault" file="/home/tom/Desktop/tom/auto_tests/merlin_generated_tests.cpp" line="2130" status="run" result="completed" time="1.461" timestamp="2024-11-14T00:15:53.677" classname="GroundRgbPersonClassifierTest" />
    <testcase name="GroundRgbPersonClassifier_Filter_MinWidthRange" file="/home/tom/Desktop/tom/auto_tests/merlin_generated_tests.cpp" line="2137" status="run" result="completed" time="1.464" timestamp="2024-11-14T00:15:55.138" classname="GroundRgbPersonClassifierTest" />
    <testcase name="Update_GroundRgbPersonClassifier_Filter_MinWidthRange" file="/home/tom/Desktop/tom/auto_tests/merlin_generated_tests.cpp" line="2146" status="run" result="completed" time="1.457" timestamp="2024-11-14T00:15:56.603" classname="GroundRgbPersonClassifierTest" />
    <testcase name="GroundRgbPersonClassifier_Filter_MaxWidthDefault" file="/home/tom/Desktop/tom/auto_tests/merlin_generated_tests.cpp" line="2159" status="run" result="completed" time="1.455" timestamp="2024-11-14T00:15:58.060" classname="GroundRgbPersonClassifierTest" />
    <testcase name="Update_GroundRgbPersonClassifier_Filter_MaxWidthDefault" file="/home/tom/Desktop/tom/auto_tests/merlin_generated_tests.cpp" line="2163" status="run" result="completed" time="1.462" timestamp="2024-11-14T00:15:59.515" classname="GroundRgbPersonClassifierTest" />
    <testcase name="GroundRgbPersonClassifier_Filter_MaxWidthRange" file="/home/tom/Desktop/tom/auto_tests/merlin_generated_tests.cpp" line="2170" status="run" result="completed" time="1.459" timestamp="2024-11-14T00:16:00.977" classname="GroundRgbPersonClassifierTest" />
    <testcase name="Update_GroundRgbPersonClassifier_Filter_MaxWidthRange" file="/home/tom/Desktop/tom/auto_tests/merlin_generated_tests.cpp" line="2179" status="run" result="completed" time="1.475" timestamp="2024-11-14T00:16:02.437" classname="GroundRgbPersonClassifierTest" />
    <testcase name="GroundRgbPersonClassifier_Filter_MinHeightDefault" file="/home/tom/Desktop/tom/auto_tests/merlin_generated_tests.cpp" line="2192" status="run" result="completed" time="1.458" timestamp="2024-11-14T00:16:03.913" classname="GroundRgbPersonClassifierTest" />
    <testcase name="Update_GroundRgbPersonClassifier_Filter_MinHeightDefault" file="/home/tom/Desktop/tom/auto_tests/merlin_generated_tests.cpp" line="2196" status="run" result="completed" time="1.462" timestamp="2024-11-14T00:16:05.371" classname="GroundRgbPersonClassifierTest" />
    <testcase name="GroundRgbPersonClassifier_Filter_MinHeightRange" file="/home/tom/Desktop/tom/auto_tests/merlin_generated_tests.cpp" line="2203" status="run" result="completed" time="1.451" timestamp="2024-11-14T00:16:06.833" classname="GroundRgbPersonClassifierTest" />
    <testcase name="Update_GroundRgbPersonClassifier_Filter_MinHeightRange" file="/home/tom/Desktop/tom/auto_tests/merlin_generated_tests.cpp" line="2212" status="run" result="completed" time="1.47" timestamp="2024-11-14T00:16:08.285" classname="GroundRgbPersonClassifierTest" />
    <testcase name="GroundRgbPersonClassifier_Filter_MaxHeightDefault" file="/home/tom/Desktop/tom/auto_tests/merlin_generated_tests.cpp" line="2225" status="run" result="completed" time="1.459" timestamp="2024-11-14T00:16:09.755" classname="GroundRgbPersonClassifierTest" />
    <testcase name="Update_GroundRgbPersonClassifier_Filter_MaxHeightDefault" file="/home/tom/Desktop/tom/auto_tests/merlin_generated_tests.cpp" line="2229" status="run" result="completed" time="1.461" timestamp="2024-11-14T00:16:11.214" classname="GroundRgbPersonClassifierTest" />
    <testcase name="GroundRgbPersonClassifier_Filter_MaxHeightRange" file="/home/tom/Desktop/tom/auto_tests/merlin_generated_tests.cpp" line="2236" status="run" result="completed" time="1.47" timestamp="2024-11-14T00:16:12.675" classname="GroundRgbPersonClassifierTest" />
    <testcase name="Update_GroundRgbPersonClassifier_Filter_MaxHeightRange" file="/home/tom/Desktop/tom/auto_tests/merlin_generated_tests.cpp" line="2245" status="run" result="completed" time="1.463" timestamp="2024-11-14T00:16:14.146" classname="GroundRgbPersonClassifierTest" />
    <testcase name="GroundRgbPersonClassifier_Filter_MinAspectRatioDefault" file="/home/tom/Desktop/tom/auto_tests/merlin_generated_tests.cpp" line="2258" status="run" result="completed" time="1.461" timestamp="2024-11-14T00:16:15.610" classname="GroundRgbPersonClassifierTest" />
    <testcase name="Update_GroundRgbPersonClassifier_Filter_MinAspectRatioDefault" file="/home/tom/Desktop/tom/auto_tests/merlin_generated_tests.cpp" line="2262" status="run" result="completed" time="1.457" timestamp="2024-11-14T00:16:17.072" classname="GroundRgbPersonClassifierTest" />
    <testcase name="GroundRgbPersonClassifier_Filter_MinAspectRatioRange" file="/home/tom/Desktop/tom/auto_tests/merlin_generated_tests.cpp" line="2269" status="run" result="completed" time="1.464" timestamp="2024-11-14T00:16:18.529" classname="GroundRgbPersonClassifierTest" />
    <testcase name="Update_GroundRgbPersonClassifier_Filter_MinAspectRatioRange" file="/home/tom/Desktop/tom/auto_tests/merlin_generated_tests.cpp" line="2278" status="run" result="completed" time="1.47" timestamp="2024-11-14T00:16:19.993" classname="GroundRgbPersonClassifierTest" />
    <testcase name="GroundRgbPersonClassifier_Filter_MaxAspectRatioDefault" file="/home/tom/Desktop/tom/auto_tests/merlin_generated_tests.cpp" line="2291" status="run" result="completed" time="1.457" timestamp="2024-11-14T00:16:21.464" classname="GroundRgbPersonClassifierTest" />
    <testcase name="Update_GroundRgbPersonClassifier_Filter_MaxAspectRatioDefault" file="/home/tom/Desktop/tom/auto_tests/merlin_generated_tests.cpp" line="2295" status="run" result="completed" time="1.487" timestamp="2024-11-14T00:16:22.921" classname="GroundRgbPersonClassifierTest" />
    <testcase name="GroundRgbPersonClassifier_Filter_MaxAspectRatioRange" file="/home/tom/Desktop/tom/auto_tests/merlin_generated_tests.cpp" line="2302" status="run" result="completed" time="1.465" timestamp="2024-11-14T00:16:24.409" classname="GroundRgbPersonClassifierTest" />
    <testcase name="Update_GroundRgbPersonClassifier_Filter_MaxAspectRatioRange" file="/home/tom/Desktop/tom/auto_tests/merlin_generated_tests.cpp" line="2311" status="run" result="completed" time="1.461" timestamp="2024-11-14T00:16:25.875" classname="GroundRgbPersonClassifierTest" />
  </testsuite>
  <testsuite name="GroundRgbVehicleClassifierTest" tests="40" failures="0" disabled="0" skipped="0" errors="0" time="58.581" timestamp="2024-11-14T00:16:27.336">
    <testcase name="GroundRgbVehicleClassifier_EnableDefault" file="/home/tom/Desktop/tom/auto_tests/merlin_generated_tests.cpp" line="2349" status="run" result="completed" time="1.46" timestamp="2024-11-14T00:16:27.336" classname="GroundRgbVehicleClassifierTest" />
    <testcase name="Update_GroundRgbVehicleClassifier_EnableDefault" file="/home/tom/Desktop/tom/auto_tests/merlin_generated_tests.cpp" line="2353" status="run" result="completed" time="1.462" timestamp="2024-11-14T00:16:28.797" classname="GroundRgbVehicleClassifierTest" />
    <testcase name="GroundRgbVehicleClassifier_EnableRandom" file="/home/tom/Desktop/tom/auto_tests/merlin_generated_tests.cpp" line="2360" status="run" result="completed" time="1.465" timestamp="2024-11-14T00:16:30.259" classname="GroundRgbVehicleClassifierTest" />
    <testcase name="Update_GroundRgbVehicleClassifier_EnableRandom" file="/home/tom/Desktop/tom/auto_tests/merlin_generated_tests.cpp" line="2365" status="run" result="completed" time="1.46" timestamp="2024-11-14T00:16:31.725" classname="GroundRgbVehicleClassifierTest" />
    <testcase name="GroundRgbVehicleClassifier_AdjustCropInPercentsOverride_WidthDefault" file="/home/tom/Desktop/tom/auto_tests/merlin_generated_tests.cpp" line="2375" status="run" result="completed" time="1.491" timestamp="2024-11-14T00:16:33.185" classname="GroundRgbVehicleClassifierTest" />
    <testcase name="Update_GroundRgbVehicleClassifier_AdjustCropInPercentsOverride_WidthDefault" file="/home/tom/Desktop/tom/auto_tests/merlin_generated_tests.cpp" line="2379" status="run" result="completed" time="1.469" timestamp="2024-11-14T00:16:34.677" classname="GroundRgbVehicleClassifierTest" />
    <testcase name="GroundRgbVehicleClassifier_AdjustCropInPercentsOverride_WidthRange" file="/home/tom/Desktop/tom/auto_tests/merlin_generated_tests.cpp" line="2386" status="run" result="completed" time="1.455" timestamp="2024-11-14T00:16:36.147" classname="GroundRgbVehicleClassifierTest" />
    <testcase name="Update_GroundRgbVehicleClassifier_AdjustCropInPercentsOverride_WidthRange" file="/home/tom/Desktop/tom/auto_tests/merlin_generated_tests.cpp" line="2395" status="run" result="completed" time="1.449" timestamp="2024-11-14T00:16:37.603" classname="GroundRgbVehicleClassifierTest" />
    <testcase name="GroundRgbVehicleClassifier_AdjustCropInPercentsOverride_HeightDefault" file="/home/tom/Desktop/tom/auto_tests/merlin_generated_tests.cpp" line="2408" status="run" result="completed" time="1.468" timestamp="2024-11-14T00:16:39.052" classname="GroundRgbVehicleClassifierTest" />
    <testcase name="Update_GroundRgbVehicleClassifier_AdjustCropInPercentsOverride_HeightDefault" file="/home/tom/Desktop/tom/auto_tests/merlin_generated_tests.cpp" line="2412" status="run" result="completed" time="1.462" timestamp="2024-11-14T00:16:40.521" classname="GroundRgbVehicleClassifierTest" />
    <testcase name="GroundRgbVehicleClassifier_AdjustCropInPercentsOverride_HeightRange" file="/home/tom/Desktop/tom/auto_tests/merlin_generated_tests.cpp" line="2419" status="run" result="completed" time="1.465" timestamp="2024-11-14T00:16:41.984" classname="GroundRgbVehicleClassifierTest" />
    <testcase name="Update_GroundRgbVehicleClassifier_AdjustCropInPercentsOverride_HeightRange" file="/home/tom/Desktop/tom/auto_tests/merlin_generated_tests.cpp" line="2428" status="run" result="completed" time="1.469" timestamp="2024-11-14T00:16:43.449" classname="GroundRgbVehicleClassifierTest" />
    <testcase name="GroundRgbVehicleClassifier_Filter_ScoreThresholdDefault" file="/home/tom/Desktop/tom/auto_tests/merlin_generated_tests.cpp" line="2441" status="run" result="completed" time="1.462" timestamp="2024-11-14T00:16:44.918" classname="GroundRgbVehicleClassifierTest" />
    <testcase name="Update_GroundRgbVehicleClassifier_Filter_ScoreThresholdDefault" file="/home/tom/Desktop/tom/auto_tests/merlin_generated_tests.cpp" line="2445" status="run" result="completed" time="1.455" timestamp="2024-11-14T00:16:46.381" classname="GroundRgbVehicleClassifierTest" />
    <testcase name="GroundRgbVehicleClassifier_Filter_ScoreThresholdRange" file="/home/tom/Desktop/tom/auto_tests/merlin_generated_tests.cpp" line="2452" status="run" result="completed" time="1.485" timestamp="2024-11-14T00:16:47.837" classname="GroundRgbVehicleClassifierTest" />
    <testcase name="Update_GroundRgbVehicleClassifier_Filter_ScoreThresholdRange" file="/home/tom/Desktop/tom/auto_tests/merlin_generated_tests.cpp" line="2461" status="run" result="completed" time="1.458" timestamp="2024-11-14T00:16:49.322" classname="GroundRgbVehicleClassifierTest" />
    <testcase name="GroundRgbVehicleClassifier_Filter_MinWidthDefault" file="/home/tom/Desktop/tom/auto_tests/merlin_generated_tests.cpp" line="2474" status="run" result="completed" time="1.46" timestamp="2024-11-14T00:16:50.781" classname="GroundRgbVehicleClassifierTest" />
    <testcase name="Update_GroundRgbVehicleClassifier_Filter_MinWidthDefault" file="/home/tom/Desktop/tom/auto_tests/merlin_generated_tests.cpp" line="2478" status="run" result="completed" time="1.464" timestamp="2024-11-14T00:16:52.241" classname="GroundRgbVehicleClassifierTest" />
    <testcase name="GroundRgbVehicleClassifier_Filter_MinWidthRange" file="/home/tom/Desktop/tom/auto_tests/merlin_generated_tests.cpp" line="2485" status="run" result="completed" time="1.46" timestamp="2024-11-14T00:16:53.706" classname="GroundRgbVehicleClassifierTest" />
    <testcase name="Update_GroundRgbVehicleClassifier_Filter_MinWidthRange" file="/home/tom/Desktop/tom/auto_tests/merlin_generated_tests.cpp" line="2494" status="run" result="completed" time="1.453" timestamp="2024-11-14T00:16:55.166" classname="GroundRgbVehicleClassifierTest" />
    <testcase name="GroundRgbVehicleClassifier_Filter_MaxWidthDefault" file="/home/tom/Desktop/tom/auto_tests/merlin_generated_tests.cpp" line="2507" status="run" result="completed" time="1.455" timestamp="2024-11-14T00:16:56.619" classname="GroundRgbVehicleClassifierTest" />
    <testcase name="Update_GroundRgbVehicleClassifier_Filter_MaxWidthDefault" file="/home/tom/Desktop/tom/auto_tests/merlin_generated_tests.cpp" line="2511" status="run" result="completed" time="1.498" timestamp="2024-11-14T00:16:58.074" classname="GroundRgbVehicleClassifierTest" />
    <testcase name="GroundRgbVehicleClassifier_Filter_MaxWidthRange" file="/home/tom/Desktop/tom/auto_tests/merlin_generated_tests.cpp" line="2518" status="run" result="completed" time="1.469" timestamp="2024-11-14T00:16:59.572" classname="GroundRgbVehicleClassifierTest" />
    <testcase name="Update_GroundRgbVehicleClassifier_Filter_MaxWidthRange" file="/home/tom/Desktop/tom/auto_tests/merlin_generated_tests.cpp" line="2527" status="run" result="completed" time="1.458" timestamp="2024-11-14T00:17:01.042" classname="GroundRgbVehicleClassifierTest" />
    <testcase name="GroundRgbVehicleClassifier_Filter_MinHeightDefault" file="/home/tom/Desktop/tom/auto_tests/merlin_generated_tests.cpp" line="2540" status="run" result="completed" time="1.472" timestamp="2024-11-14T00:17:02.500" classname="GroundRgbVehicleClassifierTest" />
    <testcase name="Update_GroundRgbVehicleClassifier_Filter_MinHeightDefault" file="/home/tom/Desktop/tom/auto_tests/merlin_generated_tests.cpp" line="2544" status="run" result="completed" time="1.463" timestamp="2024-11-14T00:17:03.973" classname="GroundRgbVehicleClassifierTest" />
    <testcase name="GroundRgbVehicleClassifier_Filter_MinHeightRange" file="/home/tom/Desktop/tom/auto_tests/merlin_generated_tests.cpp" line="2551" status="run" result="completed" time="1.456" timestamp="2024-11-14T00:17:05.436" classname="GroundRgbVehicleClassifierTest" />
    <testcase name="Update_GroundRgbVehicleClassifier_Filter_MinHeightRange" file="/home/tom/Desktop/tom/auto_tests/merlin_generated_tests.cpp" line="2560" status="run" result="completed" time="1.47" timestamp="2024-11-14T00:17:06.893" classname="GroundRgbVehicleClassifierTest" />
    <testcase name="GroundRgbVehicleClassifier_Filter_MaxHeightDefault" file="/home/tom/Desktop/tom/auto_tests/merlin_generated_tests.cpp" line="2573" status="run" result="completed" time="1.456" timestamp="2024-11-14T00:17:08.363" classname="GroundRgbVehicleClassifierTest" />
    <testcase name="Update_GroundRgbVehicleClassifier_Filter_MaxHeightDefault" file="/home/tom/Desktop/tom/auto_tests/merlin_generated_tests.cpp" line="2577" status="run" result="completed" time="1.473" timestamp="2024-11-14T00:17:09.819" classname="GroundRgbVehicleClassifierTest" />
    <testcase name="GroundRgbVehicleClassifier_Filter_MaxHeightRange" file="/home/tom/Desktop/tom/auto_tests/merlin_generated_tests.cpp" line="2584" status="run" result="completed" time="1.464" timestamp="2024-11-14T00:17:11.293" classname="GroundRgbVehicleClassifierTest" />
    <testcase name="Update_GroundRgbVehicleClassifier_Filter_MaxHeightRange" file="/home/tom/Desktop/tom/auto_tests/merlin_generated_tests.cpp" line="2593" status="run" result="completed" time="1.462" timestamp="2024-11-14T00:17:12.758" classname="GroundRgbVehicleClassifierTest" />
    <testcase name="GroundRgbVehicleClassifier_Filter_MinAspectRatioDefault" file="/home/tom/Desktop/tom/auto_tests/merlin_generated_tests.cpp" line="2606" status="run" result="completed" time="1.451" timestamp="2024-11-14T00:17:14.220" classname="GroundRgbVehicleClassifierTest" />
    <testcase name="Update_GroundRgbVehicleClassifier_Filter_MinAspectRatioDefault" file="/home/tom/Desktop/tom/auto_tests/merlin_generated_tests.cpp" line="2610" status="run" result="completed" time="1.468" timestamp="2024-11-14T00:17:15.672" classname="GroundRgbVehicleClassifierTest" />
    <testcase name="GroundRgbVehicleClassifier_Filter_MinAspectRatioRange" file="/home/tom/Desktop/tom/auto_tests/merlin_generated_tests.cpp" line="2617" status="run" result="completed" time="1.461" timestamp="2024-11-14T00:17:17.141" classname="GroundRgbVehicleClassifierTest" />
    <testcase name="Update_GroundRgbVehicleClassifier_Filter_MinAspectRatioRange" file="/home/tom/Desktop/tom/auto_tests/merlin_generated_tests.cpp" line="2626" status="run" result="completed" time="1.485" timestamp="2024-11-14T00:17:18.602" classname="GroundRgbVehicleClassifierTest" />
    <testcase name="GroundRgbVehicleClassifier_Filter_MaxAspectRatioDefault" file="/home/tom/Desktop/tom/auto_tests/merlin_generated_tests.cpp" line="2639" status="run" result="completed" time="1.456" timestamp="2024-11-14T00:17:20.088" classname="GroundRgbVehicleClassifierTest" />
    <testcase name="Update_GroundRgbVehicleClassifier_Filter_MaxAspectRatioDefault" file="/home/tom/Desktop/tom/auto_tests/merlin_generated_tests.cpp" line="2643" status="run" result="completed" time="1.454" timestamp="2024-11-14T00:17:21.545" classname="GroundRgbVehicleClassifierTest" />
    <testcase name="GroundRgbVehicleClassifier_Filter_MaxAspectRatioRange" file="/home/tom/Desktop/tom/auto_tests/merlin_generated_tests.cpp" line="2650" status="run" result="completed" time="1.458" timestamp="2024-11-14T00:17:22.999" classname="GroundRgbVehicleClassifierTest" />
    <testcase name="Update_GroundRgbVehicleClassifier_Filter_MaxAspectRatioRange" file="/home/tom/Desktop/tom/auto_tests/merlin_generated_tests.cpp" line="2659" status="run" result="completed" time="1.459" timestamp="2024-11-14T00:17:24.458" classname="GroundRgbVehicleClassifierTest" />
  </testsuite>
  <testsuite name="SingleObjectTrackerTest" tests="4" failures="0" disabled="0" skipped="0" errors="0" time="6.345" timestamp="2024-11-14T00:17:25.917">
    <testcase name="SingleObjectTracker_UpdateScoreThresholdDefault" file="/home/tom/Desktop/tom/auto_tests/merlin_generated_tests.cpp" line="2697" status="run" result="completed" time="1.448" timestamp="2024-11-14T00:17:25.917" classname="SingleObjectTrackerTest" />
    <testcase name="Update_SingleObjectTracker_UpdateScoreThresholdDefault" file="/home/tom/Desktop/tom/auto_tests/merlin_generated_tests.cpp" line="2701" status="run" result="completed" time="1.473" timestamp="2024-11-14T00:17:27.365" classname="SingleObjectTrackerTest" />
    <testcase name="SingleObjectTracker_UpdateScoreThresholdRandom" file="/home/tom/Desktop/tom/auto_tests/merlin_generated_tests.cpp" line="2708" status="run" result="completed" time="1.968" timestamp="2024-11-14T00:17:28.838" classname="SingleObjectTrackerTest" />
    <testcase name="Update_SingleObjectTracker_UpdateScoreThresholdRandom" file="/home/tom/Desktop/tom/auto_tests/merlin_generated_tests.cpp" line="2713" status="run" result="completed" time="1.455" timestamp="2024-11-14T00:17:30.807" classname="SingleObjectTrackerTest" />
  </testsuite>
  <testsuite name="TrackerRateTest" tests="4" failures="0" disabled="0" skipped="0" errors="0" time="5.856" timestamp="2024-11-14T00:17:32.262">
    <testcase name="TrackerRate_OutputFramerateDefault" file="/home/tom/Desktop/tom/auto_tests/merlin_generated_tests.cpp" line="2748" status="run" result="completed" time="1.467" timestamp="2024-11-14T00:17:32.262" classname="TrackerRateTest" />
    <testcase name="Update_TrackerRate_OutputFramerateDefault" file="/home/tom/Desktop/tom/auto_tests/merlin_generated_tests.cpp" line="2752" status="run" result="completed" time="1.462" timestamp="2024-11-14T00:17:33.730" classname="TrackerRateTest" />
    <testcase name="TrackerRate_OutputFramerateRandom" file="/home/tom/Desktop/tom/auto_tests/merlin_generated_tests.cpp" line="2759" status="run" result="completed" time="1.456" timestamp="2024-11-14T00:17:35.193" classname="TrackerRateTest" />
    <testcase name="Update_TrackerRate_OutputFramerateRandom" file="/home/tom/Desktop/tom/auto_tests/merlin_generated_tests.cpp" line="2764" status="run" result="completed" time="1.469" timestamp="2024-11-14T00:17:36.649" classname="TrackerRateTest" />
  </testsuite>
  <testsuite name="PersonTrackerTest" tests="44" failures="0" disabled="0" skipped="0" errors="0" time="64.482" timestamp="2024-11-14T00:17:38.119">
    <testcase name="PersonTracker_EnableDefault" file="/home/tom/Desktop/tom/auto_tests/merlin_generated_tests.cpp" line="2799" status="run" result="completed" time="1.459" timestamp="2024-11-14T00:17:38.119" classname="PersonTrackerTest" />
    <testcase name="Update_PersonTracker_EnableDefault" file="/home/tom/Desktop/tom/auto_tests/merlin_generated_tests.cpp" line="2803" status="run" result="completed" time="1.469" timestamp="2024-11-14T00:17:39.579" classname="PersonTrackerTest" />
    <testcase name="PersonTracker_EnableRandom" file="/home/tom/Desktop/tom/auto_tests/merlin_generated_tests.cpp" line="2810" status="run" result="completed" time="1.461" timestamp="2024-11-14T00:17:41.049" classname="PersonTrackerTest" />
    <testcase name="Update_PersonTracker_EnableRandom" file="/home/tom/Desktop/tom/auto_tests/merlin_generated_tests.cpp" line="2815" status="run" result="completed" time="1.462" timestamp="2024-11-14T00:17:42.510" classname="PersonTrackerTest" />
    <testcase name="PersonTracker_MaxTimeSinceUpdateToReportMsDefault" file="/home/tom/Desktop/tom/auto_tests/merlin_generated_tests.cpp" line="2825" status="run" result="completed" time="1.463" timestamp="2024-11-14T00:17:43.973" classname="PersonTrackerTest" />
    <testcase name="Update_PersonTracker_MaxTimeSinceUpdateToReportMsDefault" file="/home/tom/Desktop/tom/auto_tests/merlin_generated_tests.cpp" line="2829" status="run" result="completed" time="1.463" timestamp="2024-11-14T00:17:45.436" classname="PersonTrackerTest" />
    <testcase name="PersonTracker_MaxTimeSinceUpdateToReportMsRandom" file="/home/tom/Desktop/tom/auto_tests/merlin_generated_tests.cpp" line="2836" status="run" result="completed" time="1.458" timestamp="2024-11-14T00:17:46.900" classname="PersonTrackerTest" />
    <testcase name="Update_PersonTracker_MaxTimeSinceUpdateToReportMsRandom" file="/home/tom/Desktop/tom/auto_tests/merlin_generated_tests.cpp" line="2841" status="run" result="completed" time="1.462" timestamp="2024-11-14T00:17:48.359" classname="PersonTrackerTest" />
    <testcase name="PersonTracker_InitTrackSizeDefault" file="/home/tom/Desktop/tom/auto_tests/merlin_generated_tests.cpp" line="2851" status="run" result="completed" time="1.465" timestamp="2024-11-14T00:17:49.821" classname="PersonTrackerTest" />
    <testcase name="Update_PersonTracker_InitTrackSizeDefault" file="/home/tom/Desktop/tom/auto_tests/merlin_generated_tests.cpp" line="2855" status="run" result="completed" time="1.456" timestamp="2024-11-14T00:17:51.286" classname="PersonTrackerTest" />
    <testcase name="PersonTracker_InitTrackSizeRange" file="/home/tom/Desktop/tom/auto_tests/merlin_generated_tests.cpp" line="2862" status="run" result="completed" time="1.472" timestamp="2024-11-14T00:17:52.743" classname="PersonTrackerTest" />
    <testcase name="Update_PersonTracker_InitTrackSizeRange" file="/home/tom/Desktop/tom/auto_tests/merlin_generated_tests.cpp" line="2871" status="run" result="completed" time="1.458" timestamp="2024-11-14T00:17:54.215" classname="PersonTrackerTest" />
    <testcase name="PersonTracker_InitThresholdDefault" file="/home/tom/Desktop/tom/auto_tests/merlin_generated_tests.cpp" line="2884" status="run" result="completed" time="1.461" timestamp="2024-11-14T00:17:55.673" classname="PersonTrackerTest" />
    <testcase name="Update_PersonTracker_InitThresholdDefault" file="/home/tom/Desktop/tom/auto_tests/merlin_generated_tests.cpp" line="2888" status="run" result="completed" time="1.48" timestamp="2024-11-14T00:17:57.135" classname="PersonTrackerTest" />
    <testcase name="PersonTracker_InitThresholdRange" file="/home/tom/Desktop/tom/auto_tests/merlin_generated_tests.cpp" line="2895" status="run" result="completed" time="1.495" timestamp="2024-11-14T00:17:58.616" classname="PersonTrackerTest" />
    <testcase name="Update_PersonTracker_InitThresholdRange" file="/home/tom/Desktop/tom/auto_tests/merlin_generated_tests.cpp" line="2904" status="run" result="completed" time="1.456" timestamp="2024-11-14T00:18:00.111" classname="PersonTrackerTest" />
    <testcase name="PersonTracker_InitMetricDefault" file="/home/tom/Desktop/tom/auto_tests/merlin_generated_tests.cpp" line="2917" status="run" result="completed" time="1.458" timestamp="2024-11-14T00:18:01.567" classname="PersonTrackerTest" />
    <testcase name="Update_PersonTracker_InitMetricDefault" file="/home/tom/Desktop/tom/auto_tests/merlin_generated_tests.cpp" line="2921" status="run" result="completed" time="1.46" timestamp="2024-11-14T00:18:03.026" classname="PersonTrackerTest" />
    <testcase name="PersonTracker_InitMetricEnum" file="/home/tom/Desktop/tom/auto_tests/merlin_generated_tests.cpp" line="2929" status="run" result="completed" time="1.466" timestamp="2024-11-14T00:18:04.486" classname="PersonTrackerTest" />
    <testcase name="Update_PersonTracker_InitMetricEnum" file="/home/tom/Desktop/tom/auto_tests/merlin_generated_tests.cpp" line="2936" status="run" result="completed" time="1.454" timestamp="2024-11-14T00:18:05.953" classname="PersonTrackerTest" />
    <testcase name="PersonTracker_MaxPredictedTimeMsDefault" file="/home/tom/Desktop/tom/auto_tests/merlin_generated_tests.cpp" line="2949" status="run" result="completed" time="1.462" timestamp="2024-11-14T00:18:07.407" classname="PersonTrackerTest" />
    <testcase name="Update_PersonTracker_MaxPredictedTimeMsDefault" file="/home/tom/Desktop/tom/auto_tests/merlin_generated_tests.cpp" line="2953" status="run" result="completed" time="1.448" timestamp="2024-11-14T00:18:08.870" classname="PersonTrackerTest" />
    <testcase name="PersonTracker_MaxPredictedTimeMsRandom" file="/home/tom/Desktop/tom/auto_tests/merlin_generated_tests.cpp" line="2960" status="run" result="completed" time="1.476" timestamp="2024-11-14T00:18:10.319" classname="PersonTrackerTest" />
    <testcase name="Update_PersonTracker_MaxPredictedTimeMsRandom" file="/home/tom/Desktop/tom/auto_tests/merlin_generated_tests.cpp" line="2965" status="run" result="completed" time="1.466" timestamp="2024-11-14T00:18:11.795" classname="PersonTrackerTest" />
    <testcase name="PersonTracker_TrackFeaturesHistorySizeDefault" file="/home/tom/Desktop/tom/auto_tests/merlin_generated_tests.cpp" line="2975" status="run" result="completed" time="1.462" timestamp="2024-11-14T00:18:13.261" classname="PersonTrackerTest" />
    <testcase name="Update_PersonTracker_TrackFeaturesHistorySizeDefault" file="/home/tom/Desktop/tom/auto_tests/merlin_generated_tests.cpp" line="2979" status="run" result="completed" time="1.456" timestamp="2024-11-14T00:18:14.724" classname="PersonTrackerTest" />
    <testcase name="PersonTracker_TrackFeaturesHistorySizeRange" file="/home/tom/Desktop/tom/auto_tests/merlin_generated_tests.cpp" line="2986" status="run" result="completed" time="1.467" timestamp="2024-11-14T00:18:16.180" classname="PersonTrackerTest" />
    <testcase name="Update_PersonTracker_TrackFeaturesHistorySizeRange" file="/home/tom/Desktop/tom/auto_tests/merlin_generated_tests.cpp" line="2995" status="run" result="completed" time="1.456" timestamp="2024-11-14T00:18:17.648" classname="PersonTrackerTest" />
    <testcase name="PersonTracker_FeatureWeightDefault" file="/home/tom/Desktop/tom/auto_tests/merlin_generated_tests.cpp" line="3008" status="run" result="completed" time="1.49" timestamp="2024-11-14T00:18:19.105" classname="PersonTrackerTest" />
    <testcase name="Update_PersonTracker_FeatureWeightDefault" file="/home/tom/Desktop/tom/auto_tests/merlin_generated_tests.cpp" line="3012" status="run" result="completed" time="1.46" timestamp="2024-11-14T00:18:20.596" classname="PersonTrackerTest" />
    <testcase name="PersonTracker_FeatureWeightRange" file="/home/tom/Desktop/tom/auto_tests/merlin_generated_tests.cpp" line="3019" status="run" result="completed" time="1.461" timestamp="2024-11-14T00:18:22.056" classname="PersonTrackerTest" />
    <testcase name="Update_PersonTracker_FeatureWeightRange" file="/home/tom/Desktop/tom/auto_tests/merlin_generated_tests.cpp" line="3028" status="run" result="completed" time="1.459" timestamp="2024-11-14T00:18:23.518" classname="PersonTrackerTest" />
    <testcase name="PersonTracker_MaxCosineDistanceDefault" file="/home/tom/Desktop/tom/auto_tests/merlin_generated_tests.cpp" line="3041" status="run" result="completed" time="1.462" timestamp="2024-11-14T00:18:24.978" classname="PersonTrackerTest" />
    <testcase name="Update_PersonTracker_MaxCosineDistanceDefault" file="/home/tom/Desktop/tom/auto_tests/merlin_generated_tests.cpp" line="3045" status="run" result="completed" time="1.469" timestamp="2024-11-14T00:18:26.440" classname="PersonTrackerTest" />
    <testcase name="PersonTracker_MaxCosineDistanceRange" file="/home/tom/Desktop/tom/auto_tests/merlin_generated_tests.cpp" line="3052" status="run" result="completed" time="1.478" timestamp="2024-11-14T00:18:27.910" classname="PersonTrackerTest" />
    <testcase name="Update_PersonTracker_MaxCosineDistanceRange" file="/home/tom/Desktop/tom/auto_tests/merlin_generated_tests.cpp" line="3061" status="run" result="completed" time="1.501" timestamp="2024-11-14T00:18:29.388" classname="PersonTrackerTest" />
    <testcase name="PersonTracker_MaxMahalanobisDistanceDefault" file="/home/tom/Desktop/tom/auto_tests/merlin_generated_tests.cpp" line="3074" status="run" result="completed" time="1.456" timestamp="2024-11-14T00:18:30.890" classname="PersonTrackerTest" />
    <testcase name="Update_PersonTracker_MaxMahalanobisDistanceDefault" file="/home/tom/Desktop/tom/auto_tests/merlin_generated_tests.cpp" line="3078" status="run" result="completed" time="1.463" timestamp="2024-11-14T00:18:32.346" classname="PersonTrackerTest" />
    <testcase name="PersonTracker_MaxMahalanobisDistanceRange" file="/home/tom/Desktop/tom/auto_tests/merlin_generated_tests.cpp" line="3085" status="run" result="completed" time="1.466" timestamp="2024-11-14T00:18:33.810" classname="PersonTrackerTest" />
    <testcase name="Update_PersonTracker_MaxMahalanobisDistanceRange" file="/home/tom/Desktop/tom/auto_tests/merlin_generated_tests.cpp" line="3094" status="run" result="completed" time="1.46" timestamp="2024-11-14T00:18:35.277" classname="PersonTrackerTest" />
    <testcase name="PersonTracker_MinIouThresholdDefault" file="/home/tom/Desktop/tom/auto_tests/merlin_generated_tests.cpp" line="3107" status="run" result="completed" time="1.46" timestamp="2024-11-14T00:18:36.737" classname="PersonTrackerTest" />
    <testcase name="Update_PersonTracker_MinIouThresholdDefault" file="/home/tom/Desktop/tom/auto_tests/merlin_generated_tests.cpp" line="3111" status="run" result="completed" time="1.437" timestamp="2024-11-14T00:18:38.198" classname="PersonTrackerTest" />
    <testcase name="PersonTracker_MinIouThresholdRange" file="/home/tom/Desktop/tom/auto_tests/merlin_generated_tests.cpp" line="3118" status="run" result="completed" time="1.476" timestamp="2024-11-14T00:18:39.635" classname="PersonTrackerTest" />
    <testcase name="Update_PersonTracker_MinIouThresholdRange" file="/home/tom/Desktop/tom/auto_tests/merlin_generated_tests.cpp" line="3127" status="run" result="completed" time="1.49" timestamp="2024-11-14T00:18:41.111" classname="PersonTrackerTest" />
  </testsuite>
  <testsuite name="VehicleTrackerTest" tests="44" failures="0" disabled="0" skipped="0" errors="0" time="65.371" timestamp="2024-11-14T00:18:42.602">
    <testcase name="VehicleTracker_EnableDefault" file="/home/tom/Desktop/tom/auto_tests/merlin_generated_tests.cpp" line="3165" status="run" result="completed" time="1.455" timestamp="2024-11-14T00:18:42.602" classname="VehicleTrackerTest" />
    <testcase name="Update_VehicleTracker_EnableDefault" file="/home/tom/Desktop/tom/auto_tests/merlin_generated_tests.cpp" line="3169" status="run" result="completed" time="1.465" timestamp="2024-11-14T00:18:44.058" classname="VehicleTrackerTest" />
    <testcase name="VehicleTracker_EnableRandom" file="/home/tom/Desktop/tom/auto_tests/merlin_generated_tests.cpp" line="3176" status="run" result="completed" time="1.464" timestamp="2024-11-14T00:18:45.524" classname="VehicleTrackerTest" />
    <testcase name="Update_VehicleTracker_EnableRandom" file="/home/tom/Desktop/tom/auto_tests/merlin_generated_tests.cpp" line="3181" status="run" result="completed" time="1.457" timestamp="2024-11-14T00:18:46.988" classname="VehicleTrackerTest" />
    <testcase name="VehicleTracker_MaxTimeSinceUpdateToReportMsDefault" file="/home/tom/Desktop/tom/auto_tests/merlin_generated_tests.cpp" line="3191" status="run" result="completed" time="1.456" timestamp="2024-11-14T00:18:48.446" classname="VehicleTrackerTest" />
    <testcase name="Update_VehicleTracker_MaxTimeSinceUpdateToReportMsDefault" file="/home/tom/Desktop/tom/auto_tests/merlin_generated_tests.cpp" line="3195" status="run" result="completed" time="1.452" timestamp="2024-11-14T00:18:49.903" classname="VehicleTrackerTest" />
    <testcase name="VehicleTracker_MaxTimeSinceUpdateToReportMsRandom" file="/home/tom/Desktop/tom/auto_tests/merlin_generated_tests.cpp" line="3202" status="run" result="completed" time="1.46" timestamp="2024-11-14T00:18:51.356" classname="VehicleTrackerTest" />
    <testcase name="Update_VehicleTracker_MaxTimeSinceUpdateToReportMsRandom" file="/home/tom/Desktop/tom/auto_tests/merlin_generated_tests.cpp" line="3207" status="run" result="completed" time="1.45" timestamp="2024-11-14T00:18:52.817" classname="VehicleTrackerTest" />
    <testcase name="VehicleTracker_InitTrackSizeDefault" file="/home/tom/Desktop/tom/auto_tests/merlin_generated_tests.cpp" line="3217" status="run" result="completed" time="1.455" timestamp="2024-11-14T00:18:54.268" classname="VehicleTrackerTest" />
    <testcase name="Update_VehicleTracker_InitTrackSizeDefault" file="/home/tom/Desktop/tom/auto_tests/merlin_generated_tests.cpp" line="3221" status="run" result="completed" time="1.457" timestamp="2024-11-14T00:18:55.723" classname="VehicleTrackerTest" />
    <testcase name="VehicleTracker_InitTrackSizeRange" file="/home/tom/Desktop/tom/auto_tests/merlin_generated_tests.cpp" line="3228" status="run" result="completed" time="1.467" timestamp="2024-11-14T00:18:57.181" classname="VehicleTrackerTest" />
    <testcase name="Update_VehicleTracker_InitTrackSizeRange" file="/home/tom/Desktop/tom/auto_tests/merlin_generated_tests.cpp" line="3237" status="run" result="completed" time="1.467" timestamp="2024-11-14T00:18:58.649" classname="VehicleTrackerTest" />
    <testcase name="VehicleTracker_InitThresholdDefault" file="/home/tom/Desktop/tom/auto_tests/merlin_generated_tests.cpp" line="3250" status="run" result="completed" time="1.475" timestamp="2024-11-14T00:19:00.116" classname="VehicleTrackerTest" />
    <testcase name="Update_VehicleTracker_InitThresholdDefault" file="/home/tom/Desktop/tom/auto_tests/merlin_generated_tests.cpp" line="3254" status="run" result="completed" time="1.447" timestamp="2024-11-14T00:19:01.592" classname="VehicleTrackerTest" />
    <testcase name="VehicleTracker_InitThresholdRange" file="/home/tom/Desktop/tom/auto_tests/merlin_generated_tests.cpp" line="3261" status="run" result="completed" time="1.468" timestamp="2024-11-14T00:19:03.039" classname="VehicleTrackerTest" />
    <testcase name="Update_VehicleTracker_InitThresholdRange" file="/home/tom/Desktop/tom/auto_tests/merlin_generated_tests.cpp" line="3270" status="run" result="completed" time="1.461" timestamp="2024-11-14T00:19:04.508" classname="VehicleTrackerTest" />
    <testcase name="VehicleTracker_InitMetricDefault" file="/home/tom/Desktop/tom/auto_tests/merlin_generated_tests.cpp" line="3283" status="run" result="completed" time="1.463" timestamp="2024-11-14T00:19:05.970" classname="VehicleTrackerTest" />
    <testcase name="Update_VehicleTracker_InitMetricDefault" file="/home/tom/Desktop/tom/auto_tests/merlin_generated_tests.cpp" line="3287" status="run" result="completed" time="1.459" timestamp="2024-11-14T00:19:07.433" classname="VehicleTrackerTest" />
    <testcase name="VehicleTracker_InitMetricEnum" file="/home/tom/Desktop/tom/auto_tests/merlin_generated_tests.cpp" line="3295" status="run" result="completed" time="1.447" timestamp="2024-11-14T00:19:08.893" classname="VehicleTrackerTest" />
    <testcase name="Update_VehicleTracker_InitMetricEnum" file="/home/tom/Desktop/tom/auto_tests/merlin_generated_tests.cpp" line="3302" status="run" result="completed" time="1.459" timestamp="2024-11-14T00:19:10.340" classname="VehicleTrackerTest" />
    <testcase name="VehicleTracker_MaxPredictedTimeMsDefault" file="/home/tom/Desktop/tom/auto_tests/merlin_generated_tests.cpp" line="3315" status="run" result="completed" time="1.461" timestamp="2024-11-14T00:19:11.800" classname="VehicleTrackerTest" />
    <testcase name="Update_VehicleTracker_MaxPredictedTimeMsDefault" file="/home/tom/Desktop/tom/auto_tests/merlin_generated_tests.cpp" line="3319" status="run" result="completed" time="1.463" timestamp="2024-11-14T00:19:13.262" classname="VehicleTrackerTest" />
    <testcase name="VehicleTracker_MaxPredictedTimeMsRandom" file="/home/tom/Desktop/tom/auto_tests/merlin_generated_tests.cpp" line="3326" status="run" result="completed" time="1.467" timestamp="2024-11-14T00:19:14.726" classname="VehicleTrackerTest" />
    <testcase name="Update_VehicleTracker_MaxPredictedTimeMsRandom" file="/home/tom/Desktop/tom/auto_tests/merlin_generated_tests.cpp" line="3331" status="run" result="completed" time="1.453" timestamp="2024-11-14T00:19:16.193" classname="VehicleTrackerTest" />
    <testcase name="VehicleTracker_TrackFeaturesHistorySizeDefault" file="/home/tom/Desktop/tom/auto_tests/merlin_generated_tests.cpp" line="3341" status="run" result="completed" time="1.465" timestamp="2024-11-14T00:19:17.647" classname="VehicleTrackerTest" />
    <testcase name="Update_VehicleTracker_TrackFeaturesHistorySizeDefault" file="/home/tom/Desktop/tom/auto_tests/merlin_generated_tests.cpp" line="3345" status="run" result="completed" time="1.469" timestamp="2024-11-14T00:19:19.112" classname="VehicleTrackerTest" />
    <testcase name="VehicleTracker_TrackFeaturesHistorySizeRange" file="/home/tom/Desktop/tom/auto_tests/merlin_generated_tests.cpp" line="3352" status="run" result="completed" time="1.468" timestamp="2024-11-14T00:19:20.581" classname="VehicleTrackerTest" />
    <testcase name="Update_VehicleTracker_TrackFeaturesHistorySizeRange" file="/home/tom/Desktop/tom/auto_tests/merlin_generated_tests.cpp" line="3361" status="run" result="completed" time="1.466" timestamp="2024-11-14T00:19:22.050" classname="VehicleTrackerTest" />
    <testcase name="VehicleTracker_FeatureWeightDefault" file="/home/tom/Desktop/tom/auto_tests/merlin_generated_tests.cpp" line="3374" status="run" result="completed" time="1.463" timestamp="2024-11-14T00:19:23.517" classname="VehicleTrackerTest" />
    <testcase name="Update_VehicleTracker_FeatureWeightDefault" file="/home/tom/Desktop/tom/auto_tests/merlin_generated_tests.cpp" line="3378" status="run" result="completed" time="1.477" timestamp="2024-11-14T00:19:24.980" classname="VehicleTrackerTest" />
    <testcase name="VehicleTracker_FeatureWeightRange" file="/home/tom/Desktop/tom/auto_tests/merlin_generated_tests.cpp" line="3385" status="run" result="completed" time="1.465" timestamp="2024-11-14T00:19:26.458" classname="VehicleTrackerTest" />
    <testcase name="Update_VehicleTracker_FeatureWeightRange" file="/home/tom/Desktop/tom/auto_tests/merlin_generated_tests.cpp" line="3394" status="run" result="completed" time="1.489" timestamp="2024-11-14T00:19:27.924" classname="VehicleTrackerTest" />
    <testcase name="VehicleTracker_MaxCosineDistanceDefault" file="/home/tom/Desktop/tom/auto_tests/merlin_generated_tests.cpp" line="3407" status="run" result="completed" time="1.474" timestamp="2024-11-14T00:19:29.413" classname="VehicleTrackerTest" />
    <testcase name="Update_VehicleTracker_MaxCosineDistanceDefault" file="/home/tom/Desktop/tom/auto_tests/merlin_generated_tests.cpp" line="3411" status="run" result="completed" time="1.464" timestamp="2024-11-14T00:19:30.887" classname="VehicleTrackerTest" />
    <testcase name="VehicleTracker_MaxCosineDistanceRange" file="/home/tom/Desktop/tom/auto_tests/merlin_generated_tests.cpp" line="3418" status="run" result="completed" time="1.454" timestamp="2024-11-14T00:19:32.351" classname="VehicleTrackerTest" />
    <testcase name="Update_VehicleTracker_MaxCosineDistanceRange" file="/home/tom/Desktop/tom/auto_tests/merlin_generated_tests.cpp" line="3427" status="run" result="completed" time="1.466" timestamp="2024-11-14T00:19:33.806" classname="VehicleTrackerTest" />
    <testcase name="VehicleTracker_MaxMahalanobisDistanceDefault" file="/home/tom/Desktop/tom/auto_tests/merlin_generated_tests.cpp" line="3440" status="run" result="completed" time="1.964" timestamp="2024-11-14T00:19:35.273" classname="VehicleTrackerTest" />
    <testcase name="Update_VehicleTracker_MaxMahalanobisDistanceDefault" file="/home/tom/Desktop/tom/auto_tests/merlin_generated_tests.cpp" line="3444" status="run" result="completed" time="1.46" timestamp="2024-11-14T00:19:37.238" classname="VehicleTrackerTest" />
    <testcase name="VehicleTracker_MaxMahalanobisDistanceRange" file="/home/tom/Desktop/tom/auto_tests/merlin_generated_tests.cpp" line="3451" status="run" result="completed" time="1.47" timestamp="2024-11-14T00:19:38.699" classname="VehicleTrackerTest" />
    <testcase name="Update_VehicleTracker_MaxMahalanobisDistanceRange" file="/home/tom/Desktop/tom/auto_tests/merlin_generated_tests.cpp" line="3460" status="run" result="completed" time="1.963" timestamp="2024-11-14T00:19:40.169" classname="VehicleTrackerTest" />
    <testcase name="VehicleTracker_MinIouThresholdDefault" file="/home/tom/Desktop/tom/auto_tests/merlin_generated_tests.cpp" line="3473" status="run" result="completed" time="1.46" timestamp="2024-11-14T00:19:42.132" classname="VehicleTrackerTest" />
    <testcase name="Update_VehicleTracker_MinIouThresholdDefault" file="/home/tom/Desktop/tom/auto_tests/merlin_generated_tests.cpp" line="3477" status="run" result="completed" time="1.462" timestamp="2024-11-14T00:19:43.593" classname="VehicleTrackerTest" />
    <testcase name="VehicleTracker_MinIouThresholdRange" file="/home/tom/Desktop/tom/auto_tests/merlin_generated_tests.cpp" line="3484" status="run" result="completed" time="1.454" timestamp="2024-11-14T00:19:45.055" classname="VehicleTrackerTest" />
    <testcase name="Update_VehicleTracker_MinIouThresholdRange" file="/home/tom/Desktop/tom/auto_tests/merlin_generated_tests.cpp" line="3493" status="run" result="completed" time="1.464" timestamp="2024-11-14T00:19:46.509" classname="VehicleTrackerTest" />
  </testsuite>
  <testsuite name="VmdTrackerTest" tests="44" failures="0" disabled="0" skipped="0" errors="0" time="64.935" timestamp="2024-11-14T00:19:47.974">
    <testcase name="VmdTracker_EnableDefault" file="/home/tom/Desktop/tom/auto_tests/merlin_generated_tests.cpp" line="3531" status="run" result="completed" time="1.459" timestamp="2024-11-14T00:19:47.974" classname="VmdTrackerTest" />
    <testcase name="Update_VmdTracker_EnableDefault" file="/home/tom/Desktop/tom/auto_tests/merlin_generated_tests.cpp" line="3535" status="run" result="completed" time="1.474" timestamp="2024-11-14T00:19:49.433" classname="VmdTrackerTest" />
    <testcase name="VmdTracker_EnableRandom" file="/home/tom/Desktop/tom/auto_tests/merlin_generated_tests.cpp" line="3542" status="run" result="completed" time="1.46" timestamp="2024-11-14T00:19:50.908" classname="VmdTrackerTest" />
    <testcase name="Update_VmdTracker_EnableRandom" file="/home/tom/Desktop/tom/auto_tests/merlin_generated_tests.cpp" line="3547" status="run" result="completed" time="1.46" timestamp="2024-11-14T00:19:52.368" classname="VmdTrackerTest" />
    <testcase name="VmdTracker_MaxTimeSinceUpdateToReportMsDefault" file="/home/tom/Desktop/tom/auto_tests/merlin_generated_tests.cpp" line="3557" status="run" result="completed" time="1.465" timestamp="2024-11-14T00:19:53.829" classname="VmdTrackerTest" />
    <testcase name="Update_VmdTracker_MaxTimeSinceUpdateToReportMsDefault" file="/home/tom/Desktop/tom/auto_tests/merlin_generated_tests.cpp" line="3561" status="run" result="completed" time="1.483" timestamp="2024-11-14T00:19:55.295" classname="VmdTrackerTest" />
    <testcase name="VmdTracker_MaxTimeSinceUpdateToReportMsRandom" file="/home/tom/Desktop/tom/auto_tests/merlin_generated_tests.cpp" line="3568" status="run" result="completed" time="1.461" timestamp="2024-11-14T00:19:56.779" classname="VmdTrackerTest" />
    <testcase name="Update_VmdTracker_MaxTimeSinceUpdateToReportMsRandom" file="/home/tom/Desktop/tom/auto_tests/merlin_generated_tests.cpp" line="3573" status="run" result="completed" time="1.478" timestamp="2024-11-14T00:19:58.241" classname="VmdTrackerTest" />
    <testcase name="VmdTracker_InitTrackSizeDefault" file="/home/tom/Desktop/tom/auto_tests/merlin_generated_tests.cpp" line="3583" status="run" result="completed" time="1.46" timestamp="2024-11-14T00:19:59.720" classname="VmdTrackerTest" />
    <testcase name="Update_VmdTracker_InitTrackSizeDefault" file="/home/tom/Desktop/tom/auto_tests/merlin_generated_tests.cpp" line="3587" status="run" result="completed" time="1.465" timestamp="2024-11-14T00:20:01.180" classname="VmdTrackerTest" />
    <testcase name="VmdTracker_InitTrackSizeRange" file="/home/tom/Desktop/tom/auto_tests/merlin_generated_tests.cpp" line="3594" status="run" result="completed" time="1.458" timestamp="2024-11-14T00:20:02.646" classname="VmdTrackerTest" />
    <testcase name="Update_VmdTracker_InitTrackSizeRange" file="/home/tom/Desktop/tom/auto_tests/merlin_generated_tests.cpp" line="3603" status="run" result="completed" time="1.464" timestamp="2024-11-14T00:20:04.104" classname="VmdTrackerTest" />
    <testcase name="VmdTracker_InitThresholdDefault" file="/home/tom/Desktop/tom/auto_tests/merlin_generated_tests.cpp" line="3616" status="run" result="completed" time="1.478" timestamp="2024-11-14T00:20:05.569" classname="VmdTrackerTest" />
    <testcase name="Update_VmdTracker_InitThresholdDefault" file="/home/tom/Desktop/tom/auto_tests/merlin_generated_tests.cpp" line="3620" status="run" result="completed" time="1.458" timestamp="2024-11-14T00:20:07.048" classname="VmdTrackerTest" />
    <testcase name="VmdTracker_InitThresholdRange" file="/home/tom/Desktop/tom/auto_tests/merlin_generated_tests.cpp" line="3627" status="run" result="completed" time="1.468" timestamp="2024-11-14T00:20:08.506" classname="VmdTrackerTest" />
    <testcase name="Update_VmdTracker_InitThresholdRange" file="/home/tom/Desktop/tom/auto_tests/merlin_generated_tests.cpp" line="3636" status="run" result="completed" time="1.454" timestamp="2024-11-14T00:20:09.975" classname="VmdTrackerTest" />
    <testcase name="VmdTracker_InitMetricDefault" file="/home/tom/Desktop/tom/auto_tests/merlin_generated_tests.cpp" line="3649" status="run" result="completed" time="1.486" timestamp="2024-11-14T00:20:11.430" classname="VmdTrackerTest" />
    <testcase name="Update_VmdTracker_InitMetricDefault" file="/home/tom/Desktop/tom/auto_tests/merlin_generated_tests.cpp" line="3653" status="run" result="completed" time="1.465" timestamp="2024-11-14T00:20:12.917" classname="VmdTrackerTest" />
    <testcase name="VmdTracker_InitMetricEnum" file="/home/tom/Desktop/tom/auto_tests/merlin_generated_tests.cpp" line="3661" status="run" result="completed" time="1.463" timestamp="2024-11-14T00:20:14.382" classname="VmdTrackerTest" />
    <testcase name="Update_VmdTracker_InitMetricEnum" file="/home/tom/Desktop/tom/auto_tests/merlin_generated_tests.cpp" line="3668" status="run" result="completed" time="1.455" timestamp="2024-11-14T00:20:15.846" classname="VmdTrackerTest" />
    <testcase name="VmdTracker_MaxPredictedTimeMsDefault" file="/home/tom/Desktop/tom/auto_tests/merlin_generated_tests.cpp" line="3681" status="run" result="completed" time="1.468" timestamp="2024-11-14T00:20:17.302" classname="VmdTrackerTest" />
    <testcase name="Update_VmdTracker_MaxPredictedTimeMsDefault" file="/home/tom/Desktop/tom/auto_tests/merlin_generated_tests.cpp" line="3685" status="run" result="completed" time="1.458" timestamp="2024-11-14T00:20:18.770" classname="VmdTrackerTest" />
    <testcase name="VmdTracker_MaxPredictedTimeMsRandom" file="/home/tom/Desktop/tom/auto_tests/merlin_generated_tests.cpp" line="3692" status="run" result="completed" time="1.455" timestamp="2024-11-14T00:20:20.228" classname="VmdTrackerTest" />
    <testcase name="Update_VmdTracker_MaxPredictedTimeMsRandom" file="/home/tom/Desktop/tom/auto_tests/merlin_generated_tests.cpp" line="3697" status="run" result="completed" time="1.459" timestamp="2024-11-14T00:20:21.683" classname="VmdTrackerTest" />
    <testcase name="VmdTracker_TrackFeaturesHistorySizeDefault" file="/home/tom/Desktop/tom/auto_tests/merlin_generated_tests.cpp" line="3707" status="run" result="completed" time="1.46" timestamp="2024-11-14T00:20:23.143" classname="VmdTrackerTest" />
    <testcase name="Update_VmdTracker_TrackFeaturesHistorySizeDefault" file="/home/tom/Desktop/tom/auto_tests/merlin_generated_tests.cpp" line="3711" status="run" result="completed" time="1.453" timestamp="2024-11-14T00:20:24.604" classname="VmdTrackerTest" />
    <testcase name="VmdTracker_TrackFeaturesHistorySizeRange" file="/home/tom/Desktop/tom/auto_tests/merlin_generated_tests.cpp" line="3718" status="run" result="completed" time="1.487" timestamp="2024-11-14T00:20:26.057" classname="VmdTrackerTest" />
    <testcase name="Update_VmdTracker_TrackFeaturesHistorySizeRange" file="/home/tom/Desktop/tom/auto_tests/merlin_generated_tests.cpp" line="3727" status="run" result="completed" time="1.48" timestamp="2024-11-14T00:20:27.544" classname="VmdTrackerTest" />
    <testcase name="VmdTracker_FeatureWeightDefault" file="/home/tom/Desktop/tom/auto_tests/merlin_generated_tests.cpp" line="3740" status="run" result="completed" time="1.462" timestamp="2024-11-14T00:20:29.025" classname="VmdTrackerTest" />
    <testcase name="Update_VmdTracker_FeatureWeightDefault" file="/home/tom/Desktop/tom/auto_tests/merlin_generated_tests.cpp" line="3744" status="run" result="completed" time="1.458" timestamp="2024-11-14T00:20:30.488" classname="VmdTrackerTest" />
    <testcase name="VmdTracker_FeatureWeightRange" file="/home/tom/Desktop/tom/auto_tests/merlin_generated_tests.cpp" line="3751" status="run" result="completed" time="1.467" timestamp="2024-11-14T00:20:31.946" classname="VmdTrackerTest" />
    <testcase name="Update_VmdTracker_FeatureWeightRange" file="/home/tom/Desktop/tom/auto_tests/merlin_generated_tests.cpp" line="3760" status="run" result="completed" time="1.456" timestamp="2024-11-14T00:20:33.413" classname="VmdTrackerTest" />
    <testcase name="VmdTracker_MaxCosineDistanceDefault" file="/home/tom/Desktop/tom/auto_tests/merlin_generated_tests.cpp" line="3773" status="run" result="completed" time="1.467" timestamp="2024-11-14T00:20:34.870" classname="VmdTrackerTest" />
    <testcase name="Update_VmdTracker_MaxCosineDistanceDefault" file="/home/tom/Desktop/tom/auto_tests/merlin_generated_tests.cpp" line="3777" status="run" result="completed" time="1.451" timestamp="2024-11-14T00:20:36.338" classname="VmdTrackerTest" />
    <testcase name="VmdTracker_MaxCosineDistanceRange" file="/home/tom/Desktop/tom/auto_tests/merlin_generated_tests.cpp" line="3784" status="run" result="completed" time="1.447" timestamp="2024-11-14T00:20:37.790" classname="VmdTrackerTest" />
    <testcase name="Update_VmdTracker_MaxCosineDistanceRange" file="/home/tom/Desktop/tom/auto_tests/merlin_generated_tests.cpp" line="3793" status="run" result="completed" time="1.456" timestamp="2024-11-14T00:20:39.237" classname="VmdTrackerTest" />
    <testcase name="VmdTracker_MaxMahalanobisDistanceDefault" file="/home/tom/Desktop/tom/auto_tests/merlin_generated_tests.cpp" line="3806" status="run" result="completed" time="1.962" timestamp="2024-11-14T00:20:40.694" classname="VmdTrackerTest" />
    <testcase name="Update_VmdTracker_MaxMahalanobisDistanceDefault" file="/home/tom/Desktop/tom/auto_tests/merlin_generated_tests.cpp" line="3810" status="run" result="completed" time="1.462" timestamp="2024-11-14T00:20:42.656" classname="VmdTrackerTest" />
    <testcase name="VmdTracker_MaxMahalanobisDistanceRange" file="/home/tom/Desktop/tom/auto_tests/merlin_generated_tests.cpp" line="3817" status="run" result="completed" time="1.462" timestamp="2024-11-14T00:20:44.119" classname="VmdTrackerTest" />
    <testcase name="Update_VmdTracker_MaxMahalanobisDistanceRange" file="/home/tom/Desktop/tom/auto_tests/merlin_generated_tests.cpp" line="3826" status="run" result="completed" time="1.463" timestamp="2024-11-14T00:20:45.582" classname="VmdTrackerTest" />
    <testcase name="VmdTracker_MinIouThresholdDefault" file="/home/tom/Desktop/tom/auto_tests/merlin_generated_tests.cpp" line="3839" status="run" result="completed" time="1.454" timestamp="2024-11-14T00:20:47.045" classname="VmdTrackerTest" />
    <testcase name="Update_VmdTracker_MinIouThresholdDefault" file="/home/tom/Desktop/tom/auto_tests/merlin_generated_tests.cpp" line="3843" status="run" result="completed" time="1.464" timestamp="2024-11-14T00:20:48.500" classname="VmdTrackerTest" />
    <testcase name="VmdTracker_MinIouThresholdRange" file="/home/tom/Desktop/tom/auto_tests/merlin_generated_tests.cpp" line="3850" status="run" result="completed" time="1.466" timestamp="2024-11-14T00:20:49.964" classname="VmdTrackerTest" />
    <testcase name="Update_VmdTracker_MinIouThresholdRange" file="/home/tom/Desktop/tom/auto_tests/merlin_generated_tests.cpp" line="3859" status="run" result="completed" time="1.478" timestamp="2024-11-14T00:20:51.430" classname="VmdTrackerTest" />
  </testsuite>
  <testsuite name="TrackerPostprocessorTest" tests="4" failures="0" disabled="0" skipped="0" errors="0" time="5.874" timestamp="2024-11-14T00:20:52.909">
    <testcase name="TrackerPostprocessor_OutputFilter0Default" file="/home/tom/Desktop/tom/auto_tests/merlin_generated_tests.cpp" line="3897" status="run" result="completed" time="1.469" timestamp="2024-11-14T00:20:52.909" classname="TrackerPostprocessorTest" />
    <testcase name="Update_TrackerPostprocessor_OutputFilter0Default" file="/home/tom/Desktop/tom/auto_tests/merlin_generated_tests.cpp" line="3901" status="run" result="completed" time="1.458" timestamp="2024-11-14T00:20:54.378" classname="TrackerPostprocessorTest" />
    <testcase name="TrackerPostprocessor_OutputFilter0Random" file="/home/tom/Desktop/tom/auto_tests/merlin_generated_tests.cpp" line="3908" status="run" result="completed" time="1.457" timestamp="2024-11-14T00:20:55.837" classname="TrackerPostprocessorTest" />
    <testcase name="Update_TrackerPostprocessor_OutputFilter0Random" file="/home/tom/Desktop/tom/auto_tests/merlin_generated_tests.cpp" line="3913" status="run" result="completed" time="1.489" timestamp="2024-11-14T00:20:57.294" classname="TrackerPostprocessorTest" />
  </testsuite>
  <testsuite name="RgbReidTest" tests="50" failures="0" disabled="0" skipped="0" errors="0" time="73.697" timestamp="2024-11-14T00:20:58.784">
    <testcase name="RgbReid_EnableDefault" file="/home/tom/Desktop/tom/auto_tests/merlin_generated_tests.cpp" line="3949" status="run" result="completed" time="1.479" timestamp="2024-11-14T00:20:58.784" classname="RgbReidTest" />
    <testcase name="Update_RgbReid_EnableDefault" file="/home/tom/Desktop/tom/auto_tests/merlin_generated_tests.cpp" line="3953" status="run" result="completed" time="1.461" timestamp="2024-11-14T00:21:00.263" classname="RgbReidTest" />
    <testcase name="RgbReid_EnableRandom" file="/home/tom/Desktop/tom/auto_tests/merlin_generated_tests.cpp" line="3960" status="run" result="completed" time="1.483" timestamp="2024-11-14T00:21:01.725" classname="RgbReidTest" />
    <testcase name="Update_RgbReid_EnableRandom" file="/home/tom/Desktop/tom/auto_tests/merlin_generated_tests.cpp" line="3965" status="run" result="completed" time="1.462" timestamp="2024-11-14T00:21:03.208" classname="RgbReidTest" />
    <testcase name="RgbReid_ModeDefault" file="/home/tom/Desktop/tom/auto_tests/merlin_generated_tests.cpp" line="3975" status="run" result="completed" time="1.46" timestamp="2024-11-14T00:21:04.671" classname="RgbReidTest" />
    <testcase name="Update_RgbReid_ModeDefault" file="/home/tom/Desktop/tom/auto_tests/merlin_generated_tests.cpp" line="3979" status="run" result="completed" time="1.458" timestamp="2024-11-14T00:21:06.131" classname="RgbReidTest" />
    <testcase name="RgbReid_ModeEnum" file="/home/tom/Desktop/tom/auto_tests/merlin_generated_tests.cpp" line="3987" status="run" result="completed" time="1.464" timestamp="2024-11-14T00:21:07.590" classname="RgbReidTest" />
    <testcase name="Update_RgbReid_ModeEnum" file="/home/tom/Desktop/tom/auto_tests/merlin_generated_tests.cpp" line="3994" status="run" result="completed" time="1.453" timestamp="2024-11-14T00:21:09.054" classname="RgbReidTest" />
    <testcase name="RgbReid_EnableCalibrationDefault" file="/home/tom/Desktop/tom/auto_tests/merlin_generated_tests.cpp" line="4007" status="run" result="completed" time="1.45" timestamp="2024-11-14T00:21:10.508" classname="RgbReidTest" />
    <testcase name="RgbReid_EnableCalibrationRandom" file="/home/tom/Desktop/tom/auto_tests/merlin_generated_tests.cpp" line="4011" status="run" result="completed" time="1.496" timestamp="2024-11-14T00:21:11.958" classname="RgbReidTest" />
    <testcase name="RgbReid_ReidOnceDefault" file="/home/tom/Desktop/tom/auto_tests/merlin_generated_tests.cpp" line="4017" status="run" result="completed" time="1.453" timestamp="2024-11-14T00:21:13.455" classname="RgbReidTest" />
    <testcase name="RgbReid_ReidOnceRandom" file="/home/tom/Desktop/tom/auto_tests/merlin_generated_tests.cpp" line="4021" status="run" result="completed" time="1.468" timestamp="2024-11-14T00:21:14.909" classname="RgbReidTest" />
    <testcase name="RgbReid_CloseIdentitiesFilter_EnableDefault" file="/home/tom/Desktop/tom/auto_tests/merlin_generated_tests.cpp" line="4027" status="run" result="completed" time="1.457" timestamp="2024-11-14T00:21:16.377" classname="RgbReidTest" />
    <testcase name="RgbReid_CloseIdentitiesFilter_EnableRandom" file="/home/tom/Desktop/tom/auto_tests/merlin_generated_tests.cpp" line="4031" status="run" result="completed" time="1.459" timestamp="2024-11-14T00:21:17.835" classname="RgbReidTest" />
    <testcase name="RgbReid_CloseIdentitiesFilter_ThresholdDefault" file="/home/tom/Desktop/tom/auto_tests/merlin_generated_tests.cpp" line="4037" status="run" result="completed" time="1.459" timestamp="2024-11-14T00:21:19.294" classname="RgbReidTest" />
    <testcase name="RgbReid_CloseIdentitiesFilter_ThresholdRandom" file="/home/tom/Desktop/tom/auto_tests/merlin_generated_tests.cpp" line="4041" status="run" result="completed" time="1.467" timestamp="2024-11-14T00:21:20.754" classname="RgbReidTest" />
    <testcase name="RgbReid_Gallery_MaxAgeInGalleryDefault" file="/home/tom/Desktop/tom/auto_tests/merlin_generated_tests.cpp" line="4047" status="run" result="completed" time="1.462" timestamp="2024-11-14T00:21:22.221" classname="RgbReidTest" />
    <testcase name="RgbReid_Gallery_MaxAgeInGalleryRandom" file="/home/tom/Desktop/tom/auto_tests/merlin_generated_tests.cpp" line="4051" status="run" result="completed" time="1.458" timestamp="2024-11-14T00:21:23.684" classname="RgbReidTest" />
    <testcase name="RgbReid_Gallery_MaxObjectsInGalleryDefault" file="/home/tom/Desktop/tom/auto_tests/merlin_generated_tests.cpp" line="4057" status="run" result="completed" time="1.455" timestamp="2024-11-14T00:21:25.143" classname="RgbReidTest" />
    <testcase name="RgbReid_Gallery_MaxObjectsInGalleryRandom" file="/home/tom/Desktop/tom/auto_tests/merlin_generated_tests.cpp" line="4061" status="run" result="completed" time="1.465" timestamp="2024-11-14T00:21:26.598" classname="RgbReidTest" />
    <testcase name="RgbReid_Matcher_TimeAwareMatchingDefault" file="/home/tom/Desktop/tom/auto_tests/merlin_generated_tests.cpp" line="4067" status="run" result="completed" time="1.464" timestamp="2024-11-14T00:21:28.064" classname="RgbReidTest" />
    <testcase name="RgbReid_Matcher_TimeAwareMatchingRandom" file="/home/tom/Desktop/tom/auto_tests/merlin_generated_tests.cpp" line="4071" status="run" result="completed" time="1.46" timestamp="2024-11-14T00:21:29.528" classname="RgbReidTest" />
    <testcase name="RgbReid_Matcher_MatchingScheme_CandidatesCreationTypeDefault" file="/home/tom/Desktop/tom/auto_tests/merlin_generated_tests.cpp" line="4077" status="run" result="completed" time="1.459" timestamp="2024-11-14T00:21:30.989" classname="RgbReidTest" />
    <testcase name="RgbReid_Matcher_MatchingScheme_CandidatesCreationTypeEnum" file="/home/tom/Desktop/tom/auto_tests/merlin_generated_tests.cpp" line="4082" status="run" result="completed" time="1.468" timestamp="2024-11-14T00:21:32.449" classname="RgbReidTest" />
    <testcase name="RgbReid_Matcher_MatchingScheme_MinThresholdDefault" file="/home/tom/Desktop/tom/auto_tests/merlin_generated_tests.cpp" line="4094" status="run" result="completed" time="1.463" timestamp="2024-11-14T00:21:33.917" classname="RgbReidTest" />
    <testcase name="RgbReid_Matcher_MatchingScheme_MinThresholdRandom" file="/home/tom/Desktop/tom/auto_tests/merlin_generated_tests.cpp" line="4098" status="run" result="completed" time="1.461" timestamp="2024-11-14T00:21:35.381" classname="RgbReidTest" />
    <testcase name="RgbReid_Matcher_MatchingScheme_AverageThresholdDefault" file="/home/tom/Desktop/tom/auto_tests/merlin_generated_tests.cpp" line="4104" status="run" result="completed" time="1.969" timestamp="2024-11-14T00:21:36.842" classname="RgbReidTest" />
    <testcase name="RgbReid_Matcher_MatchingScheme_AverageThresholdRandom" file="/home/tom/Desktop/tom/auto_tests/merlin_generated_tests.cpp" line="4108" status="run" result="completed" time="1.457" timestamp="2024-11-14T00:21:38.812" classname="RgbReidTest" />
    <testcase name="RgbReid_Matcher_MatchingScheme_DistanceMarginDefault" file="/home/tom/Desktop/tom/auto_tests/merlin_generated_tests.cpp" line="4114" status="run" result="completed" time="1.454" timestamp="2024-11-14T00:21:40.269" classname="RgbReidTest" />
    <testcase name="RgbReid_Matcher_MatchingScheme_DistanceMarginRandom" file="/home/tom/Desktop/tom/auto_tests/merlin_generated_tests.cpp" line="4118" status="run" result="completed" time="1.455" timestamp="2024-11-14T00:21:41.724" classname="RgbReidTest" />
    <testcase name="RgbReid_Matcher_MatchingScheme_MinCountForAverageThresholdUsageDefault" file="/home/tom/Desktop/tom/auto_tests/merlin_generated_tests.cpp" line="4124" status="run" result="completed" time="1.468" timestamp="2024-11-14T00:21:43.179" classname="RgbReidTest" />
    <testcase name="RgbReid_Matcher_MatchingScheme_MinCountForAverageThresholdUsageRandom" file="/home/tom/Desktop/tom/auto_tests/merlin_generated_tests.cpp" line="4128" status="run" result="completed" time="1.459" timestamp="2024-11-14T00:21:44.647" classname="RgbReidTest" />
    <testcase name="RgbReid_ComparativeFeatureManager_MaxClustersDefault" file="/home/tom/Desktop/tom/auto_tests/merlin_generated_tests.cpp" line="4134" status="run" result="completed" time="1.468" timestamp="2024-11-14T00:21:46.107" classname="RgbReidTest" />
    <testcase name="RgbReid_ComparativeFeatureManager_MaxClustersRandom" file="/home/tom/Desktop/tom/auto_tests/merlin_generated_tests.cpp" line="4138" status="run" result="completed" time="1.466" timestamp="2024-11-14T00:21:47.575" classname="RgbReidTest" />
    <testcase name="RgbReid_ComparativeFeatureManager_SimilarityThresholdDefault" file="/home/tom/Desktop/tom/auto_tests/merlin_generated_tests.cpp" line="4144" status="run" result="completed" time="1.466" timestamp="2024-11-14T00:21:49.041" classname="RgbReidTest" />
    <testcase name="RgbReid_ComparativeFeatureManager_SimilarityThresholdRandom" file="/home/tom/Desktop/tom/auto_tests/merlin_generated_tests.cpp" line="4148" status="run" result="completed" time="1.465" timestamp="2024-11-14T00:21:50.508" classname="RgbReidTest" />
    <testcase name="RgbReid_ComparativeFeatureManager_MinCountForClusterValidityDefault" file="/home/tom/Desktop/tom/auto_tests/merlin_generated_tests.cpp" line="4154" status="run" result="completed" time="1.487" timestamp="2024-11-14T00:21:51.974" classname="RgbReidTest" />
    <testcase name="RgbReid_ComparativeFeatureManager_MinCountForClusterValidityRandom" file="/home/tom/Desktop/tom/auto_tests/merlin_generated_tests.cpp" line="4158" status="run" result="completed" time="1.461" timestamp="2024-11-14T00:21:53.461" classname="RgbReidTest" />
    <testcase name="RgbReid_LongTermFeatureExtractorManager_ImageQualityAssessor_EnableDefault" file="/home/tom/Desktop/tom/auto_tests/merlin_generated_tests.cpp" line="4164" status="run" result="completed" time="1.463" timestamp="2024-11-14T00:21:54.923" classname="RgbReidTest" />
    <testcase name="RgbReid_LongTermFeatureExtractorManager_ImageQualityAssessor_EnableRandom" file="/home/tom/Desktop/tom/auto_tests/merlin_generated_tests.cpp" line="4168" status="run" result="completed" time="1.461" timestamp="2024-11-14T00:21:56.386" classname="RgbReidTest" />
    <testcase name="RgbReid_LongTermFeatureExtractorManager_ImageQualityAssessor_Filters0Default" file="/home/tom/Desktop/tom/auto_tests/merlin_generated_tests.cpp" line="4174" status="run" result="completed" time="1.474" timestamp="2024-11-14T00:21:57.848" classname="RgbReidTest" />
    <testcase name="RgbReid_LongTermFeatureExtractorManager_ImageQualityAssessor_Filters0Enum" file="/home/tom/Desktop/tom/auto_tests/merlin_generated_tests.cpp" line="4179" status="run" result="completed" time="1.464" timestamp="2024-11-14T00:21:59.323" classname="RgbReidTest" />
    <testcase name="RgbReid_LongTermFeatureExtractorManager_ImageQualityAssessor_LaplacianFilter_ImageCenterPercentageDefault" file="/home/tom/Desktop/tom/auto_tests/merlin_generated_tests.cpp" line="4187" status="run" result="completed" time="1.458" timestamp="2024-11-14T00:22:00.787" classname="RgbReidTest" />
    <testcase name="RgbReid_LongTermFeatureExtractorManager_ImageQualityAssessor_LaplacianFilter_ImageCenterPercentageRandom" file="/home/tom/Desktop/tom/auto_tests/merlin_generated_tests.cpp" line="4191" status="run" result="completed" time="1.481" timestamp="2024-11-14T00:22:02.246" classname="RgbReidTest" />
    <testcase name="RgbReid_LongTermFeatureExtractorManager_TimeSinceUpdateThresholdDefault" file="/home/tom/Desktop/tom/auto_tests/merlin_generated_tests.cpp" line="4197" status="run" result="completed" time="1.465" timestamp="2024-11-14T00:22:03.727" classname="RgbReidTest" />
    <testcase name="RgbReid_LongTermFeatureExtractorManager_TimeSinceUpdateThresholdRandom" file="/home/tom/Desktop/tom/auto_tests/merlin_generated_tests.cpp" line="4201" status="run" result="completed" time="1.46" timestamp="2024-11-14T00:22:05.193" classname="RgbReidTest" />
    <testcase name="RgbReid_LongTermFeatureExtractorManager_IouThresholdDefault" file="/home/tom/Desktop/tom/auto_tests/merlin_generated_tests.cpp" line="4207" status="run" result="completed" time="1.463" timestamp="2024-11-14T00:22:06.653" classname="RgbReidTest" />
    <testcase name="RgbReid_LongTermFeatureExtractorManager_IouThresholdRandom" file="/home/tom/Desktop/tom/auto_tests/merlin_generated_tests.cpp" line="4211" status="run" result="completed" time="1.469" timestamp="2024-11-14T00:22:08.117" classname="RgbReidTest" />
    <testcase name="RgbReid_LongTermFeatureExtractorManager_MaxFeaturesToExtractPerStepDefault" file="/home/tom/Desktop/tom/auto_tests/merlin_generated_tests.cpp" line="4217" status="run" result="completed" time="1.454" timestamp="2024-11-14T00:22:09.586" classname="RgbReidTest" />
    <testcase name="RgbReid_LongTermFeatureExtractorManager_MaxFeaturesToExtractPerStepRandom" file="/home/tom/Desktop/tom/auto_tests/merlin_generated_tests.cpp" line="4221" status="run" result="completed" time="1.44" timestamp="2024-11-14T00:22:11.041" classname="RgbReidTest" />
  </testsuite>
  <testsuite name="TracksPublisherTest" tests="4" failures="0" disabled="0" skipped="0" errors="0" time="6.415" timestamp="2024-11-14T00:22:12.482">
    <testcase name="TracksPublisher_SourceDataDefault" file="/home/tom/Desktop/tom/auto_tests/merlin_generated_tests.cpp" line="4252" status="run" result="completed" time="2.008" timestamp="2024-11-14T00:22:12.482" classname="TracksPublisherTest" />
    <testcase name="Update_TracksPublisher_SourceDataDefault" file="/home/tom/Desktop/tom/auto_tests/merlin_generated_tests.cpp" line="4256" status="run" result="completed" time="1.474" timestamp="2024-11-14T00:22:14.490" classname="TracksPublisherTest" />
    <testcase name="TracksPublisher_SourceDataEnum" file="/home/tom/Desktop/tom/auto_tests/merlin_generated_tests.cpp" line="4264" status="run" result="completed" time="1.464" timestamp="2024-11-14T00:22:15.965" classname="TracksPublisherTest" />
    <testcase name="Update_TracksPublisher_SourceDataEnum" file="/home/tom/Desktop/tom/auto_tests/merlin_generated_tests.cpp" line="4273" status="run" result="completed" time="1.467" timestamp="2024-11-14T00:22:17.430" classname="TracksPublisherTest" />
  </testsuite>
  <testsuite name="VehicleTelemetryTest" tests="2" failures="0" disabled="0" skipped="0" errors="0" time="0.001" timestamp="2024-11-14T00:22:18.897">
    <testcase name="VehicleTelemetry_SamplingFrequencyMsDefault" file="/home/tom/Desktop/tom/auto_tests/merlin_generated_tests.cpp" line="4298" status="run" result="completed" time="0." timestamp="2024-11-14T00:22:18.897" classname="VehicleTelemetryTest" />
    <testcase name="VehicleTelemetry_SamplingFrequencyMsRange" file="/home/tom/Desktop/tom/auto_tests/merlin_generated_tests.cpp" line="4302" status="run" result="completed" time="0." timestamp="2024-11-14T00:22:18.898" classname="VehicleTelemetryTest" />
  </testsuite>
  <testsuite name="CefRendererTest" tests="16" failures="0" disabled="0" skipped="0" errors="0" time="23.906" timestamp="2024-11-14T00:22:18.899">
    <testcase name="CefRenderer_EnableDefault" file="/home/tom/Desktop/tom/auto_tests/merlin_generated_tests.cpp" line="4337" status="run" result="completed" time="1.458" timestamp="2024-11-14T00:22:18.899" classname="CefRendererTest" />
    <testcase name="Update_CefRenderer_EnableDefault" file="/home/tom/Desktop/tom/auto_tests/merlin_generated_tests.cpp" line="4341" status="run" result="completed" time="1.458" timestamp="2024-11-14T00:22:20.357" classname="CefRendererTest" />
    <testcase name="CefRenderer_EnableRandom" file="/home/tom/Desktop/tom/auto_tests/merlin_generated_tests.cpp" line="4348" status="run" result="completed" time="1.462" timestamp="2024-11-14T00:22:21.816" classname="CefRendererTest" />
    <testcase name="Update_CefRenderer_EnableRandom" file="/home/tom/Desktop/tom/auto_tests/merlin_generated_tests.cpp" line="4353" status="run" result="completed" time="1.462" timestamp="2024-11-14T00:22:23.278" classname="CefRendererTest" />
    <testcase name="CefRenderer_TargetWidthDefault" file="/home/tom/Desktop/tom/auto_tests/merlin_generated_tests.cpp" line="4363" status="run" result="completed" time="1.458" timestamp="2024-11-14T00:22:24.740" classname="CefRendererTest" />
    <testcase name="Update_CefRenderer_TargetWidthDefault" file="/home/tom/Desktop/tom/auto_tests/merlin_generated_tests.cpp" line="4367" status="run" result="completed" time="1.453" timestamp="2024-11-14T00:22:26.198" classname="CefRendererTest" />
    <testcase name="CefRenderer_TargetWidthRandom" file="/home/tom/Desktop/tom/auto_tests/merlin_generated_tests.cpp" line="4374" status="run" result="completed" time="1.965" timestamp="2024-11-14T00:22:27.652" classname="CefRendererTest" />
    <testcase name="Update_CefRenderer_TargetWidthRandom" file="/home/tom/Desktop/tom/auto_tests/merlin_generated_tests.cpp" line="4379" status="run" result="completed" time="1.464" timestamp="2024-11-14T00:22:29.617" classname="CefRendererTest" />
    <testcase name="CefRenderer_TargetHeightDefault" file="/home/tom/Desktop/tom/auto_tests/merlin_generated_tests.cpp" line="4389" status="run" result="completed" time="1.466" timestamp="2024-11-14T00:22:31.081" classname="CefRendererTest" />
    <testcase name="Update_CefRenderer_TargetHeightDefault" file="/home/tom/Desktop/tom/auto_tests/merlin_generated_tests.cpp" line="4393" status="run" result="completed" time="1.465" timestamp="2024-11-14T00:22:32.547" classname="CefRendererTest" />
    <testcase name="CefRenderer_TargetHeightRandom" file="/home/tom/Desktop/tom/auto_tests/merlin_generated_tests.cpp" line="4400" status="run" result="completed" time="1.456" timestamp="2024-11-14T00:22:34.013" classname="CefRendererTest" />
    <testcase name="Update_CefRenderer_TargetHeightRandom" file="/home/tom/Desktop/tom/auto_tests/merlin_generated_tests.cpp" line="4405" status="run" result="completed" time="1.47" timestamp="2024-11-14T00:22:35.470" classname="CefRendererTest" />
    <testcase name="CefRenderer_BrowserFrameRateDefault" file="/home/tom/Desktop/tom/auto_tests/merlin_generated_tests.cpp" line="4415" status="run" result="completed" time="1.481" timestamp="2024-11-14T00:22:36.941" classname="CefRendererTest" />
    <testcase name="Update_CefRenderer_BrowserFrameRateDefault" file="/home/tom/Desktop/tom/auto_tests/merlin_generated_tests.cpp" line="4419" status="run" result="completed" time="1.459" timestamp="2024-11-14T00:22:38.422" classname="CefRendererTest" />
    <testcase name="CefRenderer_BrowserFrameRateRange" file="/home/tom/Desktop/tom/auto_tests/merlin_generated_tests.cpp" line="4426" status="run" result="completed" time="1.46" timestamp="2024-11-14T00:22:39.882" classname="CefRendererTest" />
    <testcase name="Update_CefRenderer_BrowserFrameRateRange" file="/home/tom/Desktop/tom/auto_tests/merlin_generated_tests.cpp" line="4435" status="run" result="completed" time="1.461" timestamp="2024-11-14T00:22:41.343" classname="CefRendererTest" />
  </testsuite>
  <testsuite name="CvRendererTest" tests="464" failures="0" disabled="0" skipped="0" errors="0" time="683.444" timestamp="2024-11-14T00:22:42.805">
    <testcase name="CvRenderer_TargetWidthDefault" file="/home/tom/Desktop/tom/auto_tests/merlin_generated_tests.cpp" line="4473" status="run" result="completed" time="1.475" timestamp="2024-11-14T00:22:42.805" classname="CvRendererTest" />
    <testcase name="Update_CvRenderer_TargetWidthDefault" file="/home/tom/Desktop/tom/auto_tests/merlin_generated_tests.cpp" line="4477" status="run" result="completed" time="1.458" timestamp="2024-11-14T00:22:44.280" classname="CvRendererTest" />
    <testcase name="CvRenderer_TargetWidthRandom" file="/home/tom/Desktop/tom/auto_tests/merlin_generated_tests.cpp" line="4484" status="run" result="completed" time="1.461" timestamp="2024-11-14T00:22:45.739" classname="CvRendererTest" />
    <testcase name="Update_CvRenderer_TargetWidthRandom" file="/home/tom/Desktop/tom/auto_tests/merlin_generated_tests.cpp" line="4489" status="run" result="completed" time="1.453" timestamp="2024-11-14T00:22:47.200" classname="CvRendererTest" />
    <testcase name="CvRenderer_TargetHeightDefault" file="/home/tom/Desktop/tom/auto_tests/merlin_generated_tests.cpp" line="4499" status="run" result="completed" time="1.46" timestamp="2024-11-14T00:22:48.654" classname="CvRendererTest" />
    <testcase name="Update_CvRenderer_TargetHeightDefault" file="/home/tom/Desktop/tom/auto_tests/merlin_generated_tests.cpp" line="4503" status="run" result="completed" time="1.461" timestamp="2024-11-14T00:22:50.114" classname="CvRendererTest" />
    <testcase name="CvRenderer_TargetHeightRandom" file="/home/tom/Desktop/tom/auto_tests/merlin_generated_tests.cpp" line="4510" status="run" result="completed" time="1.462" timestamp="2024-11-14T00:22:51.576" classname="CvRendererTest" />
    <testcase name="Update_CvRenderer_TargetHeightRandom" file="/home/tom/Desktop/tom/auto_tests/merlin_generated_tests.cpp" line="4515" status="run" result="completed" time="1.479" timestamp="2024-11-14T00:22:53.039" classname="CvRendererTest" />
    <testcase name="CvRenderer_SkipAllRenderingDefault" file="/home/tom/Desktop/tom/auto_tests/merlin_generated_tests.cpp" line="4525" status="run" result="completed" time="1.462" timestamp="2024-11-14T00:22:54.518" classname="CvRendererTest" />
    <testcase name="Update_CvRenderer_SkipAllRenderingDefault" file="/home/tom/Desktop/tom/auto_tests/merlin_generated_tests.cpp" line="4529" status="run" result="completed" time="1.471" timestamp="2024-11-14T00:22:55.981" classname="CvRendererTest" />
    <testcase name="CvRenderer_SkipAllRenderingRandom" file="/home/tom/Desktop/tom/auto_tests/merlin_generated_tests.cpp" line="4536" status="run" result="completed" time="1.485" timestamp="2024-11-14T00:22:57.453" classname="CvRendererTest" />
    <testcase name="Update_CvRenderer_SkipAllRenderingRandom" file="/home/tom/Desktop/tom/auto_tests/merlin_generated_tests.cpp" line="4541" status="run" result="completed" time="1.469" timestamp="2024-11-14T00:22:58.939" classname="CvRendererTest" />
    <testcase name="CvRenderer_DrawDetectionsDefault" file="/home/tom/Desktop/tom/auto_tests/merlin_generated_tests.cpp" line="4551" status="run" result="completed" time="1.456" timestamp="2024-11-14T00:23:00.408" classname="CvRendererTest" />
    <testcase name="Update_CvRenderer_DrawDetectionsDefault" file="/home/tom/Desktop/tom/auto_tests/merlin_generated_tests.cpp" line="4555" status="run" result="completed" time="1.464" timestamp="2024-11-14T00:23:01.865" classname="CvRendererTest" />
    <testcase name="CvRenderer_DrawDetectionsRandom" file="/home/tom/Desktop/tom/auto_tests/merlin_generated_tests.cpp" line="4562" status="run" result="completed" time="1.49" timestamp="2024-11-14T00:23:03.330" classname="CvRendererTest" />
    <testcase name="Update_CvRenderer_DrawDetectionsRandom" file="/home/tom/Desktop/tom/auto_tests/merlin_generated_tests.cpp" line="4567" status="run" result="completed" time="1.451" timestamp="2024-11-14T00:23:04.820" classname="CvRendererTest" />
    <testcase name="CvRenderer_DrawTracksDefault" file="/home/tom/Desktop/tom/auto_tests/merlin_generated_tests.cpp" line="4577" status="run" result="completed" time="1.461" timestamp="2024-11-14T00:23:06.272" classname="CvRendererTest" />
    <testcase name="Update_CvRenderer_DrawTracksDefault" file="/home/tom/Desktop/tom/auto_tests/merlin_generated_tests.cpp" line="4581" status="run" result="completed" time="1.46" timestamp="2024-11-14T00:23:07.733" classname="CvRendererTest" />
    <testcase name="CvRenderer_DrawTracksRandom" file="/home/tom/Desktop/tom/auto_tests/merlin_generated_tests.cpp" line="4588" status="run" result="completed" time="1.453" timestamp="2024-11-14T00:23:09.194" classname="CvRendererTest" />
    <testcase name="Update_CvRenderer_DrawTracksRandom" file="/home/tom/Desktop/tom/auto_tests/merlin_generated_tests.cpp" line="4593" status="run" result="completed" time="1.454" timestamp="2024-11-14T00:23:10.647" classname="CvRendererTest" />
    <testcase name="CvRenderer_MarkPredictedTracksDefault" file="/home/tom/Desktop/tom/auto_tests/merlin_generated_tests.cpp" line="4603" status="run" result="completed" time="1.441" timestamp="2024-11-14T00:23:12.102" classname="CvRendererTest" />
    <testcase name="Update_CvRenderer_MarkPredictedTracksDefault" file="/home/tom/Desktop/tom/auto_tests/merlin_generated_tests.cpp" line="4607" status="run" result="completed" time="1.455" timestamp="2024-11-14T00:23:13.543" classname="CvRendererTest" />
    <testcase name="CvRenderer_MarkPredictedTracksRandom" file="/home/tom/Desktop/tom/auto_tests/merlin_generated_tests.cpp" line="4614" status="run" result="completed" time="1.475" timestamp="2024-11-14T00:23:14.999" classname="CvRendererTest" />
    <testcase name="Update_CvRenderer_MarkPredictedTracksRandom" file="/home/tom/Desktop/tom/auto_tests/merlin_generated_tests.cpp" line="4619" status="run" result="completed" time="1.468" timestamp="2024-11-14T00:23:16.474" classname="CvRendererTest" />
    <testcase name="CvRenderer_PrintClassDefault" file="/home/tom/Desktop/tom/auto_tests/merlin_generated_tests.cpp" line="4629" status="run" result="completed" time="1.453" timestamp="2024-11-14T00:23:17.943" classname="CvRendererTest" />
    <testcase name="Update_CvRenderer_PrintClassDefault" file="/home/tom/Desktop/tom/auto_tests/merlin_generated_tests.cpp" line="4633" status="run" result="completed" time="1.466" timestamp="2024-11-14T00:23:19.396" classname="CvRendererTest" />
    <testcase name="CvRenderer_PrintClassRandom" file="/home/tom/Desktop/tom/auto_tests/merlin_generated_tests.cpp" line="4640" status="run" result="completed" time="1.459" timestamp="2024-11-14T00:23:20.863" classname="CvRendererTest" />
    <testcase name="Update_CvRenderer_PrintClassRandom" file="/home/tom/Desktop/tom/auto_tests/merlin_generated_tests.cpp" line="4645" status="run" result="completed" time="1.469" timestamp="2024-11-14T00:23:22.323" classname="CvRendererTest" />
    <testcase name="CvRenderer_PrintScoreDefault" file="/home/tom/Desktop/tom/auto_tests/merlin_generated_tests.cpp" line="4655" status="run" result="completed" time="1.455" timestamp="2024-11-14T00:23:23.792" classname="CvRendererTest" />
    <testcase name="Update_CvRenderer_PrintScoreDefault" file="/home/tom/Desktop/tom/auto_tests/merlin_generated_tests.cpp" line="4659" status="run" result="completed" time="1.462" timestamp="2024-11-14T00:23:25.248" classname="CvRendererTest" />
    <testcase name="CvRenderer_PrintScoreRandom" file="/home/tom/Desktop/tom/auto_tests/merlin_generated_tests.cpp" line="4666" status="run" result="completed" time="1.456" timestamp="2024-11-14T00:23:26.710" classname="CvRendererTest" />
    <testcase name="Update_CvRenderer_PrintScoreRandom" file="/home/tom/Desktop/tom/auto_tests/merlin_generated_tests.cpp" line="4671" status="run" result="completed" time="1.502" timestamp="2024-11-14T00:23:28.166" classname="CvRendererTest" />
    <testcase name="CvRenderer_PrintTrackIdDefault" file="/home/tom/Desktop/tom/auto_tests/merlin_generated_tests.cpp" line="4681" status="run" result="completed" time="1.458" timestamp="2024-11-14T00:23:29.669" classname="CvRendererTest" />
    <testcase name="Update_CvRenderer_PrintTrackIdDefault" file="/home/tom/Desktop/tom/auto_tests/merlin_generated_tests.cpp" line="4685" status="run" result="completed" time="1.459" timestamp="2024-11-14T00:23:31.128" classname="CvRendererTest" />
    <testcase name="CvRenderer_PrintTrackIdRandom" file="/home/tom/Desktop/tom/auto_tests/merlin_generated_tests.cpp" line="4692" status="run" result="completed" time="1.47" timestamp="2024-11-14T00:23:32.588" classname="CvRendererTest" />
    <testcase name="Update_CvRenderer_PrintTrackIdRandom" file="/home/tom/Desktop/tom/auto_tests/merlin_generated_tests.cpp" line="4697" status="run" result="completed" time="1.463" timestamp="2024-11-14T00:23:34.058" classname="CvRendererTest" />
    <testcase name="CvRenderer_ColorTrackDefault" file="/home/tom/Desktop/tom/auto_tests/merlin_generated_tests.cpp" line="4707" status="run" result="completed" time="1.453" timestamp="2024-11-14T00:23:35.522" classname="CvRendererTest" />
    <testcase name="Update_CvRenderer_ColorTrackDefault" file="/home/tom/Desktop/tom/auto_tests/merlin_generated_tests.cpp" line="4711" status="run" result="completed" time="1.466" timestamp="2024-11-14T00:23:36.975" classname="CvRendererTest" />
    <testcase name="CvRenderer_ColorTrackRandom" file="/home/tom/Desktop/tom/auto_tests/merlin_generated_tests.cpp" line="4718" status="run" result="completed" time="1.477" timestamp="2024-11-14T00:23:38.442" classname="CvRendererTest" />
    <testcase name="Update_CvRenderer_ColorTrackRandom" file="/home/tom/Desktop/tom/auto_tests/merlin_generated_tests.cpp" line="4723" status="run" result="completed" time="1.456" timestamp="2024-11-14T00:23:39.919" classname="CvRendererTest" />
    <testcase name="CvRenderer_DrawTrackVelocityDefault" file="/home/tom/Desktop/tom/auto_tests/merlin_generated_tests.cpp" line="4733" status="run" result="completed" time="1.461" timestamp="2024-11-14T00:23:41.376" classname="CvRendererTest" />
    <testcase name="Update_CvRenderer_DrawTrackVelocityDefault" file="/home/tom/Desktop/tom/auto_tests/merlin_generated_tests.cpp" line="4737" status="run" result="completed" time="1.459" timestamp="2024-11-14T00:23:42.838" classname="CvRendererTest" />
    <testcase name="CvRenderer_DrawTrackVelocityRandom" file="/home/tom/Desktop/tom/auto_tests/merlin_generated_tests.cpp" line="4744" status="run" result="completed" time="1.459" timestamp="2024-11-14T00:23:44.297" classname="CvRendererTest" />
    <testcase name="Update_CvRenderer_DrawTrackVelocityRandom" file="/home/tom/Desktop/tom/auto_tests/merlin_generated_tests.cpp" line="4749" status="run" result="completed" time="1.46" timestamp="2024-11-14T00:23:45.757" classname="CvRendererTest" />
    <testcase name="CvRenderer_TrackVelocityFactorDefault" file="/home/tom/Desktop/tom/auto_tests/merlin_generated_tests.cpp" line="4759" status="run" result="completed" time="1.455" timestamp="2024-11-14T00:23:47.217" classname="CvRendererTest" />
    <testcase name="Update_CvRenderer_TrackVelocityFactorDefault" file="/home/tom/Desktop/tom/auto_tests/merlin_generated_tests.cpp" line="4763" status="run" result="completed" time="1.488" timestamp="2024-11-14T00:23:48.673" classname="CvRendererTest" />
    <testcase name="CvRenderer_TrackVelocityFactorRange" file="/home/tom/Desktop/tom/auto_tests/merlin_generated_tests.cpp" line="4770" status="run" result="completed" time="1.458" timestamp="2024-11-14T00:23:50.162" classname="CvRendererTest" />
    <testcase name="Update_CvRenderer_TrackVelocityFactorRange" file="/home/tom/Desktop/tom/auto_tests/merlin_generated_tests.cpp" line="4779" status="run" result="completed" time="1.461" timestamp="2024-11-14T00:23:51.621" classname="CvRendererTest" />
    <testcase name="CvRenderer_PrintDistanceDefault" file="/home/tom/Desktop/tom/auto_tests/merlin_generated_tests.cpp" line="4792" status="run" result="completed" time="1.46" timestamp="2024-11-14T00:23:53.083" classname="CvRendererTest" />
    <testcase name="Update_CvRenderer_PrintDistanceDefault" file="/home/tom/Desktop/tom/auto_tests/merlin_generated_tests.cpp" line="4796" status="run" result="completed" time="1.459" timestamp="2024-11-14T00:23:54.543" classname="CvRendererTest" />
    <testcase name="CvRenderer_PrintDistanceRandom" file="/home/tom/Desktop/tom/auto_tests/merlin_generated_tests.cpp" line="4803" status="run" result="completed" time="1.473" timestamp="2024-11-14T00:23:56.003" classname="CvRendererTest" />
    <testcase name="Update_CvRenderer_PrintDistanceRandom" file="/home/tom/Desktop/tom/auto_tests/merlin_generated_tests.cpp" line="4808" status="run" result="completed" time="1.461" timestamp="2024-11-14T00:23:57.476" classname="CvRendererTest" />
    <testcase name="CvRenderer_PrintAttributesDefault" file="/home/tom/Desktop/tom/auto_tests/merlin_generated_tests.cpp" line="4818" status="run" result="completed" time="1.459" timestamp="2024-11-14T00:23:58.938" classname="CvRendererTest" />
    <testcase name="Update_CvRenderer_PrintAttributesDefault" file="/home/tom/Desktop/tom/auto_tests/merlin_generated_tests.cpp" line="4822" status="run" result="completed" time="1.463" timestamp="2024-11-14T00:24:00.398" classname="CvRendererTest" />
    <testcase name="CvRenderer_PrintAttributesRandom" file="/home/tom/Desktop/tom/auto_tests/merlin_generated_tests.cpp" line="4829" status="run" result="completed" time="1.458" timestamp="2024-11-14T00:24:01.861" classname="CvRendererTest" />
    <testcase name="Update_CvRenderer_PrintAttributesRandom" file="/home/tom/Desktop/tom/auto_tests/merlin_generated_tests.cpp" line="4834" status="run" result="completed" time="1.463" timestamp="2024-11-14T00:24:03.320" classname="CvRendererTest" />
    <testcase name="CvRenderer_PrintDebugStatusDefault" file="/home/tom/Desktop/tom/auto_tests/merlin_generated_tests.cpp" line="4844" status="run" result="completed" time="1.458" timestamp="2024-11-14T00:24:04.783" classname="CvRendererTest" />
    <testcase name="Update_CvRenderer_PrintDebugStatusDefault" file="/home/tom/Desktop/tom/auto_tests/merlin_generated_tests.cpp" line="4848" status="run" result="completed" time="1.453" timestamp="2024-11-14T00:24:06.242" classname="CvRendererTest" />
    <testcase name="CvRenderer_PrintDebugStatusRandom" file="/home/tom/Desktop/tom/auto_tests/merlin_generated_tests.cpp" line="4855" status="run" result="completed" time="1.46" timestamp="2024-11-14T00:24:07.695" classname="CvRendererTest" />
    <testcase name="Update_CvRenderer_PrintDebugStatusRandom" file="/home/tom/Desktop/tom/auto_tests/merlin_generated_tests.cpp" line="4860" status="run" result="completed" time="1.959" timestamp="2024-11-14T00:24:09.156" classname="CvRendererTest" />
    <testcase name="CvRenderer_DrawCenterOfMassDefault" file="/home/tom/Desktop/tom/auto_tests/merlin_generated_tests.cpp" line="4870" status="run" result="completed" time="1.461" timestamp="2024-11-14T00:24:11.115" classname="CvRendererTest" />
    <testcase name="Update_CvRenderer_DrawCenterOfMassDefault" file="/home/tom/Desktop/tom/auto_tests/merlin_generated_tests.cpp" line="4874" status="run" result="completed" time="1.454" timestamp="2024-11-14T00:24:12.577" classname="CvRendererTest" />
    <testcase name="CvRenderer_DrawCenterOfMassRandom" file="/home/tom/Desktop/tom/auto_tests/merlin_generated_tests.cpp" line="4881" status="run" result="completed" time="1.488" timestamp="2024-11-14T00:24:14.031" classname="CvRendererTest" />
    <testcase name="Update_CvRenderer_DrawCenterOfMassRandom" file="/home/tom/Desktop/tom/auto_tests/merlin_generated_tests.cpp" line="4886" status="run" result="completed" time="1.473" timestamp="2024-11-14T00:24:15.520" classname="CvRendererTest" />
    <testcase name="CvRenderer_CenterOfMassRadiusDefault" file="/home/tom/Desktop/tom/auto_tests/merlin_generated_tests.cpp" line="4896" status="run" result="completed" time="1.453" timestamp="2024-11-14T00:24:16.994" classname="CvRendererTest" />
    <testcase name="Update_CvRenderer_CenterOfMassRadiusDefault" file="/home/tom/Desktop/tom/auto_tests/merlin_generated_tests.cpp" line="4900" status="run" result="completed" time="1.459" timestamp="2024-11-14T00:24:18.448" classname="CvRendererTest" />
    <testcase name="CvRenderer_CenterOfMassRadiusRange" file="/home/tom/Desktop/tom/auto_tests/merlin_generated_tests.cpp" line="4907" status="run" result="completed" time="1.452" timestamp="2024-11-14T00:24:19.907" classname="CvRendererTest" />
    <testcase name="Update_CvRenderer_CenterOfMassRadiusRange" file="/home/tom/Desktop/tom/auto_tests/merlin_generated_tests.cpp" line="4916" status="run" result="completed" time="1.461" timestamp="2024-11-14T00:24:21.360" classname="CvRendererTest" />
    <testcase name="CvRenderer_ReidHotCold_SkipRenderingDefault" file="/home/tom/Desktop/tom/auto_tests/merlin_generated_tests.cpp" line="4929" status="run" result="completed" time="1.468" timestamp="2024-11-14T00:24:22.821" classname="CvRendererTest" />
    <testcase name="Update_CvRenderer_ReidHotCold_SkipRenderingDefault" file="/home/tom/Desktop/tom/auto_tests/merlin_generated_tests.cpp" line="4933" status="run" result="completed" time="1.477" timestamp="2024-11-14T00:24:24.290" classname="CvRendererTest" />
    <testcase name="CvRenderer_ReidHotCold_SkipRenderingRandom" file="/home/tom/Desktop/tom/auto_tests/merlin_generated_tests.cpp" line="4940" status="run" result="completed" time="1.462" timestamp="2024-11-14T00:24:25.768" classname="CvRendererTest" />
    <testcase name="Update_CvRenderer_ReidHotCold_SkipRenderingRandom" file="/home/tom/Desktop/tom/auto_tests/merlin_generated_tests.cpp" line="4945" status="run" result="completed" time="1.47" timestamp="2024-11-14T00:24:27.230" classname="CvRendererTest" />
    <testcase name="CvRenderer_ReidHotCold_PrintScoreDefault" file="/home/tom/Desktop/tom/auto_tests/merlin_generated_tests.cpp" line="4955" status="run" result="completed" time="1.449" timestamp="2024-11-14T00:24:28.701" classname="CvRendererTest" />
    <testcase name="Update_CvRenderer_ReidHotCold_PrintScoreDefault" file="/home/tom/Desktop/tom/auto_tests/merlin_generated_tests.cpp" line="4959" status="run" result="completed" time="1.461" timestamp="2024-11-14T00:24:30.150" classname="CvRendererTest" />
    <testcase name="CvRenderer_ReidHotCold_PrintScoreRandom" file="/home/tom/Desktop/tom/auto_tests/merlin_generated_tests.cpp" line="4966" status="run" result="completed" time="1.461" timestamp="2024-11-14T00:24:31.611" classname="CvRendererTest" />
    <testcase name="Update_CvRenderer_ReidHotCold_PrintScoreRandom" file="/home/tom/Desktop/tom/auto_tests/merlin_generated_tests.cpp" line="4971" status="run" result="completed" time="1.461" timestamp="2024-11-14T00:24:33.073" classname="CvRendererTest" />
    <testcase name="CvRenderer_ReidHotCold_MinScoreToRenderDefault" file="/home/tom/Desktop/tom/auto_tests/merlin_generated_tests.cpp" line="4981" status="run" result="completed" time="1.964" timestamp="2024-11-14T00:24:34.534" classname="CvRendererTest" />
    <testcase name="Update_CvRenderer_ReidHotCold_MinScoreToRenderDefault" file="/home/tom/Desktop/tom/auto_tests/merlin_generated_tests.cpp" line="4985" status="run" result="completed" time="1.466" timestamp="2024-11-14T00:24:36.498" classname="CvRendererTest" />
    <testcase name="CvRenderer_ReidHotCold_MinScoreToRenderRandom" file="/home/tom/Desktop/tom/auto_tests/merlin_generated_tests.cpp" line="4992" status="run" result="completed" time="1.457" timestamp="2024-11-14T00:24:37.965" classname="CvRendererTest" />
    <testcase name="Update_CvRenderer_ReidHotCold_MinScoreToRenderRandom" file="/home/tom/Desktop/tom/auto_tests/merlin_generated_tests.cpp" line="4997" status="run" result="completed" time="1.47" timestamp="2024-11-14T00:24:39.422" classname="CvRendererTest" />
    <testcase name="CvRenderer_ReidHotCold_ColorLineThicknessDefault" file="/home/tom/Desktop/tom/auto_tests/merlin_generated_tests.cpp" line="5007" status="run" result="completed" time="1.462" timestamp="2024-11-14T00:24:40.893" classname="CvRendererTest" />
    <testcase name="Update_CvRenderer_ReidHotCold_ColorLineThicknessDefault" file="/home/tom/Desktop/tom/auto_tests/merlin_generated_tests.cpp" line="5011" status="run" result="completed" time="1.461" timestamp="2024-11-14T00:24:42.356" classname="CvRendererTest" />
    <testcase name="CvRenderer_ReidHotCold_ColorLineThicknessRange" file="/home/tom/Desktop/tom/auto_tests/merlin_generated_tests.cpp" line="5018" status="run" result="completed" time="1.461" timestamp="2024-11-14T00:24:43.817" classname="CvRendererTest" />
    <testcase name="Update_CvRenderer_ReidHotCold_ColorLineThicknessRange" file="/home/tom/Desktop/tom/auto_tests/merlin_generated_tests.cpp" line="5027" status="run" result="completed" time="1.452" timestamp="2024-11-14T00:24:45.279" classname="CvRendererTest" />
    <testcase name="CvRenderer_ReidHotCold_ColorLineDistanceDefault" file="/home/tom/Desktop/tom/auto_tests/merlin_generated_tests.cpp" line="5040" status="run" result="completed" time="1.465" timestamp="2024-11-14T00:24:46.732" classname="CvRendererTest" />
    <testcase name="Update_CvRenderer_ReidHotCold_ColorLineDistanceDefault" file="/home/tom/Desktop/tom/auto_tests/merlin_generated_tests.cpp" line="5044" status="run" result="completed" time="1.463" timestamp="2024-11-14T00:24:48.198" classname="CvRendererTest" />
    <testcase name="CvRenderer_ReidHotCold_ColorLineDistanceRange" file="/home/tom/Desktop/tom/auto_tests/merlin_generated_tests.cpp" line="5051" status="run" result="completed" time="1.963" timestamp="2024-11-14T00:24:49.662" classname="CvRendererTest" />
    <testcase name="Update_CvRenderer_ReidHotCold_ColorLineDistanceRange" file="/home/tom/Desktop/tom/auto_tests/merlin_generated_tests.cpp" line="5060" status="run" result="completed" time="1.458" timestamp="2024-11-14T00:24:51.625" classname="CvRendererTest" />
    <testcase name="CvRenderer_ReidHotCold_ColorMapDefault" file="/home/tom/Desktop/tom/auto_tests/merlin_generated_tests.cpp" line="5073" status="run" result="completed" time="1.461" timestamp="2024-11-14T00:24:53.084" classname="CvRendererTest" />
    <testcase name="Update_CvRenderer_ReidHotCold_ColorMapDefault" file="/home/tom/Desktop/tom/auto_tests/merlin_generated_tests.cpp" line="5077" status="run" result="completed" time="1.457" timestamp="2024-11-14T00:24:54.545" classname="CvRendererTest" />
    <testcase name="CvRenderer_ReidHotCold_ColorMapEnum" file="/home/tom/Desktop/tom/auto_tests/merlin_generated_tests.cpp" line="5085" status="run" result="completed" time="1.46" timestamp="2024-11-14T00:24:56.002" classname="CvRendererTest" />
    <testcase name="Update_CvRenderer_ReidHotCold_ColorMapEnum" file="/home/tom/Desktop/tom/auto_tests/merlin_generated_tests.cpp" line="5126" status="run" result="completed" time="1.488" timestamp="2024-11-14T00:24:57.463" classname="CvRendererTest" />
    <testcase name="CvRenderer_Cross_SkipRenderingDefault" file="/home/tom/Desktop/tom/auto_tests/merlin_generated_tests.cpp" line="5190" status="run" result="completed" time="1.451" timestamp="2024-11-14T00:24:58.951" classname="CvRendererTest" />
    <testcase name="Update_CvRenderer_Cross_SkipRenderingDefault" file="/home/tom/Desktop/tom/auto_tests/merlin_generated_tests.cpp" line="5194" status="run" result="completed" time="1.464" timestamp="2024-11-14T00:25:00.403" classname="CvRendererTest" />
    <testcase name="CvRenderer_Cross_SkipRenderingRandom" file="/home/tom/Desktop/tom/auto_tests/merlin_generated_tests.cpp" line="5201" status="run" result="completed" time="1.46" timestamp="2024-11-14T00:25:01.868" classname="CvRendererTest" />
    <testcase name="Update_CvRenderer_Cross_SkipRenderingRandom" file="/home/tom/Desktop/tom/auto_tests/merlin_generated_tests.cpp" line="5206" status="run" result="completed" time="1.46" timestamp="2024-11-14T00:25:03.329" classname="CvRendererTest" />
    <testcase name="CvRenderer_Cross_ColorDefault" file="/home/tom/Desktop/tom/auto_tests/merlin_generated_tests.cpp" line="5216" status="run" result="completed" time="1.478" timestamp="2024-11-14T00:25:04.789" classname="CvRendererTest" />
    <testcase name="Update_CvRenderer_Cross_ColorDefault" file="/home/tom/Desktop/tom/auto_tests/merlin_generated_tests.cpp" line="5220" status="run" result="completed" time="1.463" timestamp="2024-11-14T00:25:06.267" classname="CvRendererTest" />
    <testcase name="CvRenderer_Cross_ColorRandom" file="/home/tom/Desktop/tom/auto_tests/merlin_generated_tests.cpp" line="5227" status="run" result="completed" time="1.451" timestamp="2024-11-14T00:25:07.731" classname="CvRendererTest" />
    <testcase name="Update_CvRenderer_Cross_ColorRandom" file="/home/tom/Desktop/tom/auto_tests/merlin_generated_tests.cpp" line="5232" status="run" result="completed" time="1.452" timestamp="2024-11-14T00:25:09.183" classname="CvRendererTest" />
    <testcase name="CvRenderer_Cross_SizeInPercentsDefault" file="/home/tom/Desktop/tom/auto_tests/merlin_generated_tests.cpp" line="5242" status="run" result="completed" time="1.46" timestamp="2024-11-14T00:25:10.636" classname="CvRendererTest" />
    <testcase name="Update_CvRenderer_Cross_SizeInPercentsDefault" file="/home/tom/Desktop/tom/auto_tests/merlin_generated_tests.cpp" line="5246" status="run" result="completed" time="1.463" timestamp="2024-11-14T00:25:12.097" classname="CvRendererTest" />
    <testcase name="CvRenderer_Cross_SizeInPercentsRandom" file="/home/tom/Desktop/tom/auto_tests/merlin_generated_tests.cpp" line="5253" status="run" result="completed" time="1.456" timestamp="2024-11-14T00:25:13.560" classname="CvRendererTest" />
    <testcase name="Update_CvRenderer_Cross_SizeInPercentsRandom" file="/home/tom/Desktop/tom/auto_tests/merlin_generated_tests.cpp" line="5258" status="run" result="completed" time="1.477" timestamp="2024-11-14T00:25:15.016" classname="CvRendererTest" />
    <testcase name="CvRenderer_Cross_ThicknessDefault" file="/home/tom/Desktop/tom/auto_tests/merlin_generated_tests.cpp" line="5268" status="run" result="completed" time="1.474" timestamp="2024-11-14T00:25:16.494" classname="CvRendererTest" />
    <testcase name="Update_CvRenderer_Cross_ThicknessDefault" file="/home/tom/Desktop/tom/auto_tests/merlin_generated_tests.cpp" line="5272" status="run" result="completed" time="1.46" timestamp="2024-11-14T00:25:17.968" classname="CvRendererTest" />
    <testcase name="CvRenderer_Cross_ThicknessRange" file="/home/tom/Desktop/tom/auto_tests/merlin_generated_tests.cpp" line="5279" status="run" result="completed" time="1.465" timestamp="2024-11-14T00:25:19.428" classname="CvRendererTest" />
    <testcase name="Update_CvRenderer_Cross_ThicknessRange" file="/home/tom/Desktop/tom/auto_tests/merlin_generated_tests.cpp" line="5288" status="run" result="completed" time="1.459" timestamp="2024-11-14T00:25:20.894" classname="CvRendererTest" />
    <testcase name="CvRenderer_DetectorRoi_SkipRenderingDefault" file="/home/tom/Desktop/tom/auto_tests/merlin_generated_tests.cpp" line="5301" status="run" result="completed" time="1.455" timestamp="2024-11-14T00:25:22.354" classname="CvRendererTest" />
    <testcase name="Update_CvRenderer_DetectorRoi_SkipRenderingDefault" file="/home/tom/Desktop/tom/auto_tests/merlin_generated_tests.cpp" line="5305" status="run" result="completed" time="1.456" timestamp="2024-11-14T00:25:23.809" classname="CvRendererTest" />
    <testcase name="CvRenderer_DetectorRoi_SkipRenderingRandom" file="/home/tom/Desktop/tom/auto_tests/merlin_generated_tests.cpp" line="5312" status="run" result="completed" time="1.955" timestamp="2024-11-14T00:25:25.266" classname="CvRendererTest" />
    <testcase name="Update_CvRenderer_DetectorRoi_SkipRenderingRandom" file="/home/tom/Desktop/tom/auto_tests/merlin_generated_tests.cpp" line="5317" status="run" result="completed" time="1.452" timestamp="2024-11-14T00:25:27.222" classname="CvRendererTest" />
    <testcase name="CvRenderer_DetectorRoi_ColorDefault" file="/home/tom/Desktop/tom/auto_tests/merlin_generated_tests.cpp" line="5327" status="run" result="completed" time="1.464" timestamp="2024-11-14T00:25:28.674" classname="CvRendererTest" />
    <testcase name="Update_CvRenderer_DetectorRoi_ColorDefault" file="/home/tom/Desktop/tom/auto_tests/merlin_generated_tests.cpp" line="5331" status="run" result="completed" time="1.469" timestamp="2024-11-14T00:25:30.139" classname="CvRendererTest" />
    <testcase name="CvRenderer_DetectorRoi_ColorRandom" file="/home/tom/Desktop/tom/auto_tests/merlin_generated_tests.cpp" line="5338" status="run" result="completed" time="1.468" timestamp="2024-11-14T00:25:31.608" classname="CvRendererTest" />
    <testcase name="Update_CvRenderer_DetectorRoi_ColorRandom" file="/home/tom/Desktop/tom/auto_tests/merlin_generated_tests.cpp" line="5343" status="run" result="completed" time="1.452" timestamp="2024-11-14T00:25:33.077" classname="CvRendererTest" />
    <testcase name="CvRenderer_DetectorRoi_LineThicknessDefault" file="/home/tom/Desktop/tom/auto_tests/merlin_generated_tests.cpp" line="5353" status="run" result="completed" time="1.483" timestamp="2024-11-14T00:25:34.529" classname="CvRendererTest" />
    <testcase name="Update_CvRenderer_DetectorRoi_LineThicknessDefault" file="/home/tom/Desktop/tom/auto_tests/merlin_generated_tests.cpp" line="5357" status="run" result="completed" time="1.462" timestamp="2024-11-14T00:25:36.012" classname="CvRendererTest" />
    <testcase name="CvRenderer_DetectorRoi_LineThicknessRange" file="/home/tom/Desktop/tom/auto_tests/merlin_generated_tests.cpp" line="5364" status="run" result="completed" time="1.457" timestamp="2024-11-14T00:25:37.475" classname="CvRendererTest" />
    <testcase name="Update_CvRenderer_DetectorRoi_LineThicknessRange" file="/home/tom/Desktop/tom/auto_tests/merlin_generated_tests.cpp" line="5373" status="run" result="completed" time="1.464" timestamp="2024-11-14T00:25:38.932" classname="CvRendererTest" />
    <testcase name="CvRenderer_DetectorRoi_HideOutsideDefault" file="/home/tom/Desktop/tom/auto_tests/merlin_generated_tests.cpp" line="5386" status="run" result="completed" time="1.472" timestamp="2024-11-14T00:25:40.397" classname="CvRendererTest" />
    <testcase name="Update_CvRenderer_DetectorRoi_HideOutsideDefault" file="/home/tom/Desktop/tom/auto_tests/merlin_generated_tests.cpp" line="5390" status="run" result="completed" time="1.462" timestamp="2024-11-14T00:25:41.870" classname="CvRendererTest" />
    <testcase name="CvRenderer_DetectorRoi_HideOutsideRandom" file="/home/tom/Desktop/tom/auto_tests/merlin_generated_tests.cpp" line="5397" status="run" result="completed" time="1.456" timestamp="2024-11-14T00:25:43.332" classname="CvRendererTest" />
    <testcase name="Update_CvRenderer_DetectorRoi_HideOutsideRandom" file="/home/tom/Desktop/tom/auto_tests/merlin_generated_tests.cpp" line="5402" status="run" result="completed" time="1.484" timestamp="2024-11-14T00:25:44.788" classname="CvRendererTest" />
    <testcase name="CvRenderer_BoundingBoxes_____SkipRendering__Default" file="/home/tom/Desktop/tom/auto_tests/merlin_generated_tests.cpp" line="5412" status="run" result="completed" time="1.466" timestamp="2024-11-14T00:25:46.273" classname="CvRendererTest" />
    <testcase name="Update_CvRenderer_BoundingBoxes_____SkipRendering__Default" file="/home/tom/Desktop/tom/auto_tests/merlin_generated_tests.cpp" line="5416" status="run" result="completed" time="1.46" timestamp="2024-11-14T00:25:47.739" classname="CvRendererTest" />
    <testcase name="CvRenderer_BoundingBoxes_____SkipRendering__Random" file="/home/tom/Desktop/tom/auto_tests/merlin_generated_tests.cpp" line="5423" status="run" result="completed" time="1.458" timestamp="2024-11-14T00:25:49.200" classname="CvRendererTest" />
    <testcase name="Update_CvRenderer_BoundingBoxes_____SkipRendering__Random" file="/home/tom/Desktop/tom/auto_tests/merlin_generated_tests.cpp" line="5428" status="run" result="completed" time="1.458" timestamp="2024-11-14T00:25:50.659" classname="CvRendererTest" />
    <testcase name="CvRenderer_BoundingBoxes_____BoxColor__Default" file="/home/tom/Desktop/tom/auto_tests/merlin_generated_tests.cpp" line="5438" status="run" result="completed" time="1.451" timestamp="2024-11-14T00:25:52.118" classname="CvRendererTest" />
    <testcase name="Update_CvRenderer_BoundingBoxes_____BoxColor__Default" file="/home/tom/Desktop/tom/auto_tests/merlin_generated_tests.cpp" line="5442" status="run" result="completed" time="1.452" timestamp="2024-11-14T00:25:53.570" classname="CvRendererTest" />
    <testcase name="CvRenderer_BoundingBoxes_____BoxColor__Random" file="/home/tom/Desktop/tom/auto_tests/merlin_generated_tests.cpp" line="5449" status="run" result="completed" time="1.47" timestamp="2024-11-14T00:25:55.023" classname="CvRendererTest" />
    <testcase name="Update_CvRenderer_BoundingBoxes_____BoxColor__Random" file="/home/tom/Desktop/tom/auto_tests/merlin_generated_tests.cpp" line="5454" status="run" result="completed" time="1.457" timestamp="2024-11-14T00:25:56.493" classname="CvRendererTest" />
    <testcase name="CvRenderer_BoundingBoxes_____LineThickness__Default" file="/home/tom/Desktop/tom/auto_tests/merlin_generated_tests.cpp" line="5464" status="run" result="completed" time="1.461" timestamp="2024-11-14T00:25:57.951" classname="CvRendererTest" />
    <testcase name="Update_CvRenderer_BoundingBoxes_____LineThickness__Default" file="/home/tom/Desktop/tom/auto_tests/merlin_generated_tests.cpp" line="5468" status="run" result="completed" time="1.483" timestamp="2024-11-14T00:25:59.412" classname="CvRendererTest" />
    <testcase name="CvRenderer_BoundingBoxes_____LineThickness__Range" file="/home/tom/Desktop/tom/auto_tests/merlin_generated_tests.cpp" line="5475" status="run" result="completed" time="1.463" timestamp="2024-11-14T00:26:00.896" classname="CvRendererTest" />
    <testcase name="Update_CvRenderer_BoundingBoxes_____LineThickness__Range" file="/home/tom/Desktop/tom/auto_tests/merlin_generated_tests.cpp" line="5484" status="run" result="completed" time="1.452" timestamp="2024-11-14T00:26:02.359" classname="CvRendererTest" />
    <testcase name="CvRenderer_BoundingBoxes_____TextOffsetX__Default" file="/home/tom/Desktop/tom/auto_tests/merlin_generated_tests.cpp" line="5497" status="run" result="completed" time="1.467" timestamp="2024-11-14T00:26:03.812" classname="CvRendererTest" />
    <testcase name="Update_CvRenderer_BoundingBoxes_____TextOffsetX__Default" file="/home/tom/Desktop/tom/auto_tests/merlin_generated_tests.cpp" line="5501" status="run" result="completed" time="1.481" timestamp="2024-11-14T00:26:05.279" classname="CvRendererTest" />
    <testcase name="CvRenderer_BoundingBoxes_____TextOffsetX__Range" file="/home/tom/Desktop/tom/auto_tests/merlin_generated_tests.cpp" line="5508" status="run" result="completed" time="1.452" timestamp="2024-11-14T00:26:06.760" classname="CvRendererTest" />
    <testcase name="Update_CvRenderer_BoundingBoxes_____TextOffsetX__Range" file="/home/tom/Desktop/tom/auto_tests/merlin_generated_tests.cpp" line="5517" status="run" result="completed" time="1.459" timestamp="2024-11-14T00:26:08.213" classname="CvRendererTest" />
    <testcase name="CvRenderer_BoundingBoxes_____TextOffsetY__Default" file="/home/tom/Desktop/tom/auto_tests/merlin_generated_tests.cpp" line="5530" status="run" result="completed" time="1.453" timestamp="2024-11-14T00:26:09.673" classname="CvRendererTest" />
    <testcase name="Update_CvRenderer_BoundingBoxes_____TextOffsetY__Default" file="/home/tom/Desktop/tom/auto_tests/merlin_generated_tests.cpp" line="5534" status="run" result="completed" time="1.463" timestamp="2024-11-14T00:26:11.126" classname="CvRendererTest" />
    <testcase name="CvRenderer_BoundingBoxes_____TextOffsetY__Range" file="/home/tom/Desktop/tom/auto_tests/merlin_generated_tests.cpp" line="5541" status="run" result="completed" time="1.457" timestamp="2024-11-14T00:26:12.590" classname="CvRendererTest" />
    <testcase name="Update_CvRenderer_BoundingBoxes_____TextOffsetY__Range" file="/home/tom/Desktop/tom/auto_tests/merlin_generated_tests.cpp" line="5550" status="run" result="completed" time="1.466" timestamp="2024-11-14T00:26:14.048" classname="CvRendererTest" />
    <testcase name="CvRenderer_BoundingBoxes_____BottomTextOffsetY__Default" file="/home/tom/Desktop/tom/auto_tests/merlin_generated_tests.cpp" line="5563" status="run" result="completed" time="1.468" timestamp="2024-11-14T00:26:15.514" classname="CvRendererTest" />
    <testcase name="Update_CvRenderer_BoundingBoxes_____BottomTextOffsetY__Default" file="/home/tom/Desktop/tom/auto_tests/merlin_generated_tests.cpp" line="5567" status="run" result="completed" time="1.455" timestamp="2024-11-14T00:26:16.983" classname="CvRendererTest" />
    <testcase name="CvRenderer_BoundingBoxes_____BottomTextOffsetY__Range" file="/home/tom/Desktop/tom/auto_tests/merlin_generated_tests.cpp" line="5574" status="run" result="completed" time="1.462" timestamp="2024-11-14T00:26:18.438" classname="CvRendererTest" />
    <testcase name="Update_CvRenderer_BoundingBoxes_____BottomTextOffsetY__Range" file="/home/tom/Desktop/tom/auto_tests/merlin_generated_tests.cpp" line="5583" status="run" result="completed" time="1.466" timestamp="2024-11-14T00:26:19.901" classname="CvRendererTest" />
    <testcase name="CvRenderer_BoundingBoxes_____FontColor__Default" file="/home/tom/Desktop/tom/auto_tests/merlin_generated_tests.cpp" line="5596" status="run" result="completed" time="1.455" timestamp="2024-11-14T00:26:21.368" classname="CvRendererTest" />
    <testcase name="Update_CvRenderer_BoundingBoxes_____FontColor__Default" file="/home/tom/Desktop/tom/auto_tests/merlin_generated_tests.cpp" line="5600" status="run" result="completed" time="1.46" timestamp="2024-11-14T00:26:22.823" classname="CvRendererTest" />
    <testcase name="CvRenderer_BoundingBoxes_____FontColor__Random" file="/home/tom/Desktop/tom/auto_tests/merlin_generated_tests.cpp" line="5607" status="run" result="completed" time="1.471" timestamp="2024-11-14T00:26:24.283" classname="CvRendererTest" />
    <testcase name="Update_CvRenderer_BoundingBoxes_____FontColor__Random" file="/home/tom/Desktop/tom/auto_tests/merlin_generated_tests.cpp" line="5612" status="run" result="completed" time="1.46" timestamp="2024-11-14T00:26:25.755" classname="CvRendererTest" />
    <testcase name="CvRenderer_BoundingBoxes_____FontScale__Default" file="/home/tom/Desktop/tom/auto_tests/merlin_generated_tests.cpp" line="5622" status="run" result="completed" time="1.49" timestamp="2024-11-14T00:26:27.215" classname="CvRendererTest" />
    <testcase name="Update_CvRenderer_BoundingBoxes_____FontScale__Default" file="/home/tom/Desktop/tom/auto_tests/merlin_generated_tests.cpp" line="5626" status="run" result="completed" time="1.462" timestamp="2024-11-14T00:26:28.706" classname="CvRendererTest" />
    <testcase name="CvRenderer_BoundingBoxes_____FontScale__Range" file="/home/tom/Desktop/tom/auto_tests/merlin_generated_tests.cpp" line="5633" status="run" result="completed" time="1.458" timestamp="2024-11-14T00:26:30.169" classname="CvRendererTest" />
    <testcase name="Update_CvRenderer_BoundingBoxes_____FontScale__Range" file="/home/tom/Desktop/tom/auto_tests/merlin_generated_tests.cpp" line="5642" status="run" result="completed" time="1.454" timestamp="2024-11-14T00:26:31.627" classname="CvRendererTest" />
    <testcase name="CvRenderer_BoundingBoxes_____FontThickness__Default" file="/home/tom/Desktop/tom/auto_tests/merlin_generated_tests.cpp" line="5655" status="run" result="completed" time="1.458" timestamp="2024-11-14T00:26:33.082" classname="CvRendererTest" />
    <testcase name="Update_CvRenderer_BoundingBoxes_____FontThickness__Default" file="/home/tom/Desktop/tom/auto_tests/merlin_generated_tests.cpp" line="5659" status="run" result="completed" time="1.45" timestamp="2024-11-14T00:26:34.541" classname="CvRendererTest" />
    <testcase name="CvRenderer_BoundingBoxes_____FontThickness__Range" file="/home/tom/Desktop/tom/auto_tests/merlin_generated_tests.cpp" line="5666" status="run" result="completed" time="1.962" timestamp="2024-11-14T00:26:35.991" classname="CvRendererTest" />
    <testcase name="Update_CvRenderer_BoundingBoxes_____FontThickness__Range" file="/home/tom/Desktop/tom/auto_tests/merlin_generated_tests.cpp" line="5675" status="run" result="completed" time="1.457" timestamp="2024-11-14T00:26:37.954" classname="CvRendererTest" />
    <testcase name="CvRenderer_BoundingBoxes__Person___SkipRendering_Person_Default" file="/home/tom/Desktop/tom/auto_tests/merlin_generated_tests.cpp" line="5688" status="run" result="completed" time="1.466" timestamp="2024-11-14T00:26:39.411" classname="CvRendererTest" />
    <testcase name="Update_CvRenderer_BoundingBoxes__Person___SkipRendering_Person_Default" file="/home/tom/Desktop/tom/auto_tests/merlin_generated_tests.cpp" line="5692" status="run" result="completed" time="1.452" timestamp="2024-11-14T00:26:40.878" classname="CvRendererTest" />
    <testcase name="CvRenderer_BoundingBoxes__Person___SkipRendering_Person_Random" file="/home/tom/Desktop/tom/auto_tests/merlin_generated_tests.cpp" line="5699" status="run" result="completed" time="1.463" timestamp="2024-11-14T00:26:42.331" classname="CvRendererTest" />
    <testcase name="Update_CvRenderer_BoundingBoxes__Person___SkipRendering_Person_Random" file="/home/tom/Desktop/tom/auto_tests/merlin_generated_tests.cpp" line="5704" status="run" result="completed" time="1.461" timestamp="2024-11-14T00:26:43.794" classname="CvRendererTest" />
    <testcase name="CvRenderer_BoundingBoxes__Person___BoxColor_Person_Default" file="/home/tom/Desktop/tom/auto_tests/merlin_generated_tests.cpp" line="5714" status="run" result="completed" time="1.457" timestamp="2024-11-14T00:26:45.256" classname="CvRendererTest" />
    <testcase name="Update_CvRenderer_BoundingBoxes__Person___BoxColor_Person_Default" file="/home/tom/Desktop/tom/auto_tests/merlin_generated_tests.cpp" line="5718" status="run" result="completed" time="1.458" timestamp="2024-11-14T00:26:46.713" classname="CvRendererTest" />
    <testcase name="CvRenderer_BoundingBoxes__Person___BoxColor_Person_Random" file="/home/tom/Desktop/tom/auto_tests/merlin_generated_tests.cpp" line="5725" status="run" result="completed" time="1.466" timestamp="2024-11-14T00:26:48.172" classname="CvRendererTest" />
    <testcase name="Update_CvRenderer_BoundingBoxes__Person___BoxColor_Person_Random" file="/home/tom/Desktop/tom/auto_tests/merlin_generated_tests.cpp" line="5730" status="run" result="completed" time="1.458" timestamp="2024-11-14T00:26:49.638" classname="CvRendererTest" />
    <testcase name="CvRenderer_BoundingBoxes__Person___LineThickness_Person_Default" file="/home/tom/Desktop/tom/auto_tests/merlin_generated_tests.cpp" line="5740" status="run" result="completed" time="1.482" timestamp="2024-11-14T00:26:51.097" classname="CvRendererTest" />
    <testcase name="Update_CvRenderer_BoundingBoxes__Person___LineThickness_Person_Default" file="/home/tom/Desktop/tom/auto_tests/merlin_generated_tests.cpp" line="5744" status="run" result="completed" time="1.459" timestamp="2024-11-14T00:26:52.580" classname="CvRendererTest" />
    <testcase name="CvRenderer_BoundingBoxes__Person___LineThickness_Person_Range" file="/home/tom/Desktop/tom/auto_tests/merlin_generated_tests.cpp" line="5751" status="run" result="completed" time="1.457" timestamp="2024-11-14T00:26:54.040" classname="CvRendererTest" />
    <testcase name="Update_CvRenderer_BoundingBoxes__Person___LineThickness_Person_Range" file="/home/tom/Desktop/tom/auto_tests/merlin_generated_tests.cpp" line="5760" status="run" result="completed" time="1.464" timestamp="2024-11-14T00:26:55.497" classname="CvRendererTest" />
    <testcase name="CvRenderer_BoundingBoxes__Person___TextOffsetX_Person_Default" file="/home/tom/Desktop/tom/auto_tests/merlin_generated_tests.cpp" line="5773" status="run" result="completed" time="1.488" timestamp="2024-11-14T00:26:56.961" classname="CvRendererTest" />
    <testcase name="Update_CvRenderer_BoundingBoxes__Person___TextOffsetX_Person_Default" file="/home/tom/Desktop/tom/auto_tests/merlin_generated_tests.cpp" line="5777" status="run" result="completed" time="1.469" timestamp="2024-11-14T00:26:58.450" classname="CvRendererTest" />
    <testcase name="CvRenderer_BoundingBoxes__Person___TextOffsetX_Person_Range" file="/home/tom/Desktop/tom/auto_tests/merlin_generated_tests.cpp" line="5784" status="run" result="completed" time="1.465" timestamp="2024-11-14T00:26:59.919" classname="CvRendererTest" />
    <testcase name="Update_CvRenderer_BoundingBoxes__Person___TextOffsetX_Person_Range" file="/home/tom/Desktop/tom/auto_tests/merlin_generated_tests.cpp" line="5793" status="run" result="completed" time="1.482" timestamp="2024-11-14T00:27:01.384" classname="CvRendererTest" />
    <testcase name="CvRenderer_BoundingBoxes__Person___TextOffsetY_Person_Default" file="/home/tom/Desktop/tom/auto_tests/merlin_generated_tests.cpp" line="5806" status="run" result="completed" time="1.462" timestamp="2024-11-14T00:27:02.867" classname="CvRendererTest" />
    <testcase name="Update_CvRenderer_BoundingBoxes__Person___TextOffsetY_Person_Default" file="/home/tom/Desktop/tom/auto_tests/merlin_generated_tests.cpp" line="5810" status="run" result="completed" time="1.455" timestamp="2024-11-14T00:27:04.329" classname="CvRendererTest" />
    <testcase name="CvRenderer_BoundingBoxes__Person___TextOffsetY_Person_Range" file="/home/tom/Desktop/tom/auto_tests/merlin_generated_tests.cpp" line="5817" status="run" result="completed" time="1.469" timestamp="2024-11-14T00:27:05.785" classname="CvRendererTest" />
    <testcase name="Update_CvRenderer_BoundingBoxes__Person___TextOffsetY_Person_Range" file="/home/tom/Desktop/tom/auto_tests/merlin_generated_tests.cpp" line="5826" status="run" result="completed" time="1.477" timestamp="2024-11-14T00:27:07.254" classname="CvRendererTest" />
    <testcase name="CvRenderer_BoundingBoxes__Person___BottomTextOffsetY_Person_Default" file="/home/tom/Desktop/tom/auto_tests/merlin_generated_tests.cpp" line="5839" status="run" result="completed" time="1.461" timestamp="2024-11-14T00:27:08.732" classname="CvRendererTest" />
    <testcase name="Update_CvRenderer_BoundingBoxes__Person___BottomTextOffsetY_Person_Default" file="/home/tom/Desktop/tom/auto_tests/merlin_generated_tests.cpp" line="5843" status="run" result="completed" time="1.46" timestamp="2024-11-14T00:27:10.193" classname="CvRendererTest" />
    <testcase name="CvRenderer_BoundingBoxes__Person___BottomTextOffsetY_Person_Range" file="/home/tom/Desktop/tom/auto_tests/merlin_generated_tests.cpp" line="5850" status="run" result="completed" time="1.959" timestamp="2024-11-14T00:27:11.654" classname="CvRendererTest" />
    <testcase name="Update_CvRenderer_BoundingBoxes__Person___BottomTextOffsetY_Person_Range" file="/home/tom/Desktop/tom/auto_tests/merlin_generated_tests.cpp" line="5859" status="run" result="completed" time="1.454" timestamp="2024-11-14T00:27:13.613" classname="CvRendererTest" />
    <testcase name="CvRenderer_BoundingBoxes__Person___FontColor_Person_Default" file="/home/tom/Desktop/tom/auto_tests/merlin_generated_tests.cpp" line="5872" status="run" result="completed" time="1.451" timestamp="2024-11-14T00:27:15.067" classname="CvRendererTest" />
    <testcase name="Update_CvRenderer_BoundingBoxes__Person___FontColor_Person_Default" file="/home/tom/Desktop/tom/auto_tests/merlin_generated_tests.cpp" line="5876" status="run" result="completed" time="1.497" timestamp="2024-11-14T00:27:16.519" classname="CvRendererTest" />
    <testcase name="CvRenderer_BoundingBoxes__Person___FontColor_Person_Random" file="/home/tom/Desktop/tom/auto_tests/merlin_generated_tests.cpp" line="5883" status="run" result="completed" time="1.462" timestamp="2024-11-14T00:27:18.017" classname="CvRendererTest" />
    <testcase name="Update_CvRenderer_BoundingBoxes__Person___FontColor_Person_Random" file="/home/tom/Desktop/tom/auto_tests/merlin_generated_tests.cpp" line="5888" status="run" result="completed" time="1.463" timestamp="2024-11-14T00:27:19.480" classname="CvRendererTest" />
    <testcase name="CvRenderer_BoundingBoxes__Person___FontScale_Person_Default" file="/home/tom/Desktop/tom/auto_tests/merlin_generated_tests.cpp" line="5898" status="run" result="completed" time="1.455" timestamp="2024-11-14T00:27:20.943" classname="CvRendererTest" />
    <testcase name="Update_CvRenderer_BoundingBoxes__Person___FontScale_Person_Default" file="/home/tom/Desktop/tom/auto_tests/merlin_generated_tests.cpp" line="5902" status="run" result="completed" time="1.459" timestamp="2024-11-14T00:27:22.399" classname="CvRendererTest" />
    <testcase name="CvRenderer_BoundingBoxes__Person___FontScale_Person_Range" file="/home/tom/Desktop/tom/auto_tests/merlin_generated_tests.cpp" line="5909" status="run" result="completed" time="1.459" timestamp="2024-11-14T00:27:23.858" classname="CvRendererTest" />
    <testcase name="Update_CvRenderer_BoundingBoxes__Person___FontScale_Person_Range" file="/home/tom/Desktop/tom/auto_tests/merlin_generated_tests.cpp" line="5918" status="run" result="completed" time="1.466" timestamp="2024-11-14T00:27:25.317" classname="CvRendererTest" />
    <testcase name="CvRenderer_BoundingBoxes__Person___FontThickness_Person_Default" file="/home/tom/Desktop/tom/auto_tests/merlin_generated_tests.cpp" line="5931" status="run" result="completed" time="1.476" timestamp="2024-11-14T00:27:26.784" classname="CvRendererTest" />
    <testcase name="Update_CvRenderer_BoundingBoxes__Person___FontThickness_Person_Default" file="/home/tom/Desktop/tom/auto_tests/merlin_generated_tests.cpp" line="5935" status="run" result="completed" time="1.482" timestamp="2024-11-14T00:27:28.260" classname="CvRendererTest" />
    <testcase name="CvRenderer_BoundingBoxes__Person___FontThickness_Person_Range" file="/home/tom/Desktop/tom/auto_tests/merlin_generated_tests.cpp" line="5942" status="run" result="completed" time="1.444" timestamp="2024-11-14T00:27:29.743" classname="CvRendererTest" />
    <testcase name="Update_CvRenderer_BoundingBoxes__Person___FontThickness_Person_Range" file="/home/tom/Desktop/tom/auto_tests/merlin_generated_tests.cpp" line="5951" status="run" result="completed" time="1.464" timestamp="2024-11-14T00:27:31.187" classname="CvRendererTest" />
    <testcase name="CvRenderer_BoundingBoxes__Vehicle___SkipRendering_Vehicle_Default" file="/home/tom/Desktop/tom/auto_tests/merlin_generated_tests.cpp" line="5964" status="run" result="completed" time="1.456" timestamp="2024-11-14T00:27:32.651" classname="CvRendererTest" />
    <testcase name="Update_CvRenderer_BoundingBoxes__Vehicle___SkipRendering_Vehicle_Default" file="/home/tom/Desktop/tom/auto_tests/merlin_generated_tests.cpp" line="5968" status="run" result="completed" time="1.457" timestamp="2024-11-14T00:27:34.108" classname="CvRendererTest" />
    <testcase name="CvRenderer_BoundingBoxes__Vehicle___SkipRendering_Vehicle_Random" file="/home/tom/Desktop/tom/auto_tests/merlin_generated_tests.cpp" line="5975" status="run" result="completed" time="1.452" timestamp="2024-11-14T00:27:35.565" classname="CvRendererTest" />
    <testcase name="Update_CvRenderer_BoundingBoxes__Vehicle___SkipRendering_Vehicle_Random" file="/home/tom/Desktop/tom/auto_tests/merlin_generated_tests.cpp" line="5980" status="run" result="completed" time="1.484" timestamp="2024-11-14T00:27:37.018" classname="CvRendererTest" />
    <testcase name="CvRenderer_BoundingBoxes__Vehicle___BoxColor_Vehicle_Default" file="/home/tom/Desktop/tom/auto_tests/merlin_generated_tests.cpp" line="5990" status="run" result="completed" time="1.46" timestamp="2024-11-14T00:27:38.502" classname="CvRendererTest" />
    <testcase name="Update_CvRenderer_BoundingBoxes__Vehicle___BoxColor_Vehicle_Default" file="/home/tom/Desktop/tom/auto_tests/merlin_generated_tests.cpp" line="5994" status="run" result="completed" time="1.459" timestamp="2024-11-14T00:27:39.963" classname="CvRendererTest" />
    <testcase name="CvRenderer_BoundingBoxes__Vehicle___BoxColor_Vehicle_Random" file="/home/tom/Desktop/tom/auto_tests/merlin_generated_tests.cpp" line="6001" status="run" result="completed" time="1.466" timestamp="2024-11-14T00:27:41.423" classname="CvRendererTest" />
    <testcase name="Update_CvRenderer_BoundingBoxes__Vehicle___BoxColor_Vehicle_Random" file="/home/tom/Desktop/tom/auto_tests/merlin_generated_tests.cpp" line="6006" status="run" result="completed" time="1.457" timestamp="2024-11-14T00:27:42.890" classname="CvRendererTest" />
    <testcase name="CvRenderer_BoundingBoxes__Vehicle___LineThickness_Vehicle_Default" file="/home/tom/Desktop/tom/auto_tests/merlin_generated_tests.cpp" line="6016" status="run" result="completed" time="1.465" timestamp="2024-11-14T00:27:44.347" classname="CvRendererTest" />
    <testcase name="Update_CvRenderer_BoundingBoxes__Vehicle___LineThickness_Vehicle_Default" file="/home/tom/Desktop/tom/auto_tests/merlin_generated_tests.cpp" line="6020" status="run" result="completed" time="1.453" timestamp="2024-11-14T00:27:45.813" classname="CvRendererTest" />
    <testcase name="CvRenderer_BoundingBoxes__Vehicle___LineThickness_Vehicle_Range" file="/home/tom/Desktop/tom/auto_tests/merlin_generated_tests.cpp" line="6027" status="run" result="completed" time="1.477" timestamp="2024-11-14T00:27:47.266" classname="CvRendererTest" />
    <testcase name="Update_CvRenderer_BoundingBoxes__Vehicle___LineThickness_Vehicle_Range" file="/home/tom/Desktop/tom/auto_tests/merlin_generated_tests.cpp" line="6036" status="run" result="completed" time="1.465" timestamp="2024-11-14T00:27:48.744" classname="CvRendererTest" />
    <testcase name="CvRenderer_BoundingBoxes__Vehicle___TextOffsetX_Vehicle_Default" file="/home/tom/Desktop/tom/auto_tests/merlin_generated_tests.cpp" line="6049" status="run" result="completed" time="1.462" timestamp="2024-11-14T00:27:50.210" classname="CvRendererTest" />
    <testcase name="Update_CvRenderer_BoundingBoxes__Vehicle___TextOffsetX_Vehicle_Default" file="/home/tom/Desktop/tom/auto_tests/merlin_generated_tests.cpp" line="6053" status="run" result="completed" time="1.464" timestamp="2024-11-14T00:27:51.672" classname="CvRendererTest" />
    <testcase name="CvRenderer_BoundingBoxes__Vehicle___TextOffsetX_Vehicle_Range" file="/home/tom/Desktop/tom/auto_tests/merlin_generated_tests.cpp" line="6060" status="run" result="completed" time="1.47" timestamp="2024-11-14T00:27:53.137" classname="CvRendererTest" />
    <testcase name="Update_CvRenderer_BoundingBoxes__Vehicle___TextOffsetX_Vehicle_Range" file="/home/tom/Desktop/tom/auto_tests/merlin_generated_tests.cpp" line="6069" status="run" result="completed" time="1.461" timestamp="2024-11-14T00:27:54.608" classname="CvRendererTest" />
    <testcase name="CvRenderer_BoundingBoxes__Vehicle___TextOffsetY_Vehicle_Default" file="/home/tom/Desktop/tom/auto_tests/merlin_generated_tests.cpp" line="6082" status="run" result="completed" time="1.465" timestamp="2024-11-14T00:27:56.069" classname="CvRendererTest" />
    <testcase name="Update_CvRenderer_BoundingBoxes__Vehicle___TextOffsetY_Vehicle_Default" file="/home/tom/Desktop/tom/auto_tests/merlin_generated_tests.cpp" line="6086" status="run" result="completed" time="1.471" timestamp="2024-11-14T00:27:57.534" classname="CvRendererTest" />
    <testcase name="CvRenderer_BoundingBoxes__Vehicle___TextOffsetY_Vehicle_Range" file="/home/tom/Desktop/tom/auto_tests/merlin_generated_tests.cpp" line="6093" status="run" result="completed" time="1.469" timestamp="2024-11-14T00:27:59.006" classname="CvRendererTest" />
    <testcase name="Update_CvRenderer_BoundingBoxes__Vehicle___TextOffsetY_Vehicle_Range" file="/home/tom/Desktop/tom/auto_tests/merlin_generated_tests.cpp" line="6102" status="run" result="completed" time="1.452" timestamp="2024-11-14T00:28:00.475" classname="CvRendererTest" />
    <testcase name="CvRenderer_BoundingBoxes__Vehicle___BottomTextOffsetY_Vehicle_Default" file="/home/tom/Desktop/tom/auto_tests/merlin_generated_tests.cpp" line="6115" status="run" result="completed" time="1.48" timestamp="2024-11-14T00:28:01.928" classname="CvRendererTest" />
    <testcase name="Update_CvRenderer_BoundingBoxes__Vehicle___BottomTextOffsetY_Vehicle_Default" file="/home/tom/Desktop/tom/auto_tests/merlin_generated_tests.cpp" line="6119" status="run" result="completed" time="1.45" timestamp="2024-11-14T00:28:03.409" classname="CvRendererTest" />
    <testcase name="CvRenderer_BoundingBoxes__Vehicle___BottomTextOffsetY_Vehicle_Range" file="/home/tom/Desktop/tom/auto_tests/merlin_generated_tests.cpp" line="6126" status="run" result="completed" time="1.453" timestamp="2024-11-14T00:28:04.860" classname="CvRendererTest" />
    <testcase name="Update_CvRenderer_BoundingBoxes__Vehicle___BottomTextOffsetY_Vehicle_Range" file="/home/tom/Desktop/tom/auto_tests/merlin_generated_tests.cpp" line="6135" status="run" result="completed" time="1.463" timestamp="2024-11-14T00:28:06.314" classname="CvRendererTest" />
    <testcase name="CvRenderer_BoundingBoxes__Vehicle___FontColor_Vehicle_Default" file="/home/tom/Desktop/tom/auto_tests/merlin_generated_tests.cpp" line="6148" status="run" result="completed" time="1.457" timestamp="2024-11-14T00:28:07.777" classname="CvRendererTest" />
    <testcase name="Update_CvRenderer_BoundingBoxes__Vehicle___FontColor_Vehicle_Default" file="/home/tom/Desktop/tom/auto_tests/merlin_generated_tests.cpp" line="6152" status="run" result="completed" time="1.466" timestamp="2024-11-14T00:28:09.235" classname="CvRendererTest" />
    <testcase name="CvRenderer_BoundingBoxes__Vehicle___FontColor_Vehicle_Random" file="/home/tom/Desktop/tom/auto_tests/merlin_generated_tests.cpp" line="6159" status="run" result="completed" time="1.449" timestamp="2024-11-14T00:28:10.702" classname="CvRendererTest" />
    <testcase name="Update_CvRenderer_BoundingBoxes__Vehicle___FontColor_Vehicle_Random" file="/home/tom/Desktop/tom/auto_tests/merlin_generated_tests.cpp" line="6164" status="run" result="completed" time="1.48" timestamp="2024-11-14T00:28:12.152" classname="CvRendererTest" />
    <testcase name="CvRenderer_BoundingBoxes__Vehicle___FontScale_Vehicle_Default" file="/home/tom/Desktop/tom/auto_tests/merlin_generated_tests.cpp" line="6174" status="run" result="completed" time="1.455" timestamp="2024-11-14T00:28:13.632" classname="CvRendererTest" />
    <testcase name="Update_CvRenderer_BoundingBoxes__Vehicle___FontScale_Vehicle_Default" file="/home/tom/Desktop/tom/auto_tests/merlin_generated_tests.cpp" line="6178" status="run" result="completed" time="1.461" timestamp="2024-11-14T00:28:15.088" classname="CvRendererTest" />
    <testcase name="CvRenderer_BoundingBoxes__Vehicle___FontScale_Vehicle_Range" file="/home/tom/Desktop/tom/auto_tests/merlin_generated_tests.cpp" line="6185" status="run" result="completed" time="1.46" timestamp="2024-11-14T00:28:16.550" classname="CvRendererTest" />
    <testcase name="Update_CvRenderer_BoundingBoxes__Vehicle___FontScale_Vehicle_Range" file="/home/tom/Desktop/tom/auto_tests/merlin_generated_tests.cpp" line="6194" status="run" result="completed" time="1.452" timestamp="2024-11-14T00:28:18.010" classname="CvRendererTest" />
    <testcase name="CvRenderer_BoundingBoxes__Vehicle___FontThickness_Vehicle_Default" file="/home/tom/Desktop/tom/auto_tests/merlin_generated_tests.cpp" line="6207" status="run" result="completed" time="1.456" timestamp="2024-11-14T00:28:19.463" classname="CvRendererTest" />
    <testcase name="Update_CvRenderer_BoundingBoxes__Vehicle___FontThickness_Vehicle_Default" file="/home/tom/Desktop/tom/auto_tests/merlin_generated_tests.cpp" line="6211" status="run" result="completed" time="1.457" timestamp="2024-11-14T00:28:20.920" classname="CvRendererTest" />
    <testcase name="CvRenderer_BoundingBoxes__Vehicle___FontThickness_Vehicle_Range" file="/home/tom/Desktop/tom/auto_tests/merlin_generated_tests.cpp" line="6218" status="run" result="completed" time="1.482" timestamp="2024-11-14T00:28:22.377" classname="CvRendererTest" />
    <testcase name="Update_CvRenderer_BoundingBoxes__Vehicle___FontThickness_Vehicle_Range" file="/home/tom/Desktop/tom/auto_tests/merlin_generated_tests.cpp" line="6227" status="run" result="completed" time="1.456" timestamp="2024-11-14T00:28:23.860" classname="CvRendererTest" />
    <testcase name="CvRenderer_BoundingBoxes__Vehicle_heavy___SkipRendering_Vehicle_heavy_Default" file="/home/tom/Desktop/tom/auto_tests/merlin_generated_tests.cpp" line="6240" status="run" result="completed" time="1.462" timestamp="2024-11-14T00:28:25.316" classname="CvRendererTest" />
    <testcase name="Update_CvRenderer_BoundingBoxes__Vehicle_heavy___SkipRendering_Vehicle_heavy_Default" file="/home/tom/Desktop/tom/auto_tests/merlin_generated_tests.cpp" line="6244" status="run" result="completed" time="1.46" timestamp="2024-11-14T00:28:26.779" classname="CvRendererTest" />
    <testcase name="CvRenderer_BoundingBoxes__Vehicle_heavy___SkipRendering_Vehicle_heavy_Random" file="/home/tom/Desktop/tom/auto_tests/merlin_generated_tests.cpp" line="6251" status="run" result="completed" time="1.461" timestamp="2024-11-14T00:28:28.240" classname="CvRendererTest" />
    <testcase name="Update_CvRenderer_BoundingBoxes__Vehicle_heavy___SkipRendering_Vehicle_heavy_Random" file="/home/tom/Desktop/tom/auto_tests/merlin_generated_tests.cpp" line="6256" status="run" result="completed" time="1.468" timestamp="2024-11-14T00:28:29.701" classname="CvRendererTest" />
    <testcase name="CvRenderer_BoundingBoxes__Vehicle_heavy___BoxColor_Vehicle_heavy_Default" file="/home/tom/Desktop/tom/auto_tests/merlin_generated_tests.cpp" line="6266" status="run" result="completed" time="1.459" timestamp="2024-11-14T00:28:31.170" classname="CvRendererTest" />
    <testcase name="Update_CvRenderer_BoundingBoxes__Vehicle_heavy___BoxColor_Vehicle_heavy_Default" file="/home/tom/Desktop/tom/auto_tests/merlin_generated_tests.cpp" line="6270" status="run" result="completed" time="1.479" timestamp="2024-11-14T00:28:32.629" classname="CvRendererTest" />
    <testcase name="CvRenderer_BoundingBoxes__Vehicle_heavy___BoxColor_Vehicle_heavy_Random" file="/home/tom/Desktop/tom/auto_tests/merlin_generated_tests.cpp" line="6277" status="run" result="completed" time="1.466" timestamp="2024-11-14T00:28:34.109" classname="CvRendererTest" />
    <testcase name="Update_CvRenderer_BoundingBoxes__Vehicle_heavy___BoxColor_Vehicle_heavy_Random" file="/home/tom/Desktop/tom/auto_tests/merlin_generated_tests.cpp" line="6282" status="run" result="completed" time="1.455" timestamp="2024-11-14T00:28:35.576" classname="CvRendererTest" />
    <testcase name="CvRenderer_BoundingBoxes__Vehicle_heavy___LineThickness_Vehicle_heavy_Default" file="/home/tom/Desktop/tom/auto_tests/merlin_generated_tests.cpp" line="6292" status="run" result="completed" time="1.469" timestamp="2024-11-14T00:28:37.031" classname="CvRendererTest" />
    <testcase name="Update_CvRenderer_BoundingBoxes__Vehicle_heavy___LineThickness_Vehicle_heavy_Default" file="/home/tom/Desktop/tom/auto_tests/merlin_generated_tests.cpp" line="6296" status="run" result="completed" time="1.461" timestamp="2024-11-14T00:28:38.501" classname="CvRendererTest" />
    <testcase name="CvRenderer_BoundingBoxes__Vehicle_heavy___LineThickness_Vehicle_heavy_Range" file="/home/tom/Desktop/tom/auto_tests/merlin_generated_tests.cpp" line="6303" status="run" result="completed" time="1.459" timestamp="2024-11-14T00:28:39.963" classname="CvRendererTest" />
    <testcase name="Update_CvRenderer_BoundingBoxes__Vehicle_heavy___LineThickness_Vehicle_heavy_Range" file="/home/tom/Desktop/tom/auto_tests/merlin_generated_tests.cpp" line="6312" status="run" result="completed" time="1.467" timestamp="2024-11-14T00:28:41.423" classname="CvRendererTest" />
    <testcase name="CvRenderer_BoundingBoxes__Vehicle_heavy___TextOffsetX_Vehicle_heavy_Default" file="/home/tom/Desktop/tom/auto_tests/merlin_generated_tests.cpp" line="6325" status="run" result="completed" time="1.449" timestamp="2024-11-14T00:28:42.890" classname="CvRendererTest" />
    <testcase name="Update_CvRenderer_BoundingBoxes__Vehicle_heavy___TextOffsetX_Vehicle_heavy_Default" file="/home/tom/Desktop/tom/auto_tests/merlin_generated_tests.cpp" line="6329" status="run" result="completed" time="1.463" timestamp="2024-11-14T00:28:44.340" classname="CvRendererTest" />
    <testcase name="CvRenderer_BoundingBoxes__Vehicle_heavy___TextOffsetX_Vehicle_heavy_Range" file="/home/tom/Desktop/tom/auto_tests/merlin_generated_tests.cpp" line="6336" status="run" result="completed" time="1.452" timestamp="2024-11-14T00:28:45.803" classname="CvRendererTest" />
    <testcase name="Update_CvRenderer_BoundingBoxes__Vehicle_heavy___TextOffsetX_Vehicle_heavy_Range" file="/home/tom/Desktop/tom/auto_tests/merlin_generated_tests.cpp" line="6345" status="run" result="completed" time="1.462" timestamp="2024-11-14T00:28:47.256" classname="CvRendererTest" />
    <testcase name="CvRenderer_BoundingBoxes__Vehicle_heavy___TextOffsetY_Vehicle_heavy_Default" file="/home/tom/Desktop/tom/auto_tests/merlin_generated_tests.cpp" line="6358" status="run" result="completed" time="1.473" timestamp="2024-11-14T00:28:48.718" classname="CvRendererTest" />
    <testcase name="Update_CvRenderer_BoundingBoxes__Vehicle_heavy___TextOffsetY_Vehicle_heavy_Default" file="/home/tom/Desktop/tom/auto_tests/merlin_generated_tests.cpp" line="6362" status="run" result="completed" time="1.463" timestamp="2024-11-14T00:28:50.191" classname="CvRendererTest" />
    <testcase name="CvRenderer_BoundingBoxes__Vehicle_heavy___TextOffsetY_Vehicle_heavy_Range" file="/home/tom/Desktop/tom/auto_tests/merlin_generated_tests.cpp" line="6369" status="run" result="completed" time="1.451" timestamp="2024-11-14T00:28:51.655" classname="CvRendererTest" />
    <testcase name="Update_CvRenderer_BoundingBoxes__Vehicle_heavy___TextOffsetY_Vehicle_heavy_Range" file="/home/tom/Desktop/tom/auto_tests/merlin_generated_tests.cpp" line="6378" status="run" result="completed" time="1.476" timestamp="2024-11-14T00:28:53.107" classname="CvRendererTest" />
    <testcase name="CvRenderer_BoundingBoxes__Vehicle_heavy___BottomTextOffsetY_Vehicle_heavy_Default" file="/home/tom/Desktop/tom/auto_tests/merlin_generated_tests.cpp" line="6391" status="run" result="completed" time="1.463" timestamp="2024-11-14T00:28:54.583" classname="CvRendererTest" />
    <testcase name="Update_CvRenderer_BoundingBoxes__Vehicle_heavy___BottomTextOffsetY_Vehicle_heavy_Default" file="/home/tom/Desktop/tom/auto_tests/merlin_generated_tests.cpp" line="6395" status="run" result="completed" time="1.473" timestamp="2024-11-14T00:28:56.047" classname="CvRendererTest" />
    <testcase name="CvRenderer_BoundingBoxes__Vehicle_heavy___BottomTextOffsetY_Vehicle_heavy_Range" file="/home/tom/Desktop/tom/auto_tests/merlin_generated_tests.cpp" line="6402" status="run" result="completed" time="1.482" timestamp="2024-11-14T00:28:57.520" classname="CvRendererTest" />
    <testcase name="Update_CvRenderer_BoundingBoxes__Vehicle_heavy___BottomTextOffsetY_Vehicle_heavy_Range" file="/home/tom/Desktop/tom/auto_tests/merlin_generated_tests.cpp" line="6411" status="run" result="completed" time="1.463" timestamp="2024-11-14T00:28:59.002" classname="CvRendererTest" />
    <testcase name="CvRenderer_BoundingBoxes__Vehicle_heavy___FontColor_Vehicle_heavy_Default" file="/home/tom/Desktop/tom/auto_tests/merlin_generated_tests.cpp" line="6424" status="run" result="completed" time="1.456" timestamp="2024-11-14T00:29:00.466" classname="CvRendererTest" />
    <testcase name="Update_CvRenderer_BoundingBoxes__Vehicle_heavy___FontColor_Vehicle_heavy_Default" file="/home/tom/Desktop/tom/auto_tests/merlin_generated_tests.cpp" line="6428" status="run" result="completed" time="1.483" timestamp="2024-11-14T00:29:01.923" classname="CvRendererTest" />
    <testcase name="CvRenderer_BoundingBoxes__Vehicle_heavy___FontColor_Vehicle_heavy_Random" file="/home/tom/Desktop/tom/auto_tests/merlin_generated_tests.cpp" line="6435" status="run" result="completed" time="1.452" timestamp="2024-11-14T00:29:03.406" classname="CvRendererTest" />
    <testcase name="Update_CvRenderer_BoundingBoxes__Vehicle_heavy___FontColor_Vehicle_heavy_Random" file="/home/tom/Desktop/tom/auto_tests/merlin_generated_tests.cpp" line="6440" status="run" result="completed" time="1.455" timestamp="2024-11-14T00:29:04.859" classname="CvRendererTest" />
    <testcase name="CvRenderer_BoundingBoxes__Vehicle_heavy___FontScale_Vehicle_heavy_Default" file="/home/tom/Desktop/tom/auto_tests/merlin_generated_tests.cpp" line="6450" status="run" result="completed" time="1.466" timestamp="2024-11-14T00:29:06.314" classname="CvRendererTest" />
    <testcase name="Update_CvRenderer_BoundingBoxes__Vehicle_heavy___FontScale_Vehicle_heavy_Default" file="/home/tom/Desktop/tom/auto_tests/merlin_generated_tests.cpp" line="6454" status="run" result="completed" time="1.475" timestamp="2024-11-14T00:29:07.781" classname="CvRendererTest" />
    <testcase name="CvRenderer_BoundingBoxes__Vehicle_heavy___FontScale_Vehicle_heavy_Range" file="/home/tom/Desktop/tom/auto_tests/merlin_generated_tests.cpp" line="6461" status="run" result="completed" time="1.46" timestamp="2024-11-14T00:29:09.257" classname="CvRendererTest" />
    <testcase name="Update_CvRenderer_BoundingBoxes__Vehicle_heavy___FontScale_Vehicle_heavy_Range" file="/home/tom/Desktop/tom/auto_tests/merlin_generated_tests.cpp" line="6470" status="run" result="completed" time="1.472" timestamp="2024-11-14T00:29:10.718" classname="CvRendererTest" />
    <testcase name="CvRenderer_BoundingBoxes__Vehicle_heavy___FontThickness_Vehicle_heavy_Default" file="/home/tom/Desktop/tom/auto_tests/merlin_generated_tests.cpp" line="6483" status="run" result="completed" time="1.454" timestamp="2024-11-14T00:29:12.190" classname="CvRendererTest" />
    <testcase name="Update_CvRenderer_BoundingBoxes__Vehicle_heavy___FontThickness_Vehicle_heavy_Default" file="/home/tom/Desktop/tom/auto_tests/merlin_generated_tests.cpp" line="6487" status="run" result="completed" time="1.457" timestamp="2024-11-14T00:29:13.644" classname="CvRendererTest" />
    <testcase name="CvRenderer_BoundingBoxes__Vehicle_heavy___FontThickness_Vehicle_heavy_Range" file="/home/tom/Desktop/tom/auto_tests/merlin_generated_tests.cpp" line="6494" status="run" result="completed" time="1.464" timestamp="2024-11-14T00:29:15.102" classname="CvRendererTest" />
    <testcase name="Update_CvRenderer_BoundingBoxes__Vehicle_heavy___FontThickness_Vehicle_heavy_Range" file="/home/tom/Desktop/tom/auto_tests/merlin_generated_tests.cpp" line="6503" status="run" result="completed" time="1.469" timestamp="2024-11-14T00:29:16.566" classname="CvRendererTest" />
    <testcase name="CvRenderer_BoundingBoxes__TwoWheeled___SkipRendering_TwoWheeled_Default" file="/home/tom/Desktop/tom/auto_tests/merlin_generated_tests.cpp" line="6516" status="run" result="completed" time="1.457" timestamp="2024-11-14T00:29:18.035" classname="CvRendererTest" />
    <testcase name="Update_CvRenderer_BoundingBoxes__TwoWheeled___SkipRendering_TwoWheeled_Default" file="/home/tom/Desktop/tom/auto_tests/merlin_generated_tests.cpp" line="6520" status="run" result="completed" time="1.46" timestamp="2024-11-14T00:29:19.493" classname="CvRendererTest" />
    <testcase name="CvRenderer_BoundingBoxes__TwoWheeled___SkipRendering_TwoWheeled_Random" file="/home/tom/Desktop/tom/auto_tests/merlin_generated_tests.cpp" line="6527" status="run" result="completed" time="1.462" timestamp="2024-11-14T00:29:20.954" classname="CvRendererTest" />
    <testcase name="Update_CvRenderer_BoundingBoxes__TwoWheeled___SkipRendering_TwoWheeled_Random" file="/home/tom/Desktop/tom/auto_tests/merlin_generated_tests.cpp" line="6532" status="run" result="completed" time="1.451" timestamp="2024-11-14T00:29:22.416" classname="CvRendererTest" />
    <testcase name="CvRenderer_BoundingBoxes__TwoWheeled___BoxColor_TwoWheeled_Default" file="/home/tom/Desktop/tom/auto_tests/merlin_generated_tests.cpp" line="6542" status="run" result="completed" time="1.462" timestamp="2024-11-14T00:29:23.867" classname="CvRendererTest" />
    <testcase name="Update_CvRenderer_BoundingBoxes__TwoWheeled___BoxColor_TwoWheeled_Default" file="/home/tom/Desktop/tom/auto_tests/merlin_generated_tests.cpp" line="6546" status="run" result="completed" time="1.465" timestamp="2024-11-14T00:29:25.330" classname="CvRendererTest" />
    <testcase name="CvRenderer_BoundingBoxes__TwoWheeled___BoxColor_TwoWheeled_Random" file="/home/tom/Desktop/tom/auto_tests/merlin_generated_tests.cpp" line="6553" status="run" result="completed" time="1.459" timestamp="2024-11-14T00:29:26.795" classname="CvRendererTest" />
    <testcase name="Update_CvRenderer_BoundingBoxes__TwoWheeled___BoxColor_TwoWheeled_Random" file="/home/tom/Desktop/tom/auto_tests/merlin_generated_tests.cpp" line="6558" status="run" result="completed" time="1.497" timestamp="2024-11-14T00:29:28.255" classname="CvRendererTest" />
    <testcase name="CvRenderer_BoundingBoxes__TwoWheeled___LineThickness_TwoWheeled_Default" file="/home/tom/Desktop/tom/auto_tests/merlin_generated_tests.cpp" line="6568" status="run" result="completed" time="1.464" timestamp="2024-11-14T00:29:29.752" classname="CvRendererTest" />
    <testcase name="Update_CvRenderer_BoundingBoxes__TwoWheeled___LineThickness_TwoWheeled_Default" file="/home/tom/Desktop/tom/auto_tests/merlin_generated_tests.cpp" line="6572" status="run" result="completed" time="1.465" timestamp="2024-11-14T00:29:31.216" classname="CvRendererTest" />
    <testcase name="CvRenderer_BoundingBoxes__TwoWheeled___LineThickness_TwoWheeled_Range" file="/home/tom/Desktop/tom/auto_tests/merlin_generated_tests.cpp" line="6579" status="run" result="completed" time="1.465" timestamp="2024-11-14T00:29:32.681" classname="CvRendererTest" />
    <testcase name="Update_CvRenderer_BoundingBoxes__TwoWheeled___LineThickness_TwoWheeled_Range" file="/home/tom/Desktop/tom/auto_tests/merlin_generated_tests.cpp" line="6588" status="run" result="completed" time="1.459" timestamp="2024-11-14T00:29:34.147" classname="CvRendererTest" />
    <testcase name="CvRenderer_BoundingBoxes__TwoWheeled___TextOffsetX_TwoWheeled_Default" file="/home/tom/Desktop/tom/auto_tests/merlin_generated_tests.cpp" line="6601" status="run" result="completed" time="1.472" timestamp="2024-11-14T00:29:35.607" classname="CvRendererTest" />
    <testcase name="Update_CvRenderer_BoundingBoxes__TwoWheeled___TextOffsetX_TwoWheeled_Default" file="/home/tom/Desktop/tom/auto_tests/merlin_generated_tests.cpp" line="6605" status="run" result="completed" time="1.462" timestamp="2024-11-14T00:29:37.079" classname="CvRendererTest" />
    <testcase name="CvRenderer_BoundingBoxes__TwoWheeled___TextOffsetX_TwoWheeled_Range" file="/home/tom/Desktop/tom/auto_tests/merlin_generated_tests.cpp" line="6612" status="run" result="completed" time="1.477" timestamp="2024-11-14T00:29:38.541" classname="CvRendererTest" />
    <testcase name="Update_CvRenderer_BoundingBoxes__TwoWheeled___TextOffsetX_TwoWheeled_Range" file="/home/tom/Desktop/tom/auto_tests/merlin_generated_tests.cpp" line="6621" status="run" result="completed" time="1.457" timestamp="2024-11-14T00:29:40.018" classname="CvRendererTest" />
    <testcase name="CvRenderer_BoundingBoxes__TwoWheeled___TextOffsetY_TwoWheeled_Default" file="/home/tom/Desktop/tom/auto_tests/merlin_generated_tests.cpp" line="6634" status="run" result="completed" time="1.451" timestamp="2024-11-14T00:29:41.476" classname="CvRendererTest" />
    <testcase name="Update_CvRenderer_BoundingBoxes__TwoWheeled___TextOffsetY_TwoWheeled_Default" file="/home/tom/Desktop/tom/auto_tests/merlin_generated_tests.cpp" line="6638" status="run" result="completed" time="1.462" timestamp="2024-11-14T00:29:42.927" classname="CvRendererTest" />
    <testcase name="CvRenderer_BoundingBoxes__TwoWheeled___TextOffsetY_TwoWheeled_Range" file="/home/tom/Desktop/tom/auto_tests/merlin_generated_tests.cpp" line="6645" status="run" result="completed" time="1.455" timestamp="2024-11-14T00:29:44.389" classname="CvRendererTest" />
    <testcase name="Update_CvRenderer_BoundingBoxes__TwoWheeled___TextOffsetY_TwoWheeled_Range" file="/home/tom/Desktop/tom/auto_tests/merlin_generated_tests.cpp" line="6654" status="run" result="completed" time="1.46" timestamp="2024-11-14T00:29:45.845" classname="CvRendererTest" />
    <testcase name="CvRenderer_BoundingBoxes__TwoWheeled___BottomTextOffsetY_TwoWheeled_Default" file="/home/tom/Desktop/tom/auto_tests/merlin_generated_tests.cpp" line="6667" status="run" result="completed" time="1.455" timestamp="2024-11-14T00:29:47.306" classname="CvRendererTest" />
    <testcase name="Update_CvRenderer_BoundingBoxes__TwoWheeled___BottomTextOffsetY_TwoWheeled_Default" file="/home/tom/Desktop/tom/auto_tests/merlin_generated_tests.cpp" line="6671" status="run" result="completed" time="1.516" timestamp="2024-11-14T00:29:48.761" classname="CvRendererTest" />
    <testcase name="CvRenderer_BoundingBoxes__TwoWheeled___BottomTextOffsetY_TwoWheeled_Range" file="/home/tom/Desktop/tom/auto_tests/merlin_generated_tests.cpp" line="6678" status="run" result="completed" time="1.457" timestamp="2024-11-14T00:29:50.277" classname="CvRendererTest" />
    <testcase name="Update_CvRenderer_BoundingBoxes__TwoWheeled___BottomTextOffsetY_TwoWheeled_Range" file="/home/tom/Desktop/tom/auto_tests/merlin_generated_tests.cpp" line="6687" status="run" result="completed" time="1.461" timestamp="2024-11-14T00:29:51.735" classname="CvRendererTest" />
    <testcase name="CvRenderer_BoundingBoxes__TwoWheeled___FontColor_TwoWheeled_Default" file="/home/tom/Desktop/tom/auto_tests/merlin_generated_tests.cpp" line="6700" status="run" result="completed" time="1.459" timestamp="2024-11-14T00:29:53.197" classname="CvRendererTest" />
    <testcase name="Update_CvRenderer_BoundingBoxes__TwoWheeled___FontColor_TwoWheeled_Default" file="/home/tom/Desktop/tom/auto_tests/merlin_generated_tests.cpp" line="6704" status="run" result="completed" time="1.452" timestamp="2024-11-14T00:29:54.656" classname="CvRendererTest" />
    <testcase name="CvRenderer_BoundingBoxes__TwoWheeled___FontColor_TwoWheeled_Random" file="/home/tom/Desktop/tom/auto_tests/merlin_generated_tests.cpp" line="6711" status="run" result="completed" time="1.457" timestamp="2024-11-14T00:29:56.109" classname="CvRendererTest" />
    <testcase name="Update_CvRenderer_BoundingBoxes__TwoWheeled___FontColor_TwoWheeled_Random" file="/home/tom/Desktop/tom/auto_tests/merlin_generated_tests.cpp" line="6716" status="run" result="completed" time="1.453" timestamp="2024-11-14T00:29:57.566" classname="CvRendererTest" />
    <testcase name="CvRenderer_BoundingBoxes__TwoWheeled___FontScale_TwoWheeled_Default" file="/home/tom/Desktop/tom/auto_tests/merlin_generated_tests.cpp" line="6726" status="run" result="completed" time="1.464" timestamp="2024-11-14T00:29:59.020" classname="CvRendererTest" />
    <testcase name="Update_CvRenderer_BoundingBoxes__TwoWheeled___FontScale_TwoWheeled_Default" file="/home/tom/Desktop/tom/auto_tests/merlin_generated_tests.cpp" line="6730" status="run" result="completed" time="1.451" timestamp="2024-11-14T00:30:00.484" classname="CvRendererTest" />
    <testcase name="CvRenderer_BoundingBoxes__TwoWheeled___FontScale_TwoWheeled_Range" file="/home/tom/Desktop/tom/auto_tests/merlin_generated_tests.cpp" line="6737" status="run" result="completed" time="1.458" timestamp="2024-11-14T00:30:01.936" classname="CvRendererTest" />
    <testcase name="Update_CvRenderer_BoundingBoxes__TwoWheeled___FontScale_TwoWheeled_Range" file="/home/tom/Desktop/tom/auto_tests/merlin_generated_tests.cpp" line="6746" status="run" result="completed" time="1.465" timestamp="2024-11-14T00:30:03.395" classname="CvRendererTest" />
    <testcase name="CvRenderer_BoundingBoxes__TwoWheeled___FontThickness_TwoWheeled_Default" file="/home/tom/Desktop/tom/auto_tests/merlin_generated_tests.cpp" line="6759" status="run" result="completed" time="1.464" timestamp="2024-11-14T00:30:04.860" classname="CvRendererTest" />
    <testcase name="Update_CvRenderer_BoundingBoxes__TwoWheeled___FontThickness_TwoWheeled_Default" file="/home/tom/Desktop/tom/auto_tests/merlin_generated_tests.cpp" line="6763" status="run" result="completed" time="1.455" timestamp="2024-11-14T00:30:06.325" classname="CvRendererTest" />
    <testcase name="CvRenderer_BoundingBoxes__TwoWheeled___FontThickness_TwoWheeled_Range" file="/home/tom/Desktop/tom/auto_tests/merlin_generated_tests.cpp" line="6770" status="run" result="completed" time="1.45" timestamp="2024-11-14T00:30:07.781" classname="CvRendererTest" />
    <testcase name="Update_CvRenderer_BoundingBoxes__TwoWheeled___FontThickness_TwoWheeled_Range" file="/home/tom/Desktop/tom/auto_tests/merlin_generated_tests.cpp" line="6779" status="run" result="completed" time="1.482" timestamp="2024-11-14T00:30:09.231" classname="CvRendererTest" />
    <testcase name="CvRenderer_BoundingBoxes__Vehicle_light___SkipRendering_Vehicle_light_Default" file="/home/tom/Desktop/tom/auto_tests/merlin_generated_tests.cpp" line="6792" status="run" result="completed" time="1.464" timestamp="2024-11-14T00:30:10.713" classname="CvRendererTest" />
    <testcase name="Update_CvRenderer_BoundingBoxes__Vehicle_light___SkipRendering_Vehicle_light_Default" file="/home/tom/Desktop/tom/auto_tests/merlin_generated_tests.cpp" line="6796" status="run" result="completed" time="1.458" timestamp="2024-11-14T00:30:12.178" classname="CvRendererTest" />
    <testcase name="CvRenderer_BoundingBoxes__Vehicle_light___SkipRendering_Vehicle_light_Random" file="/home/tom/Desktop/tom/auto_tests/merlin_generated_tests.cpp" line="6803" status="run" result="completed" time="1.466" timestamp="2024-11-14T00:30:13.637" classname="CvRendererTest" />
    <testcase name="Update_CvRenderer_BoundingBoxes__Vehicle_light___SkipRendering_Vehicle_light_Random" file="/home/tom/Desktop/tom/auto_tests/merlin_generated_tests.cpp" line="6808" status="run" result="completed" time="1.456" timestamp="2024-11-14T00:30:15.103" classname="CvRendererTest" />
    <testcase name="CvRenderer_BoundingBoxes__Vehicle_light___BoxColor_Vehicle_light_Default" file="/home/tom/Desktop/tom/auto_tests/merlin_generated_tests.cpp" line="6818" status="run" result="completed" time="1.456" timestamp="2024-11-14T00:30:16.560" classname="CvRendererTest" />
    <testcase name="Update_CvRenderer_BoundingBoxes__Vehicle_light___BoxColor_Vehicle_light_Default" file="/home/tom/Desktop/tom/auto_tests/merlin_generated_tests.cpp" line="6822" status="run" result="completed" time="1.453" timestamp="2024-11-14T00:30:18.017" classname="CvRendererTest" />
    <testcase name="CvRenderer_BoundingBoxes__Vehicle_light___BoxColor_Vehicle_light_Random" file="/home/tom/Desktop/tom/auto_tests/merlin_generated_tests.cpp" line="6829" status="run" result="completed" time="1.465" timestamp="2024-11-14T00:30:19.470" classname="CvRendererTest" />
    <testcase name="Update_CvRenderer_BoundingBoxes__Vehicle_light___BoxColor_Vehicle_light_Random" file="/home/tom/Desktop/tom/auto_tests/merlin_generated_tests.cpp" line="6834" status="run" result="completed" time="1.464" timestamp="2024-11-14T00:30:20.936" classname="CvRendererTest" />
    <testcase name="CvRenderer_BoundingBoxes__Vehicle_light___LineThickness_Vehicle_light_Default" file="/home/tom/Desktop/tom/auto_tests/merlin_generated_tests.cpp" line="6844" status="run" result="completed" time="1.471" timestamp="2024-11-14T00:30:22.401" classname="CvRendererTest" />
    <testcase name="Update_CvRenderer_BoundingBoxes__Vehicle_light___LineThickness_Vehicle_light_Default" file="/home/tom/Desktop/tom/auto_tests/merlin_generated_tests.cpp" line="6848" status="run" result="completed" time="1.479" timestamp="2024-11-14T00:30:23.873" classname="CvRendererTest" />
    <testcase name="CvRenderer_BoundingBoxes__Vehicle_light___LineThickness_Vehicle_light_Range" file="/home/tom/Desktop/tom/auto_tests/merlin_generated_tests.cpp" line="6855" status="run" result="completed" time="1.451" timestamp="2024-11-14T00:30:25.352" classname="CvRendererTest" />
    <testcase name="Update_CvRenderer_BoundingBoxes__Vehicle_light___LineThickness_Vehicle_light_Range" file="/home/tom/Desktop/tom/auto_tests/merlin_generated_tests.cpp" line="6864" status="run" result="completed" time="1.463" timestamp="2024-11-14T00:30:26.803" classname="CvRendererTest" />
    <testcase name="CvRenderer_BoundingBoxes__Vehicle_light___TextOffsetX_Vehicle_light_Default" file="/home/tom/Desktop/tom/auto_tests/merlin_generated_tests.cpp" line="6877" status="run" result="completed" time="1.454" timestamp="2024-11-14T00:30:28.268" classname="CvRendererTest" />
    <testcase name="Update_CvRenderer_BoundingBoxes__Vehicle_light___TextOffsetX_Vehicle_light_Default" file="/home/tom/Desktop/tom/auto_tests/merlin_generated_tests.cpp" line="6881" status="run" result="completed" time="1.459" timestamp="2024-11-14T00:30:29.722" classname="CvRendererTest" />
    <testcase name="CvRenderer_BoundingBoxes__Vehicle_light___TextOffsetX_Vehicle_light_Range" file="/home/tom/Desktop/tom/auto_tests/merlin_generated_tests.cpp" line="6888" status="run" result="completed" time="1.46" timestamp="2024-11-14T00:30:31.181" classname="CvRendererTest" />
    <testcase name="Update_CvRenderer_BoundingBoxes__Vehicle_light___TextOffsetX_Vehicle_light_Range" file="/home/tom/Desktop/tom/auto_tests/merlin_generated_tests.cpp" line="6897" status="run" result="completed" time="1.463" timestamp="2024-11-14T00:30:32.642" classname="CvRendererTest" />
    <testcase name="CvRenderer_BoundingBoxes__Vehicle_light___TextOffsetY_Vehicle_light_Default" file="/home/tom/Desktop/tom/auto_tests/merlin_generated_tests.cpp" line="6910" status="run" result="completed" time="1.488" timestamp="2024-11-14T00:30:34.105" classname="CvRendererTest" />
    <testcase name="Update_CvRenderer_BoundingBoxes__Vehicle_light___TextOffsetY_Vehicle_light_Default" file="/home/tom/Desktop/tom/auto_tests/merlin_generated_tests.cpp" line="6914" status="run" result="completed" time="1.469" timestamp="2024-11-14T00:30:35.594" classname="CvRendererTest" />
    <testcase name="CvRenderer_BoundingBoxes__Vehicle_light___TextOffsetY_Vehicle_light_Range" file="/home/tom/Desktop/tom/auto_tests/merlin_generated_tests.cpp" line="6921" status="run" result="completed" time="1.463" timestamp="2024-11-14T00:30:37.063" classname="CvRendererTest" />
    <testcase name="Update_CvRenderer_BoundingBoxes__Vehicle_light___TextOffsetY_Vehicle_light_Range" file="/home/tom/Desktop/tom/auto_tests/merlin_generated_tests.cpp" line="6930" status="run" result="completed" time="1.459" timestamp="2024-11-14T00:30:38.527" classname="CvRendererTest" />
    <testcase name="CvRenderer_BoundingBoxes__Vehicle_light___BottomTextOffsetY_Vehicle_light_Default" file="/home/tom/Desktop/tom/auto_tests/merlin_generated_tests.cpp" line="6943" status="run" result="completed" time="1.462" timestamp="2024-11-14T00:30:39.986" classname="CvRendererTest" />
    <testcase name="Update_CvRenderer_BoundingBoxes__Vehicle_light___BottomTextOffsetY_Vehicle_light_Default" file="/home/tom/Desktop/tom/auto_tests/merlin_generated_tests.cpp" line="6947" status="run" result="completed" time="1.459" timestamp="2024-11-14T00:30:41.449" classname="CvRendererTest" />
    <testcase name="CvRenderer_BoundingBoxes__Vehicle_light___BottomTextOffsetY_Vehicle_light_Range" file="/home/tom/Desktop/tom/auto_tests/merlin_generated_tests.cpp" line="6954" status="run" result="completed" time="1.458" timestamp="2024-11-14T00:30:42.908" classname="CvRendererTest" />
    <testcase name="Update_CvRenderer_BoundingBoxes__Vehicle_light___BottomTextOffsetY_Vehicle_light_Range" file="/home/tom/Desktop/tom/auto_tests/merlin_generated_tests.cpp" line="6963" status="run" result="completed" time="1.481" timestamp="2024-11-14T00:30:44.367" classname="CvRendererTest" />
    <testcase name="CvRenderer_BoundingBoxes__Vehicle_light___FontColor_Vehicle_light_Default" file="/home/tom/Desktop/tom/auto_tests/merlin_generated_tests.cpp" line="6976" status="run" result="completed" time="1.455" timestamp="2024-11-14T00:30:45.848" classname="CvRendererTest" />
    <testcase name="Update_CvRenderer_BoundingBoxes__Vehicle_light___FontColor_Vehicle_light_Default" file="/home/tom/Desktop/tom/auto_tests/merlin_generated_tests.cpp" line="6980" status="run" result="completed" time="1.461" timestamp="2024-11-14T00:30:47.303" classname="CvRendererTest" />
    <testcase name="CvRenderer_BoundingBoxes__Vehicle_light___FontColor_Vehicle_light_Random" file="/home/tom/Desktop/tom/auto_tests/merlin_generated_tests.cpp" line="6987" status="run" result="completed" time="1.463" timestamp="2024-11-14T00:30:48.765" classname="CvRendererTest" />
    <testcase name="Update_CvRenderer_BoundingBoxes__Vehicle_light___FontColor_Vehicle_light_Random" file="/home/tom/Desktop/tom/auto_tests/merlin_generated_tests.cpp" line="6992" status="run" result="completed" time="1.479" timestamp="2024-11-14T00:30:50.229" classname="CvRendererTest" />
    <testcase name="CvRenderer_BoundingBoxes__Vehicle_light___FontScale_Vehicle_light_Default" file="/home/tom/Desktop/tom/auto_tests/merlin_generated_tests.cpp" line="7002" status="run" result="completed" time="1.455" timestamp="2024-11-14T00:30:51.708" classname="CvRendererTest" />
    <testcase name="Update_CvRenderer_BoundingBoxes__Vehicle_light___FontScale_Vehicle_light_Default" file="/home/tom/Desktop/tom/auto_tests/merlin_generated_tests.cpp" line="7006" status="run" result="completed" time="1.457" timestamp="2024-11-14T00:30:53.164" classname="CvRendererTest" />
    <testcase name="CvRenderer_BoundingBoxes__Vehicle_light___FontScale_Vehicle_light_Range" file="/home/tom/Desktop/tom/auto_tests/merlin_generated_tests.cpp" line="7013" status="run" result="completed" time="1.481" timestamp="2024-11-14T00:30:54.622" classname="CvRendererTest" />
    <testcase name="Update_CvRenderer_BoundingBoxes__Vehicle_light___FontScale_Vehicle_light_Range" file="/home/tom/Desktop/tom/auto_tests/merlin_generated_tests.cpp" line="7022" status="run" result="completed" time="1.456" timestamp="2024-11-14T00:30:56.103" classname="CvRendererTest" />
    <testcase name="CvRenderer_BoundingBoxes__Vehicle_light___FontThickness_Vehicle_light_Default" file="/home/tom/Desktop/tom/auto_tests/merlin_generated_tests.cpp" line="7035" status="run" result="completed" time="1.454" timestamp="2024-11-14T00:30:57.560" classname="CvRendererTest" />
    <testcase name="Update_CvRenderer_BoundingBoxes__Vehicle_light___FontThickness_Vehicle_light_Default" file="/home/tom/Desktop/tom/auto_tests/merlin_generated_tests.cpp" line="7039" status="run" result="completed" time="1.466" timestamp="2024-11-14T00:30:59.015" classname="CvRendererTest" />
    <testcase name="CvRenderer_BoundingBoxes__Vehicle_light___FontThickness_Vehicle_light_Range" file="/home/tom/Desktop/tom/auto_tests/merlin_generated_tests.cpp" line="7046" status="run" result="completed" time="1.464" timestamp="2024-11-14T00:31:00.481" classname="CvRendererTest" />
    <testcase name="Update_CvRenderer_BoundingBoxes__Vehicle_light___FontThickness_Vehicle_light_Range" file="/home/tom/Desktop/tom/auto_tests/merlin_generated_tests.cpp" line="7055" status="run" result="completed" time="1.449" timestamp="2024-11-14T00:31:01.946" classname="CvRendererTest" />
    <testcase name="CvRenderer_Osd_SkipRenderingDefault" file="/home/tom/Desktop/tom/auto_tests/merlin_generated_tests.cpp" line="7068" status="run" result="completed" time="1.464" timestamp="2024-11-14T00:31:03.396" classname="CvRendererTest" />
    <testcase name="Update_CvRenderer_Osd_SkipRenderingDefault" file="/home/tom/Desktop/tom/auto_tests/merlin_generated_tests.cpp" line="7072" status="run" result="completed" time="1.463" timestamp="2024-11-14T00:31:04.860" classname="CvRendererTest" />
    <testcase name="CvRenderer_Osd_SkipRenderingRandom" file="/home/tom/Desktop/tom/auto_tests/merlin_generated_tests.cpp" line="7079" status="run" result="completed" time="1.453" timestamp="2024-11-14T00:31:06.324" classname="CvRendererTest" />
    <testcase name="Update_CvRenderer_Osd_SkipRenderingRandom" file="/home/tom/Desktop/tom/auto_tests/merlin_generated_tests.cpp" line="7084" status="run" result="completed" time="1.455" timestamp="2024-11-14T00:31:07.778" classname="CvRendererTest" />
    <testcase name="CvRenderer_Osd_CornerDefault" file="/home/tom/Desktop/tom/auto_tests/merlin_generated_tests.cpp" line="7094" status="run" result="completed" time="1.459" timestamp="2024-11-14T00:31:09.234" classname="CvRendererTest" />
    <testcase name="Update_CvRenderer_Osd_CornerDefault" file="/home/tom/Desktop/tom/auto_tests/merlin_generated_tests.cpp" line="7098" status="run" result="completed" time="1.463" timestamp="2024-11-14T00:31:10.694" classname="CvRendererTest" />
    <testcase name="CvRenderer_Osd_CornerEnum" file="/home/tom/Desktop/tom/auto_tests/merlin_generated_tests.cpp" line="7106" status="run" result="completed" time="1.458" timestamp="2024-11-14T00:31:12.157" classname="CvRendererTest" />
    <testcase name="Update_CvRenderer_Osd_CornerEnum" file="/home/tom/Desktop/tom/auto_tests/merlin_generated_tests.cpp" line="7117" status="run" result="completed" time="1.458" timestamp="2024-11-14T00:31:13.615" classname="CvRendererTest" />
    <testcase name="CvRenderer_Osd_Values0Default" file="/home/tom/Desktop/tom/auto_tests/merlin_generated_tests.cpp" line="7136" status="run" result="completed" time="1.955" timestamp="2024-11-14T00:31:15.074" classname="CvRendererTest" />
    <testcase name="Update_CvRenderer_Osd_Values0Default" file="/home/tom/Desktop/tom/auto_tests/merlin_generated_tests.cpp" line="7140" status="run" result="completed" time="1.448" timestamp="2024-11-14T00:31:17.030" classname="CvRendererTest" />
    <testcase name="CvRenderer_Osd_Values0Enum" file="/home/tom/Desktop/tom/auto_tests/merlin_generated_tests.cpp" line="7148" status="run" result="completed" time="1.445" timestamp="2024-11-14T00:31:18.478" classname="CvRendererTest" />
    <testcase name="Update_CvRenderer_Osd_Values0Enum" file="/home/tom/Desktop/tom/auto_tests/merlin_generated_tests.cpp" line="7171" status="run" result="completed" time="1.505" timestamp="2024-11-14T00:31:19.924" classname="CvRendererTest" />
    <testcase name="CvRenderer_Osd_Values1Default" file="/home/tom/Desktop/tom/auto_tests/merlin_generated_tests.cpp" line="7208" status="run" result="completed" time="1.461" timestamp="2024-11-14T00:31:21.430" classname="CvRendererTest" />
    <testcase name="Update_CvRenderer_Osd_Values1Default" file="/home/tom/Desktop/tom/auto_tests/merlin_generated_tests.cpp" line="7212" status="run" result="completed" time="1.455" timestamp="2024-11-14T00:31:22.891" classname="CvRendererTest" />
    <testcase name="CvRenderer_Osd_Values1Enum" file="/home/tom/Desktop/tom/auto_tests/merlin_generated_tests.cpp" line="7220" status="run" result="completed" time="1.464" timestamp="2024-11-14T00:31:24.346" classname="CvRendererTest" />
    <testcase name="Update_CvRenderer_Osd_Values1Enum" file="/home/tom/Desktop/tom/auto_tests/merlin_generated_tests.cpp" line="7243" status="run" result="completed" time="1.463" timestamp="2024-11-14T00:31:25.810" classname="CvRendererTest" />
    <testcase name="CvRenderer_Osd_Values2Default" file="/home/tom/Desktop/tom/auto_tests/merlin_generated_tests.cpp" line="7280" status="run" result="completed" time="1.456" timestamp="2024-11-14T00:31:27.274" classname="CvRendererTest" />
    <testcase name="Update_CvRenderer_Osd_Values2Default" file="/home/tom/Desktop/tom/auto_tests/merlin_generated_tests.cpp" line="7284" status="run" result="completed" time="1.455" timestamp="2024-11-14T00:31:28.730" classname="CvRendererTest" />
    <testcase name="CvRenderer_Osd_Values2Enum" file="/home/tom/Desktop/tom/auto_tests/merlin_generated_tests.cpp" line="7292" status="run" result="completed" time="1.965" timestamp="2024-11-14T00:31:30.186" classname="CvRendererTest" />
    <testcase name="Update_CvRenderer_Osd_Values2Enum" file="/home/tom/Desktop/tom/auto_tests/merlin_generated_tests.cpp" line="7315" status="run" result="completed" time="1.463" timestamp="2024-11-14T00:31:32.151" classname="CvRendererTest" />
    <testcase name="CvRenderer_Osd_Values3Default" file="/home/tom/Desktop/tom/auto_tests/merlin_generated_tests.cpp" line="7352" status="run" result="completed" time="1.464" timestamp="2024-11-14T00:31:33.615" classname="CvRendererTest" />
    <testcase name="Update_CvRenderer_Osd_Values3Default" file="/home/tom/Desktop/tom/auto_tests/merlin_generated_tests.cpp" line="7356" status="run" result="completed" time="1.453" timestamp="2024-11-14T00:31:35.080" classname="CvRendererTest" />
    <testcase name="CvRenderer_Osd_Values3Enum" file="/home/tom/Desktop/tom/auto_tests/merlin_generated_tests.cpp" line="7364" status="run" result="completed" time="1.462" timestamp="2024-11-14T00:31:36.533" classname="CvRendererTest" />
    <testcase name="Update_CvRenderer_Osd_Values3Enum" file="/home/tom/Desktop/tom/auto_tests/merlin_generated_tests.cpp" line="7387" status="run" result="completed" time="1.461" timestamp="2024-11-14T00:31:37.995" classname="CvRendererTest" />
    <testcase name="CvRenderer_Osd_Values4Default" file="/home/tom/Desktop/tom/auto_tests/merlin_generated_tests.cpp" line="7424" status="run" result="completed" time="1.449" timestamp="2024-11-14T00:31:39.457" classname="CvRendererTest" />
    <testcase name="Update_CvRenderer_Osd_Values4Default" file="/home/tom/Desktop/tom/auto_tests/merlin_generated_tests.cpp" line="7428" status="run" result="completed" time="1.46" timestamp="2024-11-14T00:31:40.906" classname="CvRendererTest" />
    <testcase name="CvRenderer_Osd_Values4Enum" file="/home/tom/Desktop/tom/auto_tests/merlin_generated_tests.cpp" line="7436" status="run" result="completed" time="1.455" timestamp="2024-11-14T00:31:42.367" classname="CvRendererTest" />
    <testcase name="Update_CvRenderer_Osd_Values4Enum" file="/home/tom/Desktop/tom/auto_tests/merlin_generated_tests.cpp" line="7459" status="run" result="completed" time="1.456" timestamp="2024-11-14T00:31:43.823" classname="CvRendererTest" />
    <testcase name="CvRenderer_Osd_Values5Default" file="/home/tom/Desktop/tom/auto_tests/merlin_generated_tests.cpp" line="7496" status="run" result="completed" time="1.487" timestamp="2024-11-14T00:31:45.280" classname="CvRendererTest" />
    <testcase name="Update_CvRenderer_Osd_Values5Default" file="/home/tom/Desktop/tom/auto_tests/merlin_generated_tests.cpp" line="7500" status="run" result="completed" time="1.454" timestamp="2024-11-14T00:31:46.768" classname="CvRendererTest" />
    <testcase name="CvRenderer_Osd_Values5Enum" file="/home/tom/Desktop/tom/auto_tests/merlin_generated_tests.cpp" line="7508" status="run" result="completed" time="1.465" timestamp="2024-11-14T00:31:48.222" classname="CvRendererTest" />
    <testcase name="Update_CvRenderer_Osd_Values5Enum" file="/home/tom/Desktop/tom/auto_tests/merlin_generated_tests.cpp" line="7531" status="run" result="completed" time="1.462" timestamp="2024-11-14T00:31:49.688" classname="CvRendererTest" />
    <testcase name="CvRenderer_Osd_Values6Default" file="/home/tom/Desktop/tom/auto_tests/merlin_generated_tests.cpp" line="7568" status="run" result="completed" time="1.462" timestamp="2024-11-14T00:31:51.151" classname="CvRendererTest" />
    <testcase name="Update_CvRenderer_Osd_Values6Default" file="/home/tom/Desktop/tom/auto_tests/merlin_generated_tests.cpp" line="7572" status="run" result="completed" time="1.465" timestamp="2024-11-14T00:31:52.614" classname="CvRendererTest" />
    <testcase name="CvRenderer_Osd_Values6Enum" file="/home/tom/Desktop/tom/auto_tests/merlin_generated_tests.cpp" line="7580" status="run" result="completed" time="1.461" timestamp="2024-11-14T00:31:54.079" classname="CvRendererTest" />
    <testcase name="Update_CvRenderer_Osd_Values6Enum" file="/home/tom/Desktop/tom/auto_tests/merlin_generated_tests.cpp" line="7603" status="run" result="completed" time="1.463" timestamp="2024-11-14T00:31:55.541" classname="CvRendererTest" />
    <testcase name="CvRenderer_Osd_Values7Default" file="/home/tom/Desktop/tom/auto_tests/merlin_generated_tests.cpp" line="7640" status="run" result="completed" time="1.474" timestamp="2024-11-14T00:31:57.005" classname="CvRendererTest" />
    <testcase name="Update_CvRenderer_Osd_Values7Default" file="/home/tom/Desktop/tom/auto_tests/merlin_generated_tests.cpp" line="7644" status="run" result="completed" time="1.468" timestamp="2024-11-14T00:31:58.479" classname="CvRendererTest" />
    <testcase name="CvRenderer_Osd_Values7Enum" file="/home/tom/Desktop/tom/auto_tests/merlin_generated_tests.cpp" line="7652" status="run" result="completed" time="1.464" timestamp="2024-11-14T00:31:59.948" classname="CvRendererTest" />
    <testcase name="Update_CvRenderer_Osd_Values7Enum" file="/home/tom/Desktop/tom/auto_tests/merlin_generated_tests.cpp" line="7675" status="run" result="completed" time="1.455" timestamp="2024-11-14T00:32:01.413" classname="CvRendererTest" />
    <testcase name="CvRenderer_Osd_Values8Default" file="/home/tom/Desktop/tom/auto_tests/merlin_generated_tests.cpp" line="7712" status="run" result="completed" time="1.456" timestamp="2024-11-14T00:32:02.868" classname="CvRendererTest" />
    <testcase name="Update_CvRenderer_Osd_Values8Default" file="/home/tom/Desktop/tom/auto_tests/merlin_generated_tests.cpp" line="7716" status="run" result="completed" time="1.494" timestamp="2024-11-14T00:32:04.324" classname="CvRendererTest" />
    <testcase name="CvRenderer_Osd_Values8Enum" file="/home/tom/Desktop/tom/auto_tests/merlin_generated_tests.cpp" line="7724" status="run" result="completed" time="1.454" timestamp="2024-11-14T00:32:05.818" classname="CvRendererTest" />
    <testcase name="Update_CvRenderer_Osd_Values8Enum" file="/home/tom/Desktop/tom/auto_tests/merlin_generated_tests.cpp" line="7747" status="run" result="completed" time="1.465" timestamp="2024-11-14T00:32:07.273" classname="CvRendererTest" />
    <testcase name="CvRenderer_Osd_Values9Default" file="/home/tom/Desktop/tom/auto_tests/merlin_generated_tests.cpp" line="7784" status="run" result="completed" time="1.455" timestamp="2024-11-14T00:32:08.738" classname="CvRendererTest" />
    <testcase name="Update_CvRenderer_Osd_Values9Default" file="/home/tom/Desktop/tom/auto_tests/merlin_generated_tests.cpp" line="7788" status="run" result="completed" time="1.473" timestamp="2024-11-14T00:32:10.193" classname="CvRendererTest" />
    <testcase name="CvRenderer_Osd_Values9Enum" file="/home/tom/Desktop/tom/auto_tests/merlin_generated_tests.cpp" line="7796" status="run" result="completed" time="1.455" timestamp="2024-11-14T00:32:11.667" classname="CvRendererTest" />
    <testcase name="Update_CvRenderer_Osd_Values9Enum" file="/home/tom/Desktop/tom/auto_tests/merlin_generated_tests.cpp" line="7819" status="run" result="completed" time="1.461" timestamp="2024-11-14T00:32:13.122" classname="CvRendererTest" />
    <testcase name="CvRenderer_Osd_MarginXDefault" file="/home/tom/Desktop/tom/auto_tests/merlin_generated_tests.cpp" line="7856" status="run" result="completed" time="1.456" timestamp="2024-11-14T00:32:14.584" classname="CvRendererTest" />
    <testcase name="Update_CvRenderer_Osd_MarginXDefault" file="/home/tom/Desktop/tom/auto_tests/merlin_generated_tests.cpp" line="7860" status="run" result="completed" time="1.466" timestamp="2024-11-14T00:32:16.040" classname="CvRendererTest" />
    <testcase name="CvRenderer_Osd_MarginXRandom" file="/home/tom/Desktop/tom/auto_tests/merlin_generated_tests.cpp" line="7867" status="run" result="completed" time="1.453" timestamp="2024-11-14T00:32:17.507" classname="CvRendererTest" />
    <testcase name="Update_CvRenderer_Osd_MarginXRandom" file="/home/tom/Desktop/tom/auto_tests/merlin_generated_tests.cpp" line="7872" status="run" result="completed" time="1.462" timestamp="2024-11-14T00:32:18.961" classname="CvRendererTest" />
    <testcase name="CvRenderer_Osd_MarginYDefault" file="/home/tom/Desktop/tom/auto_tests/merlin_generated_tests.cpp" line="7882" status="run" result="completed" time="1.449" timestamp="2024-11-14T00:32:20.423" classname="CvRendererTest" />
    <testcase name="Update_CvRenderer_Osd_MarginYDefault" file="/home/tom/Desktop/tom/auto_tests/merlin_generated_tests.cpp" line="7886" status="run" result="completed" time="1.496" timestamp="2024-11-14T00:32:21.872" classname="CvRendererTest" />
    <testcase name="CvRenderer_Osd_MarginYRandom" file="/home/tom/Desktop/tom/auto_tests/merlin_generated_tests.cpp" line="7893" status="run" result="completed" time="1.469" timestamp="2024-11-14T00:32:23.369" classname="CvRendererTest" />
    <testcase name="Update_CvRenderer_Osd_MarginYRandom" file="/home/tom/Desktop/tom/auto_tests/merlin_generated_tests.cpp" line="7898" status="run" result="completed" time="1.463" timestamp="2024-11-14T00:32:24.838" classname="CvRendererTest" />
    <testcase name="CvRenderer_Osd_LineDistanceDefault" file="/home/tom/Desktop/tom/auto_tests/merlin_generated_tests.cpp" line="7908" status="run" result="completed" time="1.464" timestamp="2024-11-14T00:32:26.302" classname="CvRendererTest" />
    <testcase name="Update_CvRenderer_Osd_LineDistanceDefault" file="/home/tom/Desktop/tom/auto_tests/merlin_generated_tests.cpp" line="7912" status="run" result="completed" time="1.465" timestamp="2024-11-14T00:32:27.767" classname="CvRendererTest" />
    <testcase name="CvRenderer_Osd_LineDistanceRandom" file="/home/tom/Desktop/tom/auto_tests/merlin_generated_tests.cpp" line="7919" status="run" result="completed" time="1.459" timestamp="2024-11-14T00:32:29.233" classname="CvRendererTest" />
    <testcase name="Update_CvRenderer_Osd_LineDistanceRandom" file="/home/tom/Desktop/tom/auto_tests/merlin_generated_tests.cpp" line="7924" status="run" result="completed" time="1.486" timestamp="2024-11-14T00:32:30.692" classname="CvRendererTest" />
    <testcase name="CvRenderer_Osd_BackColorDefault" file="/home/tom/Desktop/tom/auto_tests/merlin_generated_tests.cpp" line="7934" status="run" result="completed" time="1.47" timestamp="2024-11-14T00:32:32.179" classname="CvRendererTest" />
    <testcase name="Update_CvRenderer_Osd_BackColorDefault" file="/home/tom/Desktop/tom/auto_tests/merlin_generated_tests.cpp" line="7938" status="run" result="completed" time="1.457" timestamp="2024-11-14T00:32:33.649" classname="CvRendererTest" />
    <testcase name="CvRenderer_Osd_BackColorRandom" file="/home/tom/Desktop/tom/auto_tests/merlin_generated_tests.cpp" line="7945" status="run" result="completed" time="1.458" timestamp="2024-11-14T00:32:35.107" classname="CvRendererTest" />
    <testcase name="Update_CvRenderer_Osd_BackColorRandom" file="/home/tom/Desktop/tom/auto_tests/merlin_generated_tests.cpp" line="7950" status="run" result="completed" time="1.455" timestamp="2024-11-14T00:32:36.566" classname="CvRendererTest" />
    <testcase name="CvRenderer_Osd_BackTransparencyDefault" file="/home/tom/Desktop/tom/auto_tests/merlin_generated_tests.cpp" line="7960" status="run" result="completed" time="1.446" timestamp="2024-11-14T00:32:38.021" classname="CvRendererTest" />
    <testcase name="Update_CvRenderer_Osd_BackTransparencyDefault" file="/home/tom/Desktop/tom/auto_tests/merlin_generated_tests.cpp" line="7964" status="run" result="completed" time="1.458" timestamp="2024-11-14T00:32:39.468" classname="CvRendererTest" />
    <testcase name="CvRenderer_Osd_BackTransparencyRange" file="/home/tom/Desktop/tom/auto_tests/merlin_generated_tests.cpp" line="7971" status="run" result="completed" time="1.477" timestamp="2024-11-14T00:32:40.926" classname="CvRendererTest" />
    <testcase name="Update_CvRenderer_Osd_BackTransparencyRange" file="/home/tom/Desktop/tom/auto_tests/merlin_generated_tests.cpp" line="7980" status="run" result="completed" time="1.454" timestamp="2024-11-14T00:32:42.403" classname="CvRendererTest" />
    <testcase name="CvRenderer_Osd_FontColorDefault" file="/home/tom/Desktop/tom/auto_tests/merlin_generated_tests.cpp" line="7993" status="run" result="completed" time="1.457" timestamp="2024-11-14T00:32:43.858" classname="CvRendererTest" />
    <testcase name="Update_CvRenderer_Osd_FontColorDefault" file="/home/tom/Desktop/tom/auto_tests/merlin_generated_tests.cpp" line="7997" status="run" result="completed" time="1.471" timestamp="2024-11-14T00:32:45.316" classname="CvRendererTest" />
    <testcase name="CvRenderer_Osd_FontColorRandom" file="/home/tom/Desktop/tom/auto_tests/merlin_generated_tests.cpp" line="8004" status="run" result="completed" time="1.46" timestamp="2024-11-14T00:32:46.787" classname="CvRendererTest" />
    <testcase name="Update_CvRenderer_Osd_FontColorRandom" file="/home/tom/Desktop/tom/auto_tests/merlin_generated_tests.cpp" line="8009" status="run" result="completed" time="1.453" timestamp="2024-11-14T00:32:48.248" classname="CvRendererTest" />
    <testcase name="CvRenderer_Osd_FontScaleDefault" file="/home/tom/Desktop/tom/auto_tests/merlin_generated_tests.cpp" line="8019" status="run" result="completed" time="1.445" timestamp="2024-11-14T00:32:49.702" classname="CvRendererTest" />
    <testcase name="Update_CvRenderer_Osd_FontScaleDefault" file="/home/tom/Desktop/tom/auto_tests/merlin_generated_tests.cpp" line="8023" status="run" result="completed" time="1.469" timestamp="2024-11-14T00:32:51.148" classname="CvRendererTest" />
    <testcase name="CvRenderer_Osd_FontScaleRange" file="/home/tom/Desktop/tom/auto_tests/merlin_generated_tests.cpp" line="8030" status="run" result="completed" time="1.465" timestamp="2024-11-14T00:32:52.618" classname="CvRendererTest" />
    <testcase name="Update_CvRenderer_Osd_FontScaleRange" file="/home/tom/Desktop/tom/auto_tests/merlin_generated_tests.cpp" line="8039" status="run" result="completed" time="1.459" timestamp="2024-11-14T00:32:54.083" classname="CvRendererTest" />
    <testcase name="CvRenderer_Osd_FontThicknessDefault" file="/home/tom/Desktop/tom/auto_tests/merlin_generated_tests.cpp" line="8052" status="run" result="completed" time="1.462" timestamp="2024-11-14T00:32:55.543" classname="CvRendererTest" />
    <testcase name="Update_CvRenderer_Osd_FontThicknessDefault" file="/home/tom/Desktop/tom/auto_tests/merlin_generated_tests.cpp" line="8056" status="run" result="completed" time="1.46" timestamp="2024-11-14T00:32:57.005" classname="CvRendererTest" />
    <testcase name="CvRenderer_Osd_FontThicknessRange" file="/home/tom/Desktop/tom/auto_tests/merlin_generated_tests.cpp" line="8063" status="run" result="completed" time="1.466" timestamp="2024-11-14T00:32:58.466" classname="CvRendererTest" />
    <testcase name="Update_CvRenderer_Osd_FontThicknessRange" file="/home/tom/Desktop/tom/auto_tests/merlin_generated_tests.cpp" line="8072" status="run" result="completed" time="1.461" timestamp="2024-11-14T00:32:59.933" classname="CvRendererTest" />
    <testcase name="CvRenderer_Histogram_SkipRenderingDefault" file="/home/tom/Desktop/tom/auto_tests/merlin_generated_tests.cpp" line="8085" status="run" result="completed" time="1.486" timestamp="2024-11-14T00:33:01.394" classname="CvRendererTest" />
    <testcase name="Update_CvRenderer_Histogram_SkipRenderingDefault" file="/home/tom/Desktop/tom/auto_tests/merlin_generated_tests.cpp" line="8089" status="run" result="completed" time="1.465" timestamp="2024-11-14T00:33:02.881" classname="CvRendererTest" />
    <testcase name="CvRenderer_Histogram_SkipRenderingRandom" file="/home/tom/Desktop/tom/auto_tests/merlin_generated_tests.cpp" line="8096" status="run" result="completed" time="1.456" timestamp="2024-11-14T00:33:04.347" classname="CvRendererTest" />
    <testcase name="Update_CvRenderer_Histogram_SkipRenderingRandom" file="/home/tom/Desktop/tom/auto_tests/merlin_generated_tests.cpp" line="8101" status="run" result="completed" time="1.461" timestamp="2024-11-14T00:33:05.804" classname="CvRendererTest" />
    <testcase name="CvRenderer_Histogram_CornerDefault" file="/home/tom/Desktop/tom/auto_tests/merlin_generated_tests.cpp" line="8111" status="run" result="completed" time="1.456" timestamp="2024-11-14T00:33:07.265" classname="CvRendererTest" />
    <testcase name="Update_CvRenderer_Histogram_CornerDefault" file="/home/tom/Desktop/tom/auto_tests/merlin_generated_tests.cpp" line="8115" status="run" result="completed" time="1.454" timestamp="2024-11-14T00:33:08.722" classname="CvRendererTest" />
    <testcase name="CvRenderer_Histogram_CornerEnum" file="/home/tom/Desktop/tom/auto_tests/merlin_generated_tests.cpp" line="8123" status="run" result="completed" time="1.46" timestamp="2024-11-14T00:33:10.176" classname="CvRendererTest" />
    <testcase name="Update_CvRenderer_Histogram_CornerEnum" file="/home/tom/Desktop/tom/auto_tests/merlin_generated_tests.cpp" line="8134" status="run" result="completed" time="1.463" timestamp="2024-11-14T00:33:11.637" classname="CvRendererTest" />
    <testcase name="CvRenderer_Histogram_MarginXDefault" file="/home/tom/Desktop/tom/auto_tests/merlin_generated_tests.cpp" line="8153" status="run" result="completed" time="1.453" timestamp="2024-11-14T00:33:13.101" classname="CvRendererTest" />
    <testcase name="Update_CvRenderer_Histogram_MarginXDefault" file="/home/tom/Desktop/tom/auto_tests/merlin_generated_tests.cpp" line="8157" status="run" result="completed" time="1.458" timestamp="2024-11-14T00:33:14.554" classname="CvRendererTest" />
    <testcase name="CvRenderer_Histogram_MarginXRandom" file="/home/tom/Desktop/tom/auto_tests/merlin_generated_tests.cpp" line="8164" status="run" result="completed" time="1.458" timestamp="2024-11-14T00:33:16.013" classname="CvRendererTest" />
    <testcase name="Update_CvRenderer_Histogram_MarginXRandom" file="/home/tom/Desktop/tom/auto_tests/merlin_generated_tests.cpp" line="8169" status="run" result="completed" time="1.471" timestamp="2024-11-14T00:33:17.471" classname="CvRendererTest" />
    <testcase name="CvRenderer_Histogram_MarginYDefault" file="/home/tom/Desktop/tom/auto_tests/merlin_generated_tests.cpp" line="8179" status="run" result="completed" time="1.453" timestamp="2024-11-14T00:33:18.942" classname="CvRendererTest" />
    <testcase name="Update_CvRenderer_Histogram_MarginYDefault" file="/home/tom/Desktop/tom/auto_tests/merlin_generated_tests.cpp" line="8183" status="run" result="completed" time="1.443" timestamp="2024-11-14T00:33:20.395" classname="CvRendererTest" />
    <testcase name="CvRenderer_Histogram_MarginYRandom" file="/home/tom/Desktop/tom/auto_tests/merlin_generated_tests.cpp" line="8190" status="run" result="completed" time="1.453" timestamp="2024-11-14T00:33:21.839" classname="CvRendererTest" />
    <testcase name="Update_CvRenderer_Histogram_MarginYRandom" file="/home/tom/Desktop/tom/auto_tests/merlin_generated_tests.cpp" line="8195" status="run" result="completed" time="1.489" timestamp="2024-11-14T00:33:23.293" classname="CvRendererTest" />
    <testcase name="CvRenderer_Histogram_BinsDefault" file="/home/tom/Desktop/tom/auto_tests/merlin_generated_tests.cpp" line="8205" status="run" result="completed" time="1.46" timestamp="2024-11-14T00:33:24.782" classname="CvRendererTest" />
    <testcase name="Update_CvRenderer_Histogram_BinsDefault" file="/home/tom/Desktop/tom/auto_tests/merlin_generated_tests.cpp" line="8209" status="run" result="completed" time="1.458" timestamp="2024-11-14T00:33:26.242" classname="CvRendererTest" />
    <testcase name="CvRenderer_Histogram_BinsRange" file="/home/tom/Desktop/tom/auto_tests/merlin_generated_tests.cpp" line="8216" status="run" result="completed" time="1.489" timestamp="2024-11-14T00:33:27.701" classname="CvRendererTest" />
    <testcase name="Update_CvRenderer_Histogram_BinsRange" file="/home/tom/Desktop/tom/auto_tests/merlin_generated_tests.cpp" line="8225" status="run" result="completed" time="1.464" timestamp="2024-11-14T00:33:29.191" classname="CvRendererTest" />
    <testcase name="CvRenderer_Histogram_WidthDefault" file="/home/tom/Desktop/tom/auto_tests/merlin_generated_tests.cpp" line="8238" status="run" result="completed" time="1.459" timestamp="2024-11-14T00:33:30.655" classname="CvRendererTest" />
    <testcase name="Update_CvRenderer_Histogram_WidthDefault" file="/home/tom/Desktop/tom/auto_tests/merlin_generated_tests.cpp" line="8242" status="run" result="completed" time="1.468" timestamp="2024-11-14T00:33:32.115" classname="CvRendererTest" />
    <testcase name="CvRenderer_Histogram_WidthRange" file="/home/tom/Desktop/tom/auto_tests/merlin_generated_tests.cpp" line="8249" status="run" result="completed" time="1.462" timestamp="2024-11-14T00:33:33.583" classname="CvRendererTest" />
    <testcase name="Update_CvRenderer_Histogram_WidthRange" file="/home/tom/Desktop/tom/auto_tests/merlin_generated_tests.cpp" line="8258" status="run" result="completed" time="1.454" timestamp="2024-11-14T00:33:35.046" classname="CvRendererTest" />
    <testcase name="CvRenderer_Histogram_HeightDefault" file="/home/tom/Desktop/tom/auto_tests/merlin_generated_tests.cpp" line="8271" status="run" result="completed" time="1.477" timestamp="2024-11-14T00:33:36.500" classname="CvRendererTest" />
    <testcase name="Update_CvRenderer_Histogram_HeightDefault" file="/home/tom/Desktop/tom/auto_tests/merlin_generated_tests.cpp" line="8275" status="run" result="completed" time="1.462" timestamp="2024-11-14T00:33:37.977" classname="CvRendererTest" />
    <testcase name="CvRenderer_Histogram_HeightRange" file="/home/tom/Desktop/tom/auto_tests/merlin_generated_tests.cpp" line="8282" status="run" result="completed" time="1.465" timestamp="2024-11-14T00:33:39.440" classname="CvRendererTest" />
    <testcase name="Update_CvRenderer_Histogram_HeightRange" file="/home/tom/Desktop/tom/auto_tests/merlin_generated_tests.cpp" line="8291" status="run" result="completed" time="1.45" timestamp="2024-11-14T00:33:40.905" classname="CvRendererTest" />
    <testcase name="CvRenderer_Histogram_BackColorDefault" file="/home/tom/Desktop/tom/auto_tests/merlin_generated_tests.cpp" line="8304" status="run" result="completed" time="1.45" timestamp="2024-11-14T00:33:42.355" classname="CvRendererTest" />
    <testcase name="Update_CvRenderer_Histogram_BackColorDefault" file="/home/tom/Desktop/tom/auto_tests/merlin_generated_tests.cpp" line="8308" status="run" result="completed" time="1.465" timestamp="2024-11-14T00:33:43.805" classname="CvRendererTest" />
    <testcase name="CvRenderer_Histogram_BackColorRandom" file="/home/tom/Desktop/tom/auto_tests/merlin_generated_tests.cpp" line="8315" status="run" result="completed" time="1.46" timestamp="2024-11-14T00:33:45.270" classname="CvRendererTest" />
    <testcase name="Update_CvRenderer_Histogram_BackColorRandom" file="/home/tom/Desktop/tom/auto_tests/merlin_generated_tests.cpp" line="8320" status="run" result="completed" time="1.475" timestamp="2024-11-14T00:33:46.731" classname="CvRendererTest" />
    <testcase name="CvRenderer_Histogram_BackTransparencyDefault" file="/home/tom/Desktop/tom/auto_tests/merlin_generated_tests.cpp" line="8330" status="run" result="completed" time="1.454" timestamp="2024-11-14T00:33:48.207" classname="CvRendererTest" />
    <testcase name="Update_CvRenderer_Histogram_BackTransparencyDefault" file="/home/tom/Desktop/tom/auto_tests/merlin_generated_tests.cpp" line="8334" status="run" result="completed" time="1.471" timestamp="2024-11-14T00:33:49.661" classname="CvRendererTest" />
    <testcase name="CvRenderer_Histogram_BackTransparencyRange" file="/home/tom/Desktop/tom/auto_tests/merlin_generated_tests.cpp" line="8341" status="run" result="completed" time="1.452" timestamp="2024-11-14T00:33:51.133" classname="CvRendererTest" />
    <testcase name="Update_CvRenderer_Histogram_BackTransparencyRange" file="/home/tom/Desktop/tom/auto_tests/merlin_generated_tests.cpp" line="8350" status="run" result="completed" time="1.459" timestamp="2024-11-14T00:33:52.585" classname="CvRendererTest" />
    <testcase name="CvRenderer_Histogram_ColorBeforeDefault" file="/home/tom/Desktop/tom/auto_tests/merlin_generated_tests.cpp" line="8363" status="run" result="completed" time="1.457" timestamp="2024-11-14T00:33:54.044" classname="CvRendererTest" />
    <testcase name="Update_CvRenderer_Histogram_ColorBeforeDefault" file="/home/tom/Desktop/tom/auto_tests/merlin_generated_tests.cpp" line="8367" status="run" result="completed" time="1.456" timestamp="2024-11-14T00:33:55.502" classname="CvRendererTest" />
    <testcase name="CvRenderer_Histogram_ColorBeforeRandom" file="/home/tom/Desktop/tom/auto_tests/merlin_generated_tests.cpp" line="8374" status="run" result="completed" time="1.976" timestamp="2024-11-14T00:33:56.959" classname="CvRendererTest" />
    <testcase name="Update_CvRenderer_Histogram_ColorBeforeRandom" file="/home/tom/Desktop/tom/auto_tests/merlin_generated_tests.cpp" line="8379" status="run" result="completed" time="1.461" timestamp="2024-11-14T00:33:58.936" classname="CvRendererTest" />
    <testcase name="CvRenderer_Histogram_ColorAfterDefault" file="/home/tom/Desktop/tom/auto_tests/merlin_generated_tests.cpp" line="8389" status="run" result="completed" time="1.467" timestamp="2024-11-14T00:34:00.398" classname="CvRendererTest" />
    <testcase name="Update_CvRenderer_Histogram_ColorAfterDefault" file="/home/tom/Desktop/tom/auto_tests/merlin_generated_tests.cpp" line="8393" status="run" result="completed" time="1.459" timestamp="2024-11-14T00:34:01.866" classname="CvRendererTest" />
    <testcase name="CvRenderer_Histogram_ColorAfterRandom" file="/home/tom/Desktop/tom/auto_tests/merlin_generated_tests.cpp" line="8400" status="run" result="completed" time="1.464" timestamp="2024-11-14T00:34:03.325" classname="CvRendererTest" />
    <testcase name="Update_CvRenderer_Histogram_ColorAfterRandom" file="/home/tom/Desktop/tom/auto_tests/merlin_generated_tests.cpp" line="8405" status="run" result="completed" time="1.459" timestamp="2024-11-14T00:34:04.790" classname="CvRendererTest" />
  </testsuite>
  <testsuite name="PreviewModuleTest" tests="4" failures="1" disabled="0" skipped="0" errors="0" time="5.857" timestamp="2024-11-14T00:34:06.250">
    <testcase name="PreviewModule_EnableDefault" file="/home/tom/Desktop/tom/auto_tests/merlin_generated_tests.cpp" line="8440" status="run" result="completed" time="1.478" timestamp="2024-11-14T00:34:06.250" classname="PreviewModuleTest" />
    <testcase name="Update_PreviewModule_EnableDefault" file="/home/tom/Desktop/tom/auto_tests/merlin_generated_tests.cpp" line="8444" status="run" result="completed" time="1.462" timestamp="2024-11-14T00:34:07.728" classname="PreviewModuleTest" />
    <testcase name="PreviewModule_EnableRandom" file="/home/tom/Desktop/tom/auto_tests/merlin_generated_tests.cpp" line="8451" status="run" result="completed" time="1.461" timestamp="2024-11-14T00:34:09.191" classname="PreviewModuleTest" />
    <testcase name="Update_PreviewModule_EnableRandom" file="/home/tom/Desktop/tom/auto_tests/merlin_generated_tests.cpp" line="8456" status="run" result="completed" time="1.454" timestamp="2024-11-14T00:34:10.653" classname="PreviewModuleTest">
      <failure message="unknown file&#x0A;C++ exception with description &quot;Server error: Module with alias preview_module not registered&quot; thrown in the test body.&#x0A;" type=""><![CDATA[unknown file
C++ exception with description "Server error: Module with alias preview_module not registered" thrown in the test body.
]]></failure>
    </testcase>
  </testsuite>
  <testsuite name="GstSinkTest" tests="12" failures="0" disabled="0" skipped="0" errors="0" time="0.006" timestamp="2024-11-14T00:34:12.108">
    <testcase name="GstSink_StopOnErrorDefault" file="/home/tom/Desktop/tom/auto_tests/merlin_generated_tests.cpp" line="8475" status="run" result="completed" time="0." timestamp="2024-11-14T00:34:12.108" classname="GstSinkTest" />
    <testcase name="GstSink_StopOnErrorRandom" file="/home/tom/Desktop/tom/auto_tests/merlin_generated_tests.cpp" line="8479" status="run" result="completed" time="0." timestamp="2024-11-14T00:34:12.108" classname="GstSinkTest" />
    <testcase name="GstSink_SinkDefault" file="/home/tom/Desktop/tom/auto_tests/merlin_generated_tests.cpp" line="8485" status="run" result="completed" time="0." timestamp="2024-11-14T00:34:12.109" classname="GstSinkTest" />
    <testcase name="GstSink_SinkRandom" file="/home/tom/Desktop/tom/auto_tests/merlin_generated_tests.cpp" line="8489" status="run" result="completed" time="0." timestamp="2024-11-14T00:34:12.109" classname="GstSinkTest" />
    <testcase name="GstSink_UrlDefault" file="/home/tom/Desktop/tom/auto_tests/merlin_generated_tests.cpp" line="8495" status="run" result="completed" time="0." timestamp="2024-11-14T00:34:12.110" classname="GstSinkTest" />
    <testcase name="GstSink_UrlRandom" file="/home/tom/Desktop/tom/auto_tests/merlin_generated_tests.cpp" line="8499" status="run" result="completed" time="0." timestamp="2024-11-14T00:34:12.111" classname="GstSinkTest" />
    <testcase name="GstSink_FrameRateDefault" file="/home/tom/Desktop/tom/auto_tests/merlin_generated_tests.cpp" line="8505" status="run" result="completed" time="0." timestamp="2024-11-14T00:34:12.111" classname="GstSinkTest" />
    <testcase name="GstSink_FrameRateRandom" file="/home/tom/Desktop/tom/auto_tests/merlin_generated_tests.cpp" line="8509" status="run" result="completed" time="0." timestamp="2024-11-14T00:34:12.111" classname="GstSinkTest" />
    <testcase name="GstSink_KlvFormatDefault" file="/home/tom/Desktop/tom/auto_tests/merlin_generated_tests.cpp" line="8515" status="run" result="completed" time="0." timestamp="2024-11-14T00:34:12.112" classname="GstSinkTest" />
    <testcase name="GstSink_KlvFormatEnum" file="/home/tom/Desktop/tom/auto_tests/merlin_generated_tests.cpp" line="8520" status="run" result="completed" time="0." timestamp="2024-11-14T00:34:12.112" classname="GstSinkTest" />
    <testcase name="GstSink_WebSocketPortDefault" file="/home/tom/Desktop/tom/auto_tests/merlin_generated_tests.cpp" line="8528" status="run" result="completed" time="0." timestamp="2024-11-14T00:34:12.113" classname="GstSinkTest" />
    <testcase name="GstSink_WebSocketPortRange" file="/home/tom/Desktop/tom/auto_tests/merlin_generated_tests.cpp" line="8532" status="run" result="completed" time="0." timestamp="2024-11-14T00:34:12.113" classname="GstSinkTest" />
  </testsuite>
  <testsuite name="RecorderTest" tests="30" failures="0" disabled="0" skipped="0" errors="0" time="44.899" timestamp="2024-11-14T00:34:12.114">
    <testcase name="Recorder_EnableDefault" file="/home/tom/Desktop/tom/auto_tests/merlin_generated_tests.cpp" line="8567" status="run" result="completed" time="1.491" timestamp="2024-11-14T00:34:12.114" classname="RecorderTest" />
    <testcase name="Update_Recorder_EnableDefault" file="/home/tom/Desktop/tom/auto_tests/merlin_generated_tests.cpp" line="8571" status="run" result="completed" time="1.461" timestamp="2024-11-14T00:34:13.605" classname="RecorderTest" />
    <testcase name="Recorder_EnableRandom" file="/home/tom/Desktop/tom/auto_tests/merlin_generated_tests.cpp" line="8578" status="run" result="completed" time="1.455" timestamp="2024-11-14T00:34:15.067" classname="RecorderTest" />
    <testcase name="Update_Recorder_EnableRandom" file="/home/tom/Desktop/tom/auto_tests/merlin_generated_tests.cpp" line="8583" status="run" result="completed" time="1.461" timestamp="2024-11-14T00:34:16.522" classname="RecorderTest" />
    <testcase name="Recorder_FrameIdTypeDefault" file="/home/tom/Desktop/tom/auto_tests/merlin_generated_tests.cpp" line="8593" status="run" result="completed" time="1.457" timestamp="2024-11-14T00:34:17.983" classname="RecorderTest" />
    <testcase name="Recorder_FrameIdTypeEnum" file="/home/tom/Desktop/tom/auto_tests/merlin_generated_tests.cpp" line="8598" status="run" result="completed" time="1.452" timestamp="2024-11-14T00:34:19.440" classname="RecorderTest" />
    <testcase name="Recorder_Store_0__DataType0Default" file="/home/tom/Desktop/tom/auto_tests/merlin_generated_tests.cpp" line="8606" status="run" result="completed" time="1.467" timestamp="2024-11-14T00:34:20.893" classname="RecorderTest" />
    <testcase name="Recorder_Store_0__DataType0Enum" file="/home/tom/Desktop/tom/auto_tests/merlin_generated_tests.cpp" line="8611" status="run" result="completed" time="1.481" timestamp="2024-11-14T00:34:22.360" classname="RecorderTest" />
    <testcase name="Recorder_Store_0__Tag0Default" file="/home/tom/Desktop/tom/auto_tests/merlin_generated_tests.cpp" line="8647" status="run" result="completed" time="1.474" timestamp="2024-11-14T00:34:23.841" classname="RecorderTest" />
    <testcase name="Recorder_Store_0__Tag0Random" file="/home/tom/Desktop/tom/auto_tests/merlin_generated_tests.cpp" line="8651" status="run" result="completed" time="1.465" timestamp="2024-11-14T00:34:25.315" classname="RecorderTest" />
    <testcase name="Recorder_Store_0__Path0Default" file="/home/tom/Desktop/tom/auto_tests/merlin_generated_tests.cpp" line="8657" status="run" result="completed" time="1.454" timestamp="2024-11-14T00:34:26.781" classname="RecorderTest" />
    <testcase name="Recorder_Store_0__Path0Random" file="/home/tom/Desktop/tom/auto_tests/merlin_generated_tests.cpp" line="8661" status="run" result="completed" time="1.461" timestamp="2024-11-14T00:34:28.235" classname="RecorderTest" />
    <testcase name="Recorder_Store_1__DataType1Default" file="/home/tom/Desktop/tom/auto_tests/merlin_generated_tests.cpp" line="8667" status="run" result="completed" time="1.462" timestamp="2024-11-14T00:34:29.697" classname="RecorderTest" />
    <testcase name="Recorder_Store_1__DataType1Enum" file="/home/tom/Desktop/tom/auto_tests/merlin_generated_tests.cpp" line="8672" status="run" result="completed" time="1.454" timestamp="2024-11-14T00:34:31.159" classname="RecorderTest" />
    <testcase name="Recorder_Store_1__Tag1Default" file="/home/tom/Desktop/tom/auto_tests/merlin_generated_tests.cpp" line="8708" status="run" result="completed" time="1.966" timestamp="2024-11-14T00:34:32.614" classname="RecorderTest" />
    <testcase name="Recorder_Store_1__Tag1Random" file="/home/tom/Desktop/tom/auto_tests/merlin_generated_tests.cpp" line="8712" status="run" result="completed" time="1.459" timestamp="2024-11-14T00:34:34.581" classname="RecorderTest" />
    <testcase name="Recorder_Store_1__Path1Default" file="/home/tom/Desktop/tom/auto_tests/merlin_generated_tests.cpp" line="8718" status="run" result="completed" time="1.452" timestamp="2024-11-14T00:34:36.040" classname="RecorderTest" />
    <testcase name="Recorder_Store_1__Path1Random" file="/home/tom/Desktop/tom/auto_tests/merlin_generated_tests.cpp" line="8722" status="run" result="completed" time="1.458" timestamp="2024-11-14T00:34:37.492" classname="RecorderTest" />
    <testcase name="Recorder_SkipFramesDefault" file="/home/tom/Desktop/tom/auto_tests/merlin_generated_tests.cpp" line="8728" status="run" result="completed" time="1.464" timestamp="2024-11-14T00:34:38.951" classname="RecorderTest" />
    <testcase name="Recorder_SkipFramesRange" file="/home/tom/Desktop/tom/auto_tests/merlin_generated_tests.cpp" line="8732" status="run" result="completed" time="1.463" timestamp="2024-11-14T00:34:40.415" classname="RecorderTest" />
    <testcase name="Recorder_PathPrefixDefault" file="/home/tom/Desktop/tom/auto_tests/merlin_generated_tests.cpp" line="8742" status="run" result="completed" time="1.486" timestamp="2024-11-14T00:34:41.879" classname="RecorderTest" />
    <testcase name="Recorder_PathPrefixRandom" file="/home/tom/Desktop/tom/auto_tests/merlin_generated_tests.cpp" line="8746" status="run" result="completed" time="1.457" timestamp="2024-11-14T00:34:43.366" classname="RecorderTest" />
    <testcase name="Recorder_FrameFileTypeDefault" file="/home/tom/Desktop/tom/auto_tests/merlin_generated_tests.cpp" line="8752" status="run" result="completed" time="1.469" timestamp="2024-11-14T00:34:44.823" classname="RecorderTest" />
    <testcase name="Recorder_FrameFileTypeRandom" file="/home/tom/Desktop/tom/auto_tests/merlin_generated_tests.cpp" line="8756" status="run" result="completed" time="1.456" timestamp="2024-11-14T00:34:46.293" classname="RecorderTest" />
    <testcase name="Recorder_VideoFourCcDefault" file="/home/tom/Desktop/tom/auto_tests/merlin_generated_tests.cpp" line="8762" status="run" result="completed" time="1.966" timestamp="2024-11-14T00:34:47.749" classname="RecorderTest" />
    <testcase name="Recorder_VideoFourCcRandom" file="/home/tom/Desktop/tom/auto_tests/merlin_generated_tests.cpp" line="8766" status="run" result="completed" time="1.447" timestamp="2024-11-14T00:34:49.715" classname="RecorderTest" />
    <testcase name="Recorder_QualityDefault" file="/home/tom/Desktop/tom/auto_tests/merlin_generated_tests.cpp" line="8772" status="run" result="completed" time="1.459" timestamp="2024-11-14T00:34:51.163" classname="RecorderTest" />
    <testcase name="Recorder_QualityRandom" file="/home/tom/Desktop/tom/auto_tests/merlin_generated_tests.cpp" line="8776" status="run" result="completed" time="1.454" timestamp="2024-11-14T00:34:52.622" classname="RecorderTest" />
    <testcase name="Recorder_VideoFpsDefault" file="/home/tom/Desktop/tom/auto_tests/merlin_generated_tests.cpp" line="8782" status="run" result="completed" time="1.472" timestamp="2024-11-14T00:34:54.076" classname="RecorderTest" />
    <testcase name="Recorder_VideoFpsRandom" file="/home/tom/Desktop/tom/auto_tests/merlin_generated_tests.cpp" line="8786" status="run" result="completed" time="1.464" timestamp="2024-11-14T00:34:55.549" classname="RecorderTest" />
  </testsuite>
  <testsuite name="ContinuousTest" tests="3" failures="0" disabled="0" skipped="0" errors="0" time="15304.982" timestamp="2024-11-14T00:34:57.013">
    <testcase name="Run5MinTest" file="/home/tom/Desktop/tom/auto_tests/general_tests.cpp" line="192" status="run" result="completed" time="301.693" timestamp="2024-11-14T00:34:57.013" classname="ContinuousTest" />
    <testcase name="Run10MinTest" file="/home/tom/Desktop/tom/auto_tests/general_tests.cpp" line="233" status="run" result="completed" time="601.674" timestamp="2024-11-14T00:39:58.706" classname="ContinuousTest" />
    <testcase name="Run4HoursTest" file="/home/tom/Desktop/tom/auto_tests/general_tests.cpp" line="298" status="run" result="completed" time="14401.614" timestamp="2024-11-14T00:50:00.381" classname="ContinuousTest" />
  </testsuite>
  <testsuite name="GeneralTrackerRateTest" tests="1" failures="0" disabled="0" skipped="0" errors="0" time="29.079" timestamp="2024-11-14T04:50:01.996">
    <testcase name="TrackerRateOutput" file="/home/tom/Desktop/tom/auto_tests/general_tests.cpp" line="379" status="run" result="completed" time="29.079" timestamp="2024-11-14T04:50:01.996" classname="GeneralTrackerRateTest" />
  </testsuite>
  <testsuite name="GeneralGraphStructureTest" tests="1" failures="0" disabled="0" skipped="0" errors="0" time="3.217" timestamp="2024-11-14T04:50:31.075">
    <testcase name="GraphEdgeDuplications" file="/home/tom/Desktop/tom/auto_tests/general_tests.cpp" line="380" status="run" result="completed" time="3.217" timestamp="2024-11-14T04:50:31.075" classname="GeneralGraphStructureTest" />
  </testsuite>
  <testsuite name="GeneralTests/VideoStreams" tests="2" failures="0" disabled="0" skipped="0" errors="0" time="118.757" timestamp="2024-11-14T04:50:34.293">
    <testcase name="FlowTest/0" value_param="FlowSwitcherFlowId::Rgb" file="/home/tom/Desktop/tom/auto_tests/general_tests.cpp" line="179" status="run" result="completed" time="63.724" timestamp="2024-11-14T04:50:34.293" classname="GeneralTests/VideoStreams" />
    <testcase name="FlowTest/1" value_param="FlowSwitcherFlowId::Mwir" file="/home/tom/Desktop/tom/auto_tests/general_tests.cpp" line="179" status="run" result="completed" time="55.033" timestamp="2024-11-14T04:51:38.017" classname="GeneralTests/VideoStreams" />
  </testsuite>
</testsuites>
